main.c:105:6:HAL_SPI_TxCpltCallback	16	static
main.c:109:6:HAL_SPI_RxCpltCallback	16	static
main.c:113:6:nor_delay_us	16	static
main.c:124:6:nor_cs_assert	8	static
main.c:128:6:nor_cs_deassert	8	static
main.c:132:6:nor_spi_tx	16	static
main.c:139:6:nor_spi_rx	16	static
main.c:147:6:__init_nor	8	static
main.c:161:5:_fs_read	32	static
main.c:171:5:_fs_write	32	static
main.c:181:5:_fs_erase	16	static
main.c:189:5:_fs_sync	16	static
main.c:193:6:__init_littefs	16	static
main.c:222:6:__init_storage	8	static
main.c:237:5:main	16	static
main.c:320:6:SystemClock_Config	88	static
main.c:371:13:MX_RTC_Init	8	static
main.c:401:13:MX_SPI1_Init	8	static
main.c:439:13:MX_SPI2_Init	8	static
main.c:477:13:MX_USART1_UART_Init	8	static
main.c:510:13:MX_USART2_UART_Init	8	static
main.c:543:13:MX_USB_PCD_Init	8	static
main.c:572:13:MX_DMA_Init	16	static
main.c:599:13:MX_GPIO_Init	40	static
main.c:644:6:Error_Handler	4	static,ignoring_inline_asm
