MT25QL128ABA8ESF.c:26:6:Read_ID	72	static
MT25QL128ABA8ESF.c:60:6:ADDRESSING_MODE	24	static
MT25QL128ABA8ESF.c:90:6:Bulk_Read	32	static
MT25QL128ABA8ESF.c:113:9:Read_Byte_4B	32	static
MT25QL128ABA8ESF.c:138:6:Bulk_Read_4B	32	static
MT25QL128ABA8ESF.c:162:6:Page_Write	32	static
MT25QL128ABA8ESF.c:204:6:Page_Write_4B	32	static
MT25QL128ABA8ESF.c:250:6:Byte_Write_4B	32	static
MT25QL128ABA8ESF.c:278:9:Sector_Erase	32	static
MT25QL128ABA8ESF.c:324:9:Sector_Erase_4B	32	static
MT25QL128ABA8ESF.c:372:6:Chip_Erase	24	static
MT25QL128ABA8ESF.c:392:9:Status_Reg	24	static
MT25QL128ABA8ESF.c:406:9:Status_Reg_Flag	24	static
MT25QL128ABA8ESF.c:419:10:Status_Reg_NonVol	24	static
MT25QL128ABA8ESF.c:433:9:Status_Reg_Volatile	24	static
MT25QL128ABA8ESF.c:446:9:Status_Reg_Enhanced	24	static
MT25QL128ABA8ESF.c:459:9:Status_Reg_Extended	24	static
MT25QL128ABA8ESF.c:472:9:Status_Reg_General	24	static
MT25QL128ABA8ESF.c:487:9:Serial_Flash_Parameter	24	static
MT25QL128ABA8ESF.c:508:6:Status_Reg_Write	24	static
MT25QL128ABA8ESF.c:518:6:Status_Reg_Write_NonVol	24	static
MT25QL128ABA8ESF.c:532:6:Status_Reg_Write_Vol	24	static
MT25QL128ABA8ESF.c:542:6:Status_Reg_Write_Enhanced	24	static
MT25QL128ABA8ESF.c:552:6:Status_Reg_Write_Extended	24	static
MT25QL128ABA8ESF.c:562:6:Status_Reg_Clear_Flag	24	static
MT25QL128ABA8ESF.c:579:10:Read_Sector_Protection	24	static
MT25QL128ABA8ESF.c:597:6:Write_Sector_Protection	24	static
MT25QL128ABA8ESF.c:617:6:Reset_Memory	24	static
MT25QL128ABA8ESF.c:627:13:Reset_Enable	24	static
MT25QL128ABA8ESF.c:634:6:Write_Enable	24	static
MT25QL128ABA8ESF.c:643:13:Write_Disable	24	static
MT25QL128ABA8ESF.c:650:13:FM_Enable	16	static
MT25QL128ABA8ESF.c:657:13:FM_Disable	16	static
