Archive member included to satisfy reference by file (symbol)

c:/st/stm32cubeide_1.7.0/stm32cubeide/plugins/com.st.stm32cube.ide.mcu.externaltools.gnu-tools-for-stm32.9-2020-q2-update.win32_2.0.0.202105311346/tools/bin/../lib/gcc/arm-none-eabi/9.3.1/../../../../arm-none-eabi/lib/thumb/v7-m/nofp\libc_nano.a(lib_a-assert.o)
                              ./Core/Src/lfs.o (__assert_func)
c:/st/stm32cubeide_1.7.0/stm32cubeide/plugins/com.st.stm32cube.ide.mcu.externaltools.gnu-tools-for-stm32.9-2020-q2-update.win32_2.0.0.202105311346/tools/bin/../lib/gcc/arm-none-eabi/9.3.1/../../../../arm-none-eabi/lib/thumb/v7-m/nofp\libc_nano.a(lib_a-errno.o)
                              ./Core/Src/syscalls.o (__errno)
c:/st/stm32cubeide_1.7.0/stm32cubeide/plugins/com.st.stm32cube.ide.mcu.externaltools.gnu-tools-for-stm32.9-2020-q2-update.win32_2.0.0.202105311346/tools/bin/../lib/gcc/arm-none-eabi/9.3.1/../../../../arm-none-eabi/lib/thumb/v7-m/nofp\libc_nano.a(lib_a-exit.o)
                              c:/st/stm32cubeide_1.7.0/stm32cubeide/plugins/com.st.stm32cube.ide.mcu.externaltools.gnu-tools-for-stm32.9-2020-q2-update.win32_2.0.0.202105311346/tools/bin/../lib/gcc/arm-none-eabi/9.3.1/../../../../arm-none-eabi/lib/thumb/v7-m/nofp/crt0.o (exit)
c:/st/stm32cubeide_1.7.0/stm32cubeide/plugins/com.st.stm32cube.ide.mcu.externaltools.gnu-tools-for-stm32.9-2020-q2-update.win32_2.0.0.202105311346/tools/bin/../lib/gcc/arm-none-eabi/9.3.1/../../../../arm-none-eabi/lib/thumb/v7-m/nofp\libc_nano.a(lib_a-fprintf.o)
                              c:/st/stm32cubeide_1.7.0/stm32cubeide/plugins/com.st.stm32cube.ide.mcu.externaltools.gnu-tools-for-stm32.9-2020-q2-update.win32_2.0.0.202105311346/tools/bin/../lib/gcc/arm-none-eabi/9.3.1/../../../../arm-none-eabi/lib/thumb/v7-m/nofp\libc_nano.a(lib_a-assert.o) (fiprintf)
c:/st/stm32cubeide_1.7.0/stm32cubeide/plugins/com.st.stm32cube.ide.mcu.externaltools.gnu-tools-for-stm32.9-2020-q2-update.win32_2.0.0.202105311346/tools/bin/../lib/gcc/arm-none-eabi/9.3.1/../../../../arm-none-eabi/lib/thumb/v7-m/nofp\libc_nano.a(lib_a-impure.o)
                              c:/st/stm32cubeide_1.7.0/stm32cubeide/plugins/com.st.stm32cube.ide.mcu.externaltools.gnu-tools-for-stm32.9-2020-q2-update.win32_2.0.0.202105311346/tools/bin/../lib/gcc/arm-none-eabi/9.3.1/../../../../arm-none-eabi/lib/thumb/v7-m/nofp\libc_nano.a(lib_a-exit.o) (_global_impure_ptr)
c:/st/stm32cubeide_1.7.0/stm32cubeide/plugins/com.st.stm32cube.ide.mcu.externaltools.gnu-tools-for-stm32.9-2020-q2-update.win32_2.0.0.202105311346/tools/bin/../lib/gcc/arm-none-eabi/9.3.1/../../../../arm-none-eabi/lib/thumb/v7-m/nofp\libc_nano.a(lib_a-init.o)
                              c:/st/stm32cubeide_1.7.0/stm32cubeide/plugins/com.st.stm32cube.ide.mcu.externaltools.gnu-tools-for-stm32.9-2020-q2-update.win32_2.0.0.202105311346/tools/bin/../lib/gcc/arm-none-eabi/9.3.1/../../../../arm-none-eabi/lib/thumb/v7-m/nofp/crt0.o (__libc_init_array)
c:/st/stm32cubeide_1.7.0/stm32cubeide/plugins/com.st.stm32cube.ide.mcu.externaltools.gnu-tools-for-stm32.9-2020-q2-update.win32_2.0.0.202105311346/tools/bin/../lib/gcc/arm-none-eabi/9.3.1/../../../../arm-none-eabi/lib/thumb/v7-m/nofp\libc_nano.a(lib_a-malloc.o)
                              ./Core/Src/lfs.o (malloc)
c:/st/stm32cubeide_1.7.0/stm32cubeide/plugins/com.st.stm32cube.ide.mcu.externaltools.gnu-tools-for-stm32.9-2020-q2-update.win32_2.0.0.202105311346/tools/bin/../lib/gcc/arm-none-eabi/9.3.1/../../../../arm-none-eabi/lib/thumb/v7-m/nofp\libc_nano.a(lib_a-memcmp.o)
                              ./Core/Src/lfs.o (memcmp)
c:/st/stm32cubeide_1.7.0/stm32cubeide/plugins/com.st.stm32cube.ide.mcu.externaltools.gnu-tools-for-stm32.9-2020-q2-update.win32_2.0.0.202105311346/tools/bin/../lib/gcc/arm-none-eabi/9.3.1/../../../../arm-none-eabi/lib/thumb/v7-m/nofp\libc_nano.a(lib_a-memcpy-stub.o)
                              ./Core/Src/lfs.o (memcpy)
c:/st/stm32cubeide_1.7.0/stm32cubeide/plugins/com.st.stm32cube.ide.mcu.externaltools.gnu-tools-for-stm32.9-2020-q2-update.win32_2.0.0.202105311346/tools/bin/../lib/gcc/arm-none-eabi/9.3.1/../../../../arm-none-eabi/lib/thumb/v7-m/nofp\libc_nano.a(lib_a-memset.o)
                              c:/st/stm32cubeide_1.7.0/stm32cubeide/plugins/com.st.stm32cube.ide.mcu.externaltools.gnu-tools-for-stm32.9-2020-q2-update.win32_2.0.0.202105311346/tools/bin/../lib/gcc/arm-none-eabi/9.3.1/../../../../arm-none-eabi/lib/thumb/v7-m/nofp/crt0.o (memset)
c:/st/stm32cubeide_1.7.0/stm32cubeide/plugins/com.st.stm32cube.ide.mcu.externaltools.gnu-tools-for-stm32.9-2020-q2-update.win32_2.0.0.202105311346/tools/bin/../lib/gcc/arm-none-eabi/9.3.1/../../../../arm-none-eabi/lib/thumb/v7-m/nofp\libc_nano.a(lib_a-nano-freer.o)
[...]
Memory Configuration

Name             Origin             Length             Attributes
RAM              0x0000000020000000 0x0000000000005000 xrw
FLASH            0x0000000008000000 0x0000000000020000 xr
*default*        0x0000000000000000 0xffffffffffffffff

Linker script and memory map

LOAD c:/st/stm32cubeide_1.7.0/stm32cubeide/plugins/com.st.stm32cube.ide.mcu.externaltools.gnu-tools-for-stm32.9-2020-q2-update.win32_2.0.0.202105311346/tools/bin/../lib/gcc/arm-none-eabi/9.3.1/thumb/v7-m/nofp/crti.o
LOAD c:/st/stm32cubeide_1.7.0/stm32cubeide/plugins/com.st.stm32cube.ide.mcu.externaltools.gnu-tools-for-stm32.9-2020-q2-update.win32_2.0.0.202105311346/tools/bin/../lib/gcc/arm-none-eabi/9.3.1/thumb/v7-m/nofp/crtbegin.o
LOAD c:/st/stm32cubeide_1.7.0/stm32cubeide/plugins/com.st.stm32cube.ide.mcu.externaltools.gnu-tools-for-stm32.9-2020-q2-update.win32_2.0.0.202105311346/tools/bin/../lib/gcc/arm-none-eabi/9.3.1/../../../../arm-none-eabi/lib/thumb/v7-m/nofp/crt0.o
LOAD ./Core/Src/MT25Q.o
LOAD ./Core/Src/lfs.o
LOAD ./Core/Src/lfs_util.o
LOAD ./Core/Src/main.o
LOAD ./Core/Src/stm32f1xx_hal_msp.o
LOAD ./Core/Src/stm32f1xx_it.o
LOAD ./Core/Src/syscalls.o
LOAD ./Core/Src/sysmem.o
LOAD ./Core/Src/system_stm32f1xx.o
LOAD ./Core/Startup/startup_stm32f103c8tx.o
LOAD ./Drivers/STM32F1xx_HAL_Driver/Src/stm32f1xx_hal.o
LOAD ./Drivers/STM32F1xx_HAL_Driver/Src/stm32f1xx_hal_cortex.o
LOAD ./Drivers/STM32F1xx_HAL_Driver/Src/stm32f1xx_hal_dma.o
LOAD ./Drivers/STM32F1xx_HAL_Driver/Src/stm32f1xx_hal_exti.o
LOAD ./Drivers/STM32F1xx_HAL_Driver/Src/stm32f1xx_hal_flash.o
LOAD ./Drivers/STM32F1xx_HAL_Driver/Src/stm32f1xx_hal_flash_ex.o
LOAD ./Drivers/STM32F1xx_HAL_Driver/Src/stm32f1xx_hal_gpio.o
LOAD ./Drivers/STM32F1xx_HAL_Driver/Src/stm32f1xx_hal_gpio_ex.o
LOAD ./Drivers/STM32F1xx_HAL_Driver/Src/stm32f1xx_hal_pcd.o
LOAD ./Drivers/STM32F1xx_HAL_Driver/Src/stm32f1xx_hal_pcd_ex.o
LOAD ./Drivers/STM32F1xx_HAL_Driver/Src/stm32f1xx_hal_pwr.o
LOAD ./Drivers/STM32F1xx_HAL_Driver/Src/stm32f1xx_hal_rcc.o
LOAD ./Drivers/STM32F1xx_HAL_Driver/Src/stm32f1xx_hal_rcc_ex.o
LOAD ./Drivers/STM32F1xx_HAL_Driver/Src/stm32f1xx_hal_rtc.o
LOAD ./Drivers/STM32F1xx_HAL_Driver/Src/stm32f1xx_hal_rtc_ex.o
LOAD ./Drivers/STM32F1xx_HAL_Driver/Src/stm32f1xx_hal_spi.o
LOAD ./Drivers/STM32F1xx_HAL_Driver/Src/stm32f1xx_hal_tim.o
LOAD ./Drivers/STM32F1xx_HAL_Driver/Src/stm32f1xx_hal_tim_ex.o
LOAD ./Drivers/STM32F1xx_HAL_Driver/Src/stm32f1xx_hal_uart.o
LOAD ./Drivers/STM32F1xx_HAL_Driver/Src/stm32f1xx_ll_usb.o
LOAD ./Middlewares/ST/STM32_USB_Device_Library/Class/CDC/Src/usbd_cdc.o
LOAD ./Middlewares/ST/STM32_USB_Device_Library/Core/Src/usbd_core.o
LOAD ./Middlewares/ST/STM32_USB_Device_Library/Core/Src/usbd_ctlreq.o
LOAD ./Middlewares/ST/STM32_USB_Device_Library/Core/Src/usbd_ioreq.o
LOAD ./USB_DEVICE/App/usb_device.o
LOAD ./USB_DEVICE/App/usbd_cdc_if.o
LOAD ./USB_DEVICE/App/usbd_desc.o
LOAD ./USB_DEVICE/Target/usbd_conf.o
START GROUP
LOAD c:/st/stm32cubeide_1.7.0/stm32cubeide/plugins/com.st.stm32cube.ide.mcu.externaltools.gnu-tools-for-stm32.9-2020-q2-update.win32_2.0.0.202105311346/tools/bin/../lib/gcc/arm-none-eabi/9.3.1/../../../../arm-none-eabi/lib/thumb/v7-m/nofp\libc_nano.a
LOAD c:/st/stm32cubeide_1.7.0/stm32cubeide/plugins/com.st.stm32cube.ide.mcu.externaltools.gnu-tools-for-stm32.9-2020-q2-update.win32_2.0.0.202105311346/tools/bin/../lib/gcc/arm-none-eabi/9.3.1/../../../../arm-none-eabi/lib/thumb/v7-m/nofp\libm.a
END GROUP
START GROUP
LOAD c:/st/stm32cubeide_1.7.0/stm32cubeide/plugins/com.st.stm32cube.ide.mcu.externaltools.gnu-tools-for-stm32.9-2020-q2-update.win32_2.0.0.202105311346/tools/bin/../lib/gcc/arm-none-eabi/9.3.1/thumb/v7-m/nofp\libgcc.a
LOAD c:/st/stm32cubeide_1.7.0/stm32cubeide/plugins/com.st.stm32cube.ide.mcu.externaltools.gnu-tools-for-stm32.9-2020-q2-update.win32_2.0.0.202105311346/tools/bin/../lib/gcc/arm-none-eabi/9.3.1/../../../../arm-none-eabi/lib/thumb/v7-m/nofp\libc_nano.a
END GROUP
START GROUP
LOAD c:/st/stm32cubeide_1.7.0/stm32cubeide/plugins/com.st.stm32cube.ide.mcu.externaltools.gnu-tools-for-stm32.9-2020-q2-update.win32_2.0.0.202105311346/tools/bin/../lib/gcc/arm-none-eabi/9.3.1/thumb/v7-m/nofp\libgcc.a
LOAD c:/st/stm32cubeide_1.7.0/stm32cubeide/plugins/com.st.stm32cube.ide.mcu.externaltools.gnu-tools-for-stm32.9-2020-q2-update.win32_2.0.0.202105311346/tools/bin/../lib/gcc/arm-none-eabi/9.3.1/../../../../arm-none-eabi/lib/thumb/v7-m/nofp\libc_nano.a
LOAD c:/st/stm32cubeide_1.7.0/stm32cubeide/plugins/com.st.stm32cube.ide.mcu.externaltools.gnu-tools-for-stm32.9-2020-q2-update.win32_2.0.0.202105311346/tools/bin/../lib/gcc/arm-none-eabi/9.3.1/../../../../arm-none-eabi/lib/thumb/v7-m/nofp\libnosys.a
END GROUP
START GROUP
LOAD c:/st/stm32cubeide_1.7.0/stm32cubeide/plugins/com.st.stm32cube.ide.mcu.externaltools.gnu-tools-for-stm32.9-2020-q2-update.win32_2.0.0.202105311346/tools/bin/../lib/gcc/arm-none-eabi/9.3.1/thumb/v7-m/nofp\libgcc.a
LOAD c:/st/stm32cubeide_1.7.0/stm32cubeide/plugins/com.st.stm32cube.ide.mcu.externaltools.gnu-tools-for-stm32.9-2020-q2-update.win32_2.0.0.202105311346/tools/bin/../lib/gcc/arm-none-eabi/9.3.1/../../../../arm-none-eabi/lib/thumb/v7-m/nofp\libc_nano.a
LOAD c:/st/stm32cubeide_1.7.0/stm32cubeide/plugins/com.st.stm32cube.ide.mcu.externaltools.gnu-tools-for-stm32.9-2020-q2-update.win32_2.0.0.202105311346/tools/bin/../lib/gcc/arm-none-eabi/9.3.1/../../../../arm-none-eabi/lib/thumb/v7-m/nofp\libnosys.a
END GROUP
LOAD c:/st/stm32cubeide_1.7.0/stm32cubeide/plugins/com.st.stm32cube.ide.mcu.externaltools.gnu-tools-for-stm32.9-2020-q2-update.win32_2.0.0.202105311346/tools/bin/../lib/gcc/arm-none-eabi/9.3.1/thumb/v7-m/nofp/crtend.o
LOAD c:/st/stm32cubeide_1.7.0/stm32cubeide/plugins/com.st.stm32cube.ide.mcu.externaltools.gnu-tools-for-stm32.9-2020-q2-update.win32_2.0.0.202105311346/tools/bin/../lib/gcc/arm-none-eabi/9.3.1/thumb/v7-m/nofp/crtn.o
                0x0000000020005000                _estack = (ORIGIN (RAM) + LENGTH (RAM))
                0x0000000000000200                _Min_Heap_Size = 0x200
                0x0000000000000400                _Min_Stack_Size = 0x400

.isr_vector     0x0000000008000000      0x10c
                0x0000000008000000                . = ALIGN (0x4)
 *(.isr_vector)
 .isr_vector    0x0000000008000000      0x10c ./Core/Startup/startup_stm32f103c8tx.o
                0x0000000008000000                g_pfnVectors
                0x000000000800010c                . = ALIGN (0x4)

.text           0x000000000800010c    0x11f18
                0x000000000800010c                . = ALIGN (0x4)
 *(.text)
 .text          0x000000000800010c       0x40 c:/st/stm32cubeide_1.7.0/stm32cubeide/plugins/com.st.stm32cube.ide.mcu.externaltools.gnu-tools-for-stm32.9-2020-q2-update.win32_2.0.0.202105311346/tools/bin/../lib/gcc/arm-none-eabi/9.3.1/thumb/v7-m/nofp/crtbegin.o
 .text          0x000000000800014c       0x10 c:/st/stm32cubeide_1.7.0/stm32cubeide/plugins/com.st.stm32cube.ide.mcu.externaltools.gnu-tools-for-stm32.9-2020-q2-update.win32_2.0.0.202105311346/tools/bin/../lib/gcc/arm-none-eabi/9.3.1/../../../../arm-none-eabi/lib/thumb/v7-m/nofp\libc_nano.a(lib_a-strlen.o)
                0x000000000800014c                strlen
 .text          0x000000000800015c       0x28 c:/st/stm32cubeide_1.7.0/stm32cubeide/plugins/com.st.stm32cube.ide.mcu.externaltools.gnu-tools-for-stm32.9-2020-q2-update.win32_2.0.0.202105311346/tools/bin/../lib/gcc/arm-none-eabi/9.3.1/thumb/v7-m/nofp\libgcc.a(_popcountsi2.o)
                0x000000000800015c                __popcountsi2
 *(.text*)
 .text.Read_ID  0x0000000008000184       0x92 ./Core/Src/MT25Q.o
                0x0000000008000184                Read_ID
 .text.Bulk_Read_4B
                0x0000000008000216       0x64 ./Core/Src/MT25Q.o
                0x0000000008000216                Bulk_Read_4B
 .text.Page_Write_4B
                0x000000000800027a      0x10c ./Core/Src/MT25Q.o
                0x000000000800027a                Page_Write_4B
 .text.Sector_Erase_4B
                0x0000000008000386      0x104 ./Core/Src/MT25Q.o
                0x0000000008000386                Sector_Erase_4B
 .text.Write_Enable
                0x000000000800048a       0x3c ./Core/Src/MT25Q.o
                0x000000000800048a                Write_Enable
 *fill*         0x00000000080004c6        0x2 
 .text.FM_Enable
                0x00000000080004c8       0x34 ./Core/Src/MT25Q.o
 .text.FM_Disable
                0x00000000080004fc       0x34 ./Core/Src/MT25Q.o
 .text.lfs_max  0x0000000008000530       0x1e ./Core/Src/lfs.o
 .text.lfs_min  0x000000000800054e       0x1e ./Core/Src/lfs.o
 .text.lfs_aligndown
                0x000000000800056c       0x28 ./Core/Src/lfs.o
 .text.lfs_alignup
                0x0000000008000594       0x24 ./Core/Src/lfs.o
 .text.lfs_npw2
                0x00000000080005b8       0x1e ./Core/Src/lfs.o
 .text.lfs_ctz  0x00000000080005d6       0x1c ./Core/Src/lfs.o
 .text.lfs_popc
                0x00000000080005f2       0x18 ./Core/Src/lfs.o
 .text.lfs_scmp
                0x000000000800060a       0x1a ./Core/Src/lfs.o
 .text.lfs_fromle32
                0x0000000008000624       0x14 ./Core/Src/lfs.o
 .text.lfs_tole32
                0x0000000008000638       0x18 ./Core/Src/lfs.o
 .text.lfs_frombe32
                0x0000000008000650       0x16 ./Core/Src/lfs.o
 .text.lfs_tobe32
                0x0000000008000666       0x18 ./Core/Src/lfs.o
 .text.lfs_malloc
                0x000000000800067e       0x18 ./Core/Src/lfs.o
 .text.lfs_free
                0x0000000008000696       0x16 ./Core/Src/lfs.o
 .text.lfs_cache_drop
                0x00000000080006ac       0x1c ./Core/Src/lfs.o
 .text.lfs_cache_zero
                0x00000000080006c8       0x2c ./Core/Src/lfs.o
 .text.lfs_bd_read
                0x00000000080006f4      0x298 ./Core/Src/lfs.o
 .text.lfs_bd_cmp
                0x000000000800098c       0xa2 ./Core/Src/lfs.o
 .text.lfs_bd_crc
                0x0000000008000a2e       0x8c ./Core/Src/lfs.o
 *fill*         0x0000000008000aba        0x2 
 .text.lfs_bd_flush
                0x0000000008000abc       0xf4 ./Core/Src/lfs.o
 .text.lfs_bd_sync
                0x0000000008000bb0       0x68 ./Core/Src/lfs.o
 .text.lfs_bd_prog
                0x0000000008000c18      0x158 ./Core/Src/lfs.o
 .text.lfs_bd_erase
                0x0000000008000d70       0x64 ./Core/Src/lfs.o
 .text.lfs_pair_swap
                0x0000000008000dd4       0x28 ./Core/Src/lfs.o
 .text.lfs_pair_isnull
                0x0000000008000dfc       0x34 ./Core/Src/lfs.o
 .text.lfs_pair_cmp
                0x0000000008000e30       0x52 ./Core/Src/lfs.o
 .text.lfs_pair_issync
                0x0000000008000e82       0x58 ./Core/Src/lfs.o
 .text.lfs_pair_fromle32
                0x0000000008000eda       0x34 ./Core/Src/lfs.o
 .text.lfs_pair_tole32
                0x0000000008000f0e       0x34 ./Core/Src/lfs.o
 .text.lfs_tag_isvalid
                0x0000000008000f42       0x1a ./Core/Src/lfs.o
 .text.lfs_tag_isdelete
                0x0000000008000f5c       0x24 ./Core/Src/lfs.o
 .text.lfs_tag_type1
                0x0000000008000f80       0x1e ./Core/Src/lfs.o
 .text.lfs_tag_type2
                0x0000000008000f9e       0x1e ./Core/Src/lfs.o
 .text.lfs_tag_type3
                0x0000000008000fbc       0x1e ./Core/Src/lfs.o
 .text.lfs_tag_chunk
                0x0000000008000fda       0x18 ./Core/Src/lfs.o
 .text.lfs_tag_splice
                0x0000000008000ff2       0x1a ./Core/Src/lfs.o
 .text.lfs_tag_id
                0x000000000800100c       0x1e ./Core/Src/lfs.o
 .text.lfs_tag_size
                0x000000000800102a       0x18 ./Core/Src/lfs.o
 .text.lfs_tag_dsize
                0x0000000008001042       0x28 ./Core/Src/lfs.o
 .text.lfs_gstate_xor
                0x000000000800106a       0x48 ./Core/Src/lfs.o
 .text.lfs_gstate_iszero
                0x00000000080010b2       0x38 ./Core/Src/lfs.o
 .text.lfs_gstate_hasorphans
                0x00000000080010ea       0x26 ./Core/Src/lfs.o
 .text.lfs_gstate_getorphans
                0x0000000008001110       0x1e ./Core/Src/lfs.o
 .text.lfs_gstate_hasmove
                0x000000000800112e       0x26 ./Core/Src/lfs.o
 .text.lfs_gstate_needssuperblock
                0x0000000008001154       0x28 ./Core/Src/lfs.o
 .text.lfs_gstate_hasmovehere
                0x000000000800117c       0x40 ./Core/Src/lfs.o
 .text.lfs_gstate_fromle32
                0x00000000080011bc       0x40 ./Core/Src/lfs.o
 .text.lfs_gstate_tole32
                0x00000000080011fc       0x40 ./Core/Src/lfs.o
 .text.lfs_fcrc_fromle32
                0x000000000800123c       0x30 ./Core/Src/lfs.o
 .text.lfs_fcrc_tole32
                0x000000000800126c       0x30 ./Core/Src/lfs.o
 .text.lfs_ctz_fromle32
                0x000000000800129c       0x30 ./Core/Src/lfs.o
 .text.lfs_ctz_tole32
                0x00000000080012cc       0x30 ./Core/Src/lfs.o
 .text.lfs_superblock_fromle32
                0x00000000080012fc       0x70 ./Core/Src/lfs.o
 .text.lfs_superblock_tole32
                0x000000000800136c       0x70 ./Core/Src/lfs.o
 .text.lfs_mlist_isopen
                0x00000000080013dc       0x38 ./Core/Src/lfs.o
 .text.lfs_mlist_remove
                0x0000000008001414       0x42 ./Core/Src/lfs.o
 .text.lfs_mlist_append
                0x0000000008001456       0x22 ./Core/Src/lfs.o
 .text.lfs_fs_disk_version
                0x0000000008001478       0x18 ./Core/Src/lfs.o
 .text.lfs_fs_disk_version_major
                0x0000000008001490       0x1c ./Core/Src/lfs.o
 .text.lfs_fs_disk_version_minor
                0x00000000080014ac       0x1a ./Core/Src/lfs.o
 .text.lfs_alloc_ckpoint
                0x00000000080014c6       0x1a ./Core/Src/lfs.o
 .text.lfs_alloc_drop
                0x00000000080014e0       0x22 ./Core/Src/lfs.o
 .text.lfs_alloc_lookahead
                0x0000000008001502       0x68 ./Core/Src/lfs.o
 *fill*         0x000000000800156a        0x2 
 .text.lfs_alloc_scan
                0x000000000800156c       0x84 ./Core/Src/lfs.o
 .text.lfs_alloc
                0x00000000080015f0      0x110 ./Core/Src/lfs.o
 .text.lfs_dir_getslice
                0x0000000008001700      0x1ec ./Core/Src/lfs.o
 .text.lfs_dir_get
                0x00000000080018ec       0x36 ./Core/Src/lfs.o
 .text.lfs_dir_getread
                0x0000000008001922      0x1b6 ./Core/Src/lfs.o
 .text.lfs_dir_traverse_filter
                0x0000000008001ad8       0xb8 ./Core/Src/lfs.o
 .text.lfs_dir_traverse
                0x0000000008001b90      0x820 ./Core/Src/lfs.o
 .text.lfs_dir_fetchmatch
                0x00000000080023b0      0x790 ./Core/Src/lfs.o
 .text.lfs_dir_fetch
                0x0000000008002b40       0x36 ./Core/Src/lfs.o
 *fill*         0x0000000008002b76        0x2 
 .text.lfs_dir_getgstate
                0x0000000008002b78       0x64 ./Core/Src/lfs.o
 .text.lfs_dir_find_match
                0x0000000008002bdc       0x92 ./Core/Src/lfs.o
 *fill*         0x0000000008002c6e        0x2 
 .text.lfs_dir_find
                0x0000000008002c70      0x1f4 ./Core/Src/lfs.o
 .text.lfs_dir_commitprog
                0x0000000008002e64       0x6c ./Core/Src/lfs.o
 .text.lfs_dir_commitattr
                0x0000000008002ed0      0x100 ./Core/Src/lfs.o
 .text.lfs_dir_commitcrc
                0x0000000008002fd0      0x2e0 ./Core/Src/lfs.o
 .text.lfs_dir_alloc
                0x00000000080032b0       0xf2 ./Core/Src/lfs.o
 .text.lfs_dir_split
                0x00000000080033a2       0xa8 ./Core/Src/lfs.o
 .text.lfs_dir_commit_size
                0x000000000800344a       0x2c ./Core/Src/lfs.o
 .text.lfs_dir_commit_commit
                0x0000000008003476       0x2a ./Core/Src/lfs.o
 .text.lfs_dir_needsrelocation
                0x00000000080034a0       0x4a ./Core/Src/lfs.o
 *fill*         0x00000000080034ea        0x2 
 .text.lfs_dir_compact
                0x00000000080034ec      0x3ec ./Core/Src/lfs.o
 .text.lfs_dir_splittingcompact
                0x00000000080038d8      0x230 ./Core/Src/lfs.o
 .text.lfs_dir_relocatingcommit
                0x0000000008003b08      0x580 ./Core/Src/lfs.o
 .text.lfs_dir_orphaningcommit
                0x0000000008004088      0x5f4 ./Core/Src/lfs.o
 .text.lfs_dir_commit
                0x000000000800467c       0x4a ./Core/Src/lfs.o
 .text.lfs_ctz_index
                0x00000000080046c6       0x70 ./Core/Src/lfs.o
 .text.lfs_ctz_find
                0x0000000008004736       0xd6 ./Core/Src/lfs.o
 .text.lfs_ctz_extend
                0x000000000800480c      0x210 ./Core/Src/lfs.o
 .text.lfs_ctz_traverse
                0x0000000008004a1c       0xfc ./Core/Src/lfs.o
 .text.lfs_file_opencfg_
                0x0000000008004b18      0x3a0 ./Core/Src/lfs.o
 .text.lfs_file_open_
                0x0000000008004eb8       0x30 ./Core/Src/lfs.o
 .text.lfs_file_close_
                0x0000000008004ee8       0x3a ./Core/Src/lfs.o
 *fill*         0x0000000008004f22        0x2 
 .text.lfs_file_relocate
                0x0000000008004f24      0x1b4 ./Core/Src/lfs.o
 .text.lfs_file_outline
                0x00000000080050d8       0x42 ./Core/Src/lfs.o
 *fill*         0x000000000800511a        0x2 
 .text.lfs_file_flush
                0x000000000800511c      0x1a8 ./Core/Src/lfs.o
 .text.lfs_file_sync_
                0x00000000080052c4      0x140 ./Core/Src/lfs.o
 .text.lfs_file_flushedread
                0x0000000008005404      0x1a4 ./Core/Src/lfs.o
 .text.lfs_file_read_
                0x00000000080055a8       0x6c ./Core/Src/lfs.o
 .text.lfs_file_flushedwrite
                0x0000000008005614      0x21e ./Core/Src/lfs.o
 *fill*         0x0000000008005832        0x2 
 .text.lfs_file_write_
                0x0000000008005834      0x108 ./Core/Src/lfs.o
 .text.lfs_file_seek_
                0x000000000800593c      0x112 ./Core/Src/lfs.o
 .text.lfs_file_rewind_
                0x0000000008005a4e       0x2c ./Core/Src/lfs.o
 .text.lfs_file_size_
                0x0000000008005a7a       0x36 ./Core/Src/lfs.o
 .text.lfs_init
                0x0000000008005ab0      0x4c4 ./Core/Src/lfs.o
 .text.lfs_deinit
                0x0000000008005f74       0x4e ./Core/Src/lfs.o
 *fill*         0x0000000008005fc2        0x2 
 .text.lfs_format_
                0x0000000008005fc4      0x164 ./Core/Src/lfs.o
 .text.lfs_mount_
                0x0000000008006128      0x440 ./Core/Src/lfs.o
 .text.lfs_unmount_
                0x0000000008006568       0x18 ./Core/Src/lfs.o
 .text.lfs_fs_traverse_
                0x0000000008006580      0x2a4 ./Core/Src/lfs.o
 .text.lfs_fs_pred
                0x0000000008006824       0xe0 ./Core/Src/lfs.o
 .text.lfs_fs_parent_match
                0x0000000008006904       0x84 ./Core/Src/lfs.o
 .text.lfs_fs_parent
                0x0000000008006988      0x104 ./Core/Src/lfs.o
 .text.lfs_fs_prepsuperblock
                0x0000000008006a8c       0x28 ./Core/Src/lfs.o
 .text.lfs_fs_preporphans
                0x0000000008006ab4       0xa0 ./Core/Src/lfs.o
 .text.lfs_fs_prepmove
                0x0000000008006b54       0x74 ./Core/Src/lfs.o
 .text.lfs_fs_desuperblock
                0x0000000008006bc8       0xd8 ./Core/Src/lfs.o
 .text.lfs_fs_demove
                0x0000000008006ca0       0xf8 ./Core/Src/lfs.o
 .text.lfs_fs_deorphan
                0x0000000008006d98      0x360 ./Core/Src/lfs.o
 .text.lfs_fs_forceconsistency
                0x00000000080070f8       0x4a ./Core/Src/lfs.o
 .text.lfs_fs_size_count
                0x0000000008007142       0x24 ./Core/Src/lfs.o
 *fill*         0x0000000008007166        0x2 
 .text.lfs_fs_size_
                0x0000000008007168       0x34 ./Core/Src/lfs.o
 .text.lfs_format
                0x000000000800719c       0x2c ./Core/Src/lfs.o
                0x000000000800719c                lfs_format
 .text.lfs_mount
                0x00000000080071c8       0x2c ./Core/Src/lfs.o
                0x00000000080071c8                lfs_mount
 .text.lfs_unmount
                0x00000000080071f4       0x28 ./Core/Src/lfs.o
                0x00000000080071f4                lfs_unmount
 .text.lfs_file_open
                0x000000000800721c       0x68 ./Core/Src/lfs.o
                0x000000000800721c                lfs_file_open
 .text.lfs_file_close
                0x0000000008007284       0x58 ./Core/Src/lfs.o
                0x0000000008007284                lfs_file_close
 .text.lfs_file_read
                0x00000000080072dc       0x60 ./Core/Src/lfs.o
                0x00000000080072dc                lfs_file_read
 .text.lfs_file_write
                0x000000000800733c       0x60 ./Core/Src/lfs.o
                0x000000000800733c                lfs_file_write
 .text.lfs_file_rewind
                0x000000000800739c       0x2c ./Core/Src/lfs.o
                0x000000000800739c                lfs_file_rewind
 .text.lfs_crc  0x00000000080073c8       0x78 ./Core/Src/lfs_util.o
                0x00000000080073c8                lfs_crc
 .text.block_device_read
                0x0000000008007440       0x38 ./Core/Src/main.o
                0x0000000008007440                block_device_read
 .text.main     0x0000000008007478       0xfc ./Core/Src/main.o
                0x0000000008007478                main
 .text.SystemClock_Config
                0x0000000008007574       0xc0 ./Core/Src/main.o
                0x0000000008007574                SystemClock_Config
 .text.MX_RTC_Init
                0x0000000008007634       0x94 ./Core/Src/main.o
 .text.MX_SPI1_Init
                0x00000000080076c8       0x6c ./Core/Src/main.o
 .text.MX_SPI2_Init
                0x0000000008007734       0x6c ./Core/Src/main.o
 .text.MX_USART2_UART_Init
                0x00000000080077a0       0x54 ./Core/Src/main.o
 .text.MX_DMA_Init
                0x00000000080077f4       0x4c ./Core/Src/main.o
 .text.MX_GPIO_Init
                0x0000000008007840       0xc4 ./Core/Src/main.o
 .text.Error_Handler
                0x0000000008007904        0xa ./Core/Src/main.o
                0x0000000008007904                Error_Handler
 *fill*         0x000000000800790e        0x2 
 .text.HAL_MspInit
                0x0000000008007910       0x64 ./Core/Src/stm32f1xx_hal_msp.o
                0x0000000008007910                HAL_MspInit
 .text.HAL_RTC_MspInit
                0x0000000008007974       0x48 ./Core/Src/stm32f1xx_hal_msp.o
                0x0000000008007974                HAL_RTC_MspInit
 .text.HAL_SPI_MspInit
                0x00000000080079bc      0x10c ./Core/Src/stm32f1xx_hal_msp.o
                0x00000000080079bc                HAL_SPI_MspInit
 .text.HAL_UART_MspInit
                0x0000000008007ac8      0x150 ./Core/Src/stm32f1xx_hal_msp.o
                0x0000000008007ac8                HAL_UART_MspInit
 .text.NMI_Handler
                0x0000000008007c18        0x6 ./Core/Src/stm32f1xx_it.o
                0x0000000008007c18                NMI_Handler
 .text.HardFault_Handler
                0x0000000008007c1e        0x6 ./Core/Src/stm32f1xx_it.o
                0x0000000008007c1e                HardFault_Handler
 .text.MemManage_Handler
                0x0000000008007c24        0x6 ./Core/Src/stm32f1xx_it.o
                0x0000000008007c24                MemManage_Handler
 .text.BusFault_Handler
                0x0000000008007c2a        0x6 ./Core/Src/stm32f1xx_it.o
                0x0000000008007c2a                BusFault_Handler
 .text.UsageFault_Handler
                0x0000000008007c30        0x6 ./Core/Src/stm32f1xx_it.o
                0x0000000008007c30                UsageFault_Handler
 .text.SVC_Handler
                0x0000000008007c36        0xc ./Core/Src/stm32f1xx_it.o
                0x0000000008007c36                SVC_Handler
 .text.DebugMon_Handler
                0x0000000008007c42        0xc ./Core/Src/stm32f1xx_it.o
                0x0000000008007c42                DebugMon_Handler
 .text.PendSV_Handler
                0x0000000008007c4e        0xc ./Core/Src/stm32f1xx_it.o
                0x0000000008007c4e                PendSV_Handler
 .text.SysTick_Handler
                0x0000000008007c5a        0xc ./Core/Src/stm32f1xx_it.o
                0x0000000008007c5a                SysTick_Handler
 *fill*         0x0000000008007c66        0x2 
 .text.DMA1_Channel6_IRQHandler
                0x0000000008007c68       0x14 ./Core/Src/stm32f1xx_it.o
                0x0000000008007c68                DMA1_Channel6_IRQHandler
 .text.DMA1_Channel7_IRQHandler
                0x0000000008007c7c       0x14 ./Core/Src/stm32f1xx_it.o
                0x0000000008007c7c                DMA1_Channel7_IRQHandler
 .text.USB_LP_CAN1_RX0_IRQHandler
                0x0000000008007c90       0x14 ./Core/Src/stm32f1xx_it.o
                0x0000000008007c90                USB_LP_CAN1_RX0_IRQHandler
 .text.USART2_IRQHandler
                0x0000000008007ca4       0x14 ./Core/Src/stm32f1xx_it.o
                0x0000000008007ca4                USART2_IRQHandler
 .text._getpid  0x0000000008007cb8        0xe ./Core/Src/syscalls.o
                0x0000000008007cb8                _getpid
 .text._kill    0x0000000008007cc6       0x20 ./Core/Src/syscalls.o
                0x0000000008007cc6                _kill
 .text._exit    0x0000000008007ce6       0x14 ./Core/Src/syscalls.o
                0x0000000008007ce6                _exit
 .text._read    0x0000000008007cfa       0x3a ./Core/Src/syscalls.o
                0x0000000008007cfa                _read
 .text._write   0x0000000008007d34       0x38 ./Core/Src/syscalls.o
                0x0000000008007d34                _write
 .text._close   0x0000000008007d6c       0x16 ./Core/Src/syscalls.o
                0x0000000008007d6c                _close
 .text._fstat   0x0000000008007d82       0x1e ./Core/Src/syscalls.o
                0x0000000008007d82                _fstat
 .text._isatty  0x0000000008007da0       0x14 ./Core/Src/syscalls.o
                0x0000000008007da0                _isatty
 .text._lseek   0x0000000008007db4       0x18 ./Core/Src/syscalls.o
                0x0000000008007db4                _lseek
 .text._sbrk    0x0000000008007dcc       0x6c ./Core/Src/sysmem.o
                0x0000000008007dcc                _sbrk
 .text.SystemInit
                0x0000000008007e38        0xc ./Core/Src/system_stm32f1xx.o
                0x0000000008007e38                SystemInit
 .text.Reset_Handler
                0x0000000008007e44       0x48 ./Core/Startup/startup_stm32f103c8tx.o
                0x0000000008007e44                Reset_Handler
 .text.Default_Handler
                0x0000000008007e8c        0x2 ./Core/Startup/startup_stm32f103c8tx.o
                0x0000000008007e8c                RTC_Alarm_IRQHandler
                0x0000000008007e8c                EXTI2_IRQHandler
                0x0000000008007e8c                TIM1_CC_IRQHandler
                0x0000000008007e8c                PVD_IRQHandler
                0x0000000008007e8c                EXTI3_IRQHandler
                0x0000000008007e8c                EXTI0_IRQHandler
                0x0000000008007e8c                I2C2_EV_IRQHandler
                0x0000000008007e8c                ADC1_2_IRQHandler
                0x0000000008007e8c                SPI1_IRQHandler
                0x0000000008007e8c                TAMPER_IRQHandler
                0x0000000008007e8c                DMA1_Channel4_IRQHandler
                0x0000000008007e8c                USART3_IRQHandler
                0x0000000008007e8c                RTC_IRQHandler
                0x0000000008007e8c                CAN1_RX1_IRQHandler
                0x0000000008007e8c                TIM4_IRQHandler
                0x0000000008007e8c                I2C1_EV_IRQHandler
                0x0000000008007e8c                TIM3_IRQHandler
                0x0000000008007e8c                RCC_IRQHandler
                0x0000000008007e8c                TIM1_TRG_COM_IRQHandler
                0x0000000008007e8c                DMA1_Channel1_IRQHandler
                0x0000000008007e8c                Default_Handler
                0x0000000008007e8c                EXTI15_10_IRQHandler
                0x0000000008007e8c                EXTI9_5_IRQHandler
                0x0000000008007e8c                SPI2_IRQHandler
                0x0000000008007e8c                DMA1_Channel5_IRQHandler
                0x0000000008007e8c                EXTI4_IRQHandler
                0x0000000008007e8c                USB_HP_CAN1_TX_IRQHandler
                0x0000000008007e8c                DMA1_Channel3_IRQHandler
                0x0000000008007e8c                TIM1_UP_IRQHandler
                0x0000000008007e8c                WWDG_IRQHandler
                0x0000000008007e8c                TIM2_IRQHandler
                0x0000000008007e8c                TIM1_BRK_IRQHandler
                0x0000000008007e8c                EXTI1_IRQHandler
                0x0000000008007e8c                I2C2_ER_IRQHandler
                0x0000000008007e8c                DMA1_Channel2_IRQHandler
                0x0000000008007e8c                CAN1_SCE_IRQHandler
                0x0000000008007e8c                FLASH_IRQHandler
                0x0000000008007e8c                USART1_IRQHandler
                0x0000000008007e8c                I2C1_ER_IRQHandler
                0x0000000008007e8c                USBWakeUp_IRQHandler
 *fill*         0x0000000008007e8e        0x2 
 .text.HAL_Init
                0x0000000008007e90       0x2c ./Drivers/STM32F1xx_HAL_Driver/Src/stm32f1xx_hal.o
                0x0000000008007e90                HAL_Init
 .text.HAL_InitTick
                0x0000000008007ebc       0x60 ./Drivers/STM32F1xx_HAL_Driver/Src/stm32f1xx_hal.o
                0x0000000008007ebc                HAL_InitTick
 .text.HAL_IncTick
                0x0000000008007f1c       0x24 ./Drivers/STM32F1xx_HAL_Driver/Src/stm32f1xx_hal.o
                0x0000000008007f1c                HAL_IncTick
 .text.HAL_GetTick
                0x0000000008007f40       0x14 ./Drivers/STM32F1xx_HAL_Driver/Src/stm32f1xx_hal.o
                0x0000000008007f40                HAL_GetTick
 .text.HAL_Delay
                0x0000000008007f54       0x48 ./Drivers/STM32F1xx_HAL_Driver/Src/stm32f1xx_hal.o
                0x0000000008007f54                HAL_Delay
 .text.__NVIC_SetPriorityGrouping
                0x0000000008007f9c       0x48 ./Drivers/STM32F1xx_HAL_Driver/Src/stm32f1xx_hal_cortex.o
 .text.__NVIC_GetPriorityGrouping
                0x0000000008007fe4       0x1c ./Drivers/STM32F1xx_HAL_Driver/Src/stm32f1xx_hal_cortex.o
 .text.__NVIC_EnableIRQ
                0x0000000008008000       0x38 ./Drivers/STM32F1xx_HAL_Driver/Src/stm32f1xx_hal_cortex.o
 .text.__NVIC_SetPriority
                0x0000000008008038       0x54 ./Drivers/STM32F1xx_HAL_Driver/Src/stm32f1xx_hal_cortex.o
 .text.NVIC_EncodePriority
                0x000000000800808c       0x64 ./Drivers/STM32F1xx_HAL_Driver/Src/stm32f1xx_hal_cortex.o
 .text.SysTick_Config
                0x00000000080080f0       0x44 ./Drivers/STM32F1xx_HAL_Driver/Src/stm32f1xx_hal_cortex.o
 .text.HAL_NVIC_SetPriorityGrouping
                0x0000000008008134       0x16 ./Drivers/STM32F1xx_HAL_Driver/Src/stm32f1xx_hal_cortex.o
                0x0000000008008134                HAL_NVIC_SetPriorityGrouping
 .text.HAL_NVIC_SetPriority
                0x000000000800814a       0x38 ./Drivers/STM32F1xx_HAL_Driver/Src/stm32f1xx_hal_cortex.o
                0x000000000800814a                HAL_NVIC_SetPriority
 .text.HAL_NVIC_EnableIRQ
                0x0000000008008182       0x1c ./Drivers/STM32F1xx_HAL_Driver/Src/stm32f1xx_hal_cortex.o
                0x0000000008008182                HAL_NVIC_EnableIRQ
 .text.HAL_SYSTICK_Config
                0x000000000800819e       0x18 ./Drivers/STM32F1xx_HAL_Driver/Src/stm32f1xx_hal_cortex.o
                0x000000000800819e                HAL_SYSTICK_Config
 *fill*         0x00000000080081b6        0x2 
 .text.HAL_DMA_Init
                0x00000000080081b8       0xb4 ./Drivers/STM32F1xx_HAL_Driver/Src/stm32f1xx_hal_dma.o
                0x00000000080081b8                HAL_DMA_Init
 .text.HAL_DMA_Abort
                0x000000000800826c       0x76 ./Drivers/STM32F1xx_HAL_Driver/Src/stm32f1xx_hal_dma.o
                0x000000000800826c                HAL_DMA_Abort
 *fill*         0x00000000080082e2        0x2 
 .text.HAL_DMA_Abort_IT
                0x00000000080082e4       0xf0 ./Drivers/STM32F1xx_HAL_Driver/Src/stm32f1xx_hal_dma.o
                0x00000000080082e4                HAL_DMA_Abort_IT
 .text.HAL_DMA_IRQHandler
                0x00000000080083d4      0x20c ./Drivers/STM32F1xx_HAL_Driver/Src/stm32f1xx_hal_dma.o
                0x00000000080083d4                HAL_DMA_IRQHandler
 .text.HAL_GPIO_Init
                0x00000000080085e0      0x308 ./Drivers/STM32F1xx_HAL_Driver/Src/stm32f1xx_hal_gpio.o
                0x00000000080085e0                HAL_GPIO_Init
 .text.HAL_GPIO_WritePin
                0x00000000080088e8       0x30 ./Drivers/STM32F1xx_HAL_Driver/Src/stm32f1xx_hal_gpio.o
                0x00000000080088e8                HAL_GPIO_WritePin
 .text.HAL_PCD_Init
                0x0000000008008918      0x1fe ./Drivers/STM32F1xx_HAL_Driver/Src/stm32f1xx_hal_pcd.o
                0x0000000008008918                HAL_PCD_Init
 .text.HAL_PCD_Start
                0x0000000008008b16       0x4c ./Drivers/STM32F1xx_HAL_Driver/Src/stm32f1xx_hal_pcd.o
                0x0000000008008b16                HAL_PCD_Start
 .text.HAL_PCD_IRQHandler
                0x0000000008008b62      0x264 ./Drivers/STM32F1xx_HAL_Driver/Src/stm32f1xx_hal_pcd.o
                0x0000000008008b62                HAL_PCD_IRQHandler
 .text.HAL_PCD_SetAddress
                0x0000000008008dc6       0x4a ./Drivers/STM32F1xx_HAL_Driver/Src/stm32f1xx_hal_pcd.o
                0x0000000008008dc6                HAL_PCD_SetAddress
 .text.HAL_PCD_EP_Open
                0x0000000008008e10       0xba ./Drivers/STM32F1xx_HAL_Driver/Src/stm32f1xx_hal_pcd.o
                0x0000000008008e10                HAL_PCD_EP_Open
 .text.HAL_PCD_EP_Close
                0x0000000008008eca       0x90 ./Drivers/STM32F1xx_HAL_Driver/Src/stm32f1xx_hal_pcd.o
                0x0000000008008eca                HAL_PCD_EP_Close
 .text.HAL_PCD_EP_Receive
                0x0000000008008f5a       0x62 ./Drivers/STM32F1xx_HAL_Driver/Src/stm32f1xx_hal_pcd.o
                0x0000000008008f5a                HAL_PCD_EP_Receive
 .text.HAL_PCD_EP_GetRxCount
                0x0000000008008fbc       0x2e ./Drivers/STM32F1xx_HAL_Driver/Src/stm32f1xx_hal_pcd.o
                0x0000000008008fbc                HAL_PCD_EP_GetRxCount
 .text.HAL_PCD_EP_Transmit
                0x0000000008008fea       0x6e ./Drivers/STM32F1xx_HAL_Driver/Src/stm32f1xx_hal_pcd.o
                0x0000000008008fea                HAL_PCD_EP_Transmit
 .text.HAL_PCD_EP_SetStall
                0x0000000008009058       0xc0 ./Drivers/STM32F1xx_HAL_Driver/Src/stm32f1xx_hal_pcd.o
                0x0000000008009058                HAL_PCD_EP_SetStall
 .text.HAL_PCD_EP_ClrStall
                0x0000000008009118       0xa8 ./Drivers/STM32F1xx_HAL_Driver/Src/stm32f1xx_hal_pcd.o
                0x0000000008009118                HAL_PCD_EP_ClrStall
 .text.PCD_EP_ISR_Handler
                0x00000000080091c0      0x7a6 ./Drivers/STM32F1xx_HAL_Driver/Src/stm32f1xx_hal_pcd.o
 .text.HAL_PCD_EP_DB_Receive
                0x0000000008009966      0x21a ./Drivers/STM32F1xx_HAL_Driver/Src/stm32f1xx_hal_pcd.o
 .text.HAL_PCD_EP_DB_Transmit
                0x0000000008009b80      0x7f4 ./Drivers/STM32F1xx_HAL_Driver/Src/stm32f1xx_hal_pcd.o
 .text.HAL_PCDEx_PMAConfig
                0x000000000800a374       0x84 ./Drivers/STM32F1xx_HAL_Driver/Src/stm32f1xx_hal_pcd_ex.o
                0x000000000800a374                HAL_PCDEx_PMAConfig
 .text.HAL_PWR_EnableBkUpAccess
                0x000000000800a3f8       0x18 ./Drivers/STM32F1xx_HAL_Driver/Src/stm32f1xx_hal_pwr.o
                0x000000000800a3f8                HAL_PWR_EnableBkUpAccess
 .text.HAL_RCC_OscConfig
                0x000000000800a410      0x500 ./Drivers/STM32F1xx_HAL_Driver/Src/stm32f1xx_hal_rcc.o
                0x000000000800a410                HAL_RCC_OscConfig
 .text.HAL_RCC_ClockConfig
                0x000000000800a910      0x1d4 ./Drivers/STM32F1xx_HAL_Driver/Src/stm32f1xx_hal_rcc.o
                0x000000000800a910                HAL_RCC_ClockConfig
 .text.HAL_RCC_GetSysClockFreq
                0x000000000800aae4       0xa8 ./Drivers/STM32F1xx_HAL_Driver/Src/stm32f1xx_hal_rcc.o
                0x000000000800aae4                HAL_RCC_GetSysClockFreq
 .text.HAL_RCC_GetHCLKFreq
                0x000000000800ab8c       0x14 ./Drivers/STM32F1xx_HAL_Driver/Src/stm32f1xx_hal_rcc.o
                0x000000000800ab8c                HAL_RCC_GetHCLKFreq
 .text.HAL_RCC_GetPCLK1Freq
                0x000000000800aba0       0x28 ./Drivers/STM32F1xx_HAL_Driver/Src/stm32f1xx_hal_rcc.o
                0x000000000800aba0                HAL_RCC_GetPCLK1Freq
 .text.HAL_RCC_GetPCLK2Freq
                0x000000000800abc8       0x28 ./Drivers/STM32F1xx_HAL_Driver/Src/stm32f1xx_hal_rcc.o
                0x000000000800abc8                HAL_RCC_GetPCLK2Freq
 .text.RCC_Delay
                0x000000000800abf0       0x3c ./Drivers/STM32F1xx_HAL_Driver/Src/stm32f1xx_hal_rcc.o
 .text.HAL_RCCEx_PeriphCLKConfig
                0x000000000800ac2c      0x16c ./Drivers/STM32F1xx_HAL_Driver/Src/stm32f1xx_hal_rcc_ex.o
                0x000000000800ac2c                HAL_RCCEx_PeriphCLKConfig
 .text.HAL_RCCEx_GetPeriphCLKFreq
                0x000000000800ad98      0x16c ./Drivers/STM32F1xx_HAL_Driver/Src/stm32f1xx_hal_rcc_ex.o
                0x000000000800ad98                HAL_RCCEx_GetPeriphCLKFreq
 .text.HAL_RTC_Init
                0x000000000800af04      0x118 ./Drivers/STM32F1xx_HAL_Driver/Src/stm32f1xx_hal_rtc.o
                0x000000000800af04                HAL_RTC_Init
 .text.HAL_RTC_SetTime
                0x000000000800b01c      0x12e ./Drivers/STM32F1xx_HAL_Driver/Src/stm32f1xx_hal_rtc.o
                0x000000000800b01c                HAL_RTC_SetTime
 *fill*         0x000000000800b14a        0x2 
 .text.HAL_RTC_SetDate
                0x000000000800b14c      0x16c ./Drivers/STM32F1xx_HAL_Driver/Src/stm32f1xx_hal_rtc.o
                0x000000000800b14c                HAL_RTC_SetDate
 .text.HAL_RTC_WaitForSynchro
                0x000000000800b2b8       0x5a ./Drivers/STM32F1xx_HAL_Driver/Src/stm32f1xx_hal_rtc.o
                0x000000000800b2b8                HAL_RTC_WaitForSynchro
 .text.RTC_ReadTimeCounter
                0x000000000800b312       0x60 ./Drivers/STM32F1xx_HAL_Driver/Src/stm32f1xx_hal_rtc.o
 .text.RTC_WriteTimeCounter
                0x000000000800b372       0x4e ./Drivers/STM32F1xx_HAL_Driver/Src/stm32f1xx_hal_rtc.o
 .text.RTC_ReadAlarmCounter
                0x000000000800b3c0       0x32 ./Drivers/STM32F1xx_HAL_Driver/Src/stm32f1xx_hal_rtc.o
 .text.RTC_WriteAlarmCounter
                0x000000000800b3f2       0x4e ./Drivers/STM32F1xx_HAL_Driver/Src/stm32f1xx_hal_rtc.o
 .text.RTC_EnterInitMode
                0x000000000800b440       0x50 ./Drivers/STM32F1xx_HAL_Driver/Src/stm32f1xx_hal_rtc.o
 .text.RTC_ExitInitMode
                0x000000000800b490       0x50 ./Drivers/STM32F1xx_HAL_Driver/Src/stm32f1xx_hal_rtc.o
 .text.RTC_Bcd2ToByte
                0x000000000800b4e0       0x3a ./Drivers/STM32F1xx_HAL_Driver/Src/stm32f1xx_hal_rtc.o
 *fill*         0x000000000800b51a        0x2 
 .text.RTC_WeekDayNum
                0x000000000800b51c       0xf0 ./Drivers/STM32F1xx_HAL_Driver/Src/stm32f1xx_hal_rtc.o
 .text.HAL_SPI_Init
                0x000000000800b60c      0x108 ./Drivers/STM32F1xx_HAL_Driver/Src/stm32f1xx_hal_spi.o
                0x000000000800b60c                HAL_SPI_Init
 .text.HAL_SPI_Transmit
                0x000000000800b714      0x286 ./Drivers/STM32F1xx_HAL_Driver/Src/stm32f1xx_hal_spi.o
                0x000000000800b714                HAL_SPI_Transmit
 .text.HAL_SPI_Receive
                0x000000000800b99a      0x230 ./Drivers/STM32F1xx_HAL_Driver/Src/stm32f1xx_hal_spi.o
                0x000000000800b99a                HAL_SPI_Receive
 .text.HAL_SPI_TransmitReceive
                0x000000000800bbca      0x360 ./Drivers/STM32F1xx_HAL_Driver/Src/stm32f1xx_hal_spi.o
                0x000000000800bbca                HAL_SPI_TransmitReceive
 *fill*         0x000000000800bf2a        0x2 
 .text.SPI_WaitFlagStateUntilTimeout
                0x000000000800bf2c      0x110 ./Drivers/STM32F1xx_HAL_Driver/Src/stm32f1xx_hal_spi.o
 .text.SPI_EndRxTransaction
                0x000000000800c03c       0xa4 ./Drivers/STM32F1xx_HAL_Driver/Src/stm32f1xx_hal_spi.o
 .text.SPI_EndRxTxTransaction
                0x000000000800c0e0       0x3c ./Drivers/STM32F1xx_HAL_Driver/Src/stm32f1xx_hal_spi.o
 .text.HAL_UART_Init
                0x000000000800c11c       0xa0 ./Drivers/STM32F1xx_HAL_Driver/Src/stm32f1xx_hal_uart.o
                0x000000000800c11c                HAL_UART_Init
 .text.HAL_UART_Transmit
                0x000000000800c1bc      0x106 ./Drivers/STM32F1xx_HAL_Driver/Src/stm32f1xx_hal_uart.o
                0x000000000800c1bc                HAL_UART_Transmit
 *fill*         0x000000000800c2c2        0x2 
 .text.HAL_UART_IRQHandler
                0x000000000800c2c4      0x524 ./Drivers/STM32F1xx_HAL_Driver/Src/stm32f1xx_hal_uart.o
                0x000000000800c2c4                HAL_UART_IRQHandler
 .text.HAL_UART_TxCpltCallback
                0x000000000800c7e8       0x12 ./Drivers/STM32F1xx_HAL_Driver/Src/stm32f1xx_hal_uart.o
                0x000000000800c7e8                HAL_UART_TxCpltCallback
 .text.HAL_UART_RxCpltCallback
                0x000000000800c7fa       0x12 ./Drivers/STM32F1xx_HAL_Driver/Src/stm32f1xx_hal_uart.o
                0x000000000800c7fa                HAL_UART_RxCpltCallback
 .text.HAL_UART_ErrorCallback
                0x000000000800c80c       0x12 ./Drivers/STM32F1xx_HAL_Driver/Src/stm32f1xx_hal_uart.o
                0x000000000800c80c                HAL_UART_ErrorCallback
 .text.HAL_UARTEx_RxEventCallback
                0x000000000800c81e       0x16 ./Drivers/STM32F1xx_HAL_Driver/Src/stm32f1xx_hal_uart.o
                0x000000000800c81e                HAL_UARTEx_RxEventCallback
 .text.UART_WaitOnFlagUntilTimeout
                0x000000000800c834       0xdc ./Drivers/STM32F1xx_HAL_Driver/Src/stm32f1xx_hal_uart.o
 .text.UART_EndRxTransfer
                0x000000000800c910       0xc4 ./Drivers/STM32F1xx_HAL_Driver/Src/stm32f1xx_hal_uart.o
 .text.UART_DMAAbortOnError
                0x000000000800c9d4       0x28 ./Drivers/STM32F1xx_HAL_Driver/Src/stm32f1xx_hal_uart.o
 .text.UART_Transmit_IT
                0x000000000800c9fc       0x9e ./Drivers/STM32F1xx_HAL_Driver/Src/stm32f1xx_hal_uart.o
 .text.UART_EndTransmit_IT
                0x000000000800ca9a       0x30 ./Drivers/STM32F1xx_HAL_Driver/Src/stm32f1xx_hal_uart.o
 .text.UART_Receive_IT
                0x000000000800caca      0x17c ./Drivers/STM32F1xx_HAL_Driver/Src/stm32f1xx_hal_uart.o
 *fill*         0x000000000800cc46        0x2 
 .text.UART_SetConfig
                0x000000000800cc48      0x11c ./Drivers/STM32F1xx_HAL_Driver/Src/stm32f1xx_hal_uart.o
 .text.USB_CoreInit
                0x000000000800cd64       0x20 ./Drivers/STM32F1xx_HAL_Driver/Src/stm32f1xx_ll_usb.o
                0x000000000800cd64                USB_CoreInit
 .text.USB_EnableGlobalInt
                0x000000000800cd84       0x2c ./Drivers/STM32F1xx_HAL_Driver/Src/stm32f1xx_ll_usb.o
                0x000000000800cd84                USB_EnableGlobalInt
 .text.USB_DisableGlobalInt
                0x000000000800cdb0       0x34 ./Drivers/STM32F1xx_HAL_Driver/Src/stm32f1xx_ll_usb.o
                0x000000000800cdb0                USB_DisableGlobalInt
 .text.USB_SetCurrentMode
                0x000000000800cde4       0x18 ./Drivers/STM32F1xx_HAL_Driver/Src/stm32f1xx_ll_usb.o
                0x000000000800cde4                USB_SetCurrentMode
 .text.USB_DevInit
                0x000000000800cdfc       0x40 ./Drivers/STM32F1xx_HAL_Driver/Src/stm32f1xx_ll_usb.o
                0x000000000800cdfc                USB_DevInit
 .text.USB_ActivateEndpoint
                0x000000000800ce3c      0x780 ./Drivers/STM32F1xx_HAL_Driver/Src/stm32f1xx_ll_usb.o
                0x000000000800ce3c                USB_ActivateEndpoint
 .text.USB_DeactivateEndpoint
                0x000000000800d5bc      0x3d8 ./Drivers/STM32F1xx_HAL_Driver/Src/stm32f1xx_ll_usb.o
                0x000000000800d5bc                USB_DeactivateEndpoint
 .text.USB_EPStartXfer
                0x000000000800d994     0x1298 ./Drivers/STM32F1xx_HAL_Driver/Src/stm32f1xx_ll_usb.o
                0x000000000800d994                USB_EPStartXfer
 .text.USB_EPSetStall
                0x000000000800ec2c       0xa0 ./Drivers/STM32F1xx_HAL_Driver/Src/stm32f1xx_ll_usb.o
                0x000000000800ec2c                USB_EPSetStall
 .text.USB_EPClearStall
                0x000000000800eccc      0x15a ./Drivers/STM32F1xx_HAL_Driver/Src/stm32f1xx_ll_usb.o
                0x000000000800eccc                USB_EPClearStall
 .text.USB_SetDevAddress
                0x000000000800ee26       0x26 ./Drivers/STM32F1xx_HAL_Driver/Src/stm32f1xx_ll_usb.o
                0x000000000800ee26                USB_SetDevAddress
 .text.USB_DevConnect
                0x000000000800ee4c       0x14 ./Drivers/STM32F1xx_HAL_Driver/Src/stm32f1xx_ll_usb.o
                0x000000000800ee4c                USB_DevConnect
 .text.USB_DevDisconnect
                0x000000000800ee60       0x14 ./Drivers/STM32F1xx_HAL_Driver/Src/stm32f1xx_ll_usb.o
                0x000000000800ee60                USB_DevDisconnect
 .text.USB_ReadInterrupts
                0x000000000800ee74       0x1e ./Drivers/STM32F1xx_HAL_Driver/Src/stm32f1xx_ll_usb.o
                0x000000000800ee74                USB_ReadInterrupts
 .text.USB_EP0_OutStart
                0x000000000800ee92       0x16 ./Drivers/STM32F1xx_HAL_Driver/Src/stm32f1xx_ll_usb.o
                0x000000000800ee92                USB_EP0_OutStart
 .text.USB_WritePMA
                0x000000000800eea8       0x8a ./Drivers/STM32F1xx_HAL_Driver/Src/stm32f1xx_ll_usb.o
                0x000000000800eea8                USB_WritePMA
 .text.USB_ReadPMA
                0x000000000800ef32       0x9e ./Drivers/STM32F1xx_HAL_Driver/Src/stm32f1xx_ll_usb.o
                0x000000000800ef32                USB_ReadPMA
 .text.USBD_CDC_Init
                0x000000000800efd0       0xf4 ./Middlewares/ST/STM32_USB_Device_Library/Class/CDC/Src/usbd_cdc.o
 .text.USBD_CDC_DeInit
                0x000000000800f0c4       0x6e ./Middlewares/ST/STM32_USB_Device_Library/Class/CDC/Src/usbd_cdc.o
 .text.USBD_CDC_Setup
                0x000000000800f132      0x146 ./Middlewares/ST/STM32_USB_Device_Library/Class/CDC/Src/usbd_cdc.o
 .text.USBD_CDC_DataIn
                0x000000000800f278       0xa6 ./Middlewares/ST/STM32_USB_Device_Library/Class/CDC/Src/usbd_cdc.o
 .text.USBD_CDC_DataOut
                0x000000000800f31e       0x56 ./Middlewares/ST/STM32_USB_Device_Library/Class/CDC/Src/usbd_cdc.o
 .text.USBD_CDC_EP0_RxReady
                0x000000000800f374       0x50 ./Middlewares/ST/STM32_USB_Device_Library/Class/CDC/Src/usbd_cdc.o
 .text.USBD_CDC_GetFSCfgDesc
                0x000000000800f3c4       0x20 ./Middlewares/ST/STM32_USB_Device_Library/Class/CDC/Src/usbd_cdc.o
 .text.USBD_CDC_GetHSCfgDesc
                0x000000000800f3e4       0x20 ./Middlewares/ST/STM32_USB_Device_Library/Class/CDC/Src/usbd_cdc.o
 .text.USBD_CDC_GetOtherSpeedCfgDesc
                0x000000000800f404       0x20 ./Middlewares/ST/STM32_USB_Device_Library/Class/CDC/Src/usbd_cdc.o
 .text.USBD_CDC_GetDeviceQualifierDescriptor
                0x000000000800f424       0x20 ./Middlewares/ST/STM32_USB_Device_Library/Class/CDC/Src/usbd_cdc.o
                0x000000000800f424                USBD_CDC_GetDeviceQualifierDescriptor
 .text.USBD_CDC_RegisterInterface
                0x000000000800f444       0x2c ./Middlewares/ST/STM32_USB_Device_Library/Class/CDC/Src/usbd_cdc.o
                0x000000000800f444                USBD_CDC_RegisterInterface
 .text.USBD_CDC_SetTxBuffer
                0x000000000800f470       0x32 ./Middlewares/ST/STM32_USB_Device_Library/Class/CDC/Src/usbd_cdc.o
                0x000000000800f470                USBD_CDC_SetTxBuffer
 .text.USBD_CDC_SetRxBuffer
                0x000000000800f4a2       0x26 ./Middlewares/ST/STM32_USB_Device_Library/Class/CDC/Src/usbd_cdc.o
                0x000000000800f4a2                USBD_CDC_SetRxBuffer
 .text.USBD_CDC_ReceivePacket
                0x000000000800f4c8       0x54 ./Middlewares/ST/STM32_USB_Device_Library/Class/CDC/Src/usbd_cdc.o
                0x000000000800f4c8                USBD_CDC_ReceivePacket
 .text.USBD_Init
                0x000000000800f51c       0x56 ./Middlewares/ST/STM32_USB_Device_Library/Core/Src/usbd_core.o
                0x000000000800f51c                USBD_Init
 .text.USBD_RegisterClass
                0x000000000800f572       0x32 ./Middlewares/ST/STM32_USB_Device_Library/Core/Src/usbd_core.o
                0x000000000800f572                USBD_RegisterClass
 .text.USBD_Start
                0x000000000800f5a4       0x18 ./Middlewares/ST/STM32_USB_Device_Library/Core/Src/usbd_core.o
                0x000000000800f5a4                USBD_Start
 .text.USBD_RunTestMode
                0x000000000800f5bc       0x14 ./Middlewares/ST/STM32_USB_Device_Library/Core/Src/usbd_core.o
                0x000000000800f5bc                USBD_RunTestMode
 .text.USBD_SetClassConfig
                0x000000000800f5d0       0x3e ./Middlewares/ST/STM32_USB_Device_Library/Core/Src/usbd_core.o
                0x000000000800f5d0                USBD_SetClassConfig
 .text.USBD_ClrClassConfig
                0x000000000800f60e       0x26 ./Middlewares/ST/STM32_USB_Device_Library/Core/Src/usbd_core.o
                0x000000000800f60e                USBD_ClrClassConfig
 .text.USBD_LL_SetupStage
                0x000000000800f634       0x9a ./Middlewares/ST/STM32_USB_Device_Library/Core/Src/usbd_core.o
                0x000000000800f634                USBD_LL_SetupStage
 .text.USBD_LL_DataOutStage
                0x000000000800f6ce       0xe2 ./Middlewares/ST/STM32_USB_Device_Library/Core/Src/usbd_core.o
                0x000000000800f6ce                USBD_LL_DataOutStage
 .text.USBD_LL_DataInStage
                0x000000000800f7b0      0x14a ./Middlewares/ST/STM32_USB_Device_Library/Core/Src/usbd_core.o
                0x000000000800f7b0                USBD_LL_DataInStage
 .text.USBD_LL_Reset
                0x000000000800f8fa       0x82 ./Middlewares/ST/STM32_USB_Device_Library/Core/Src/usbd_core.o
                0x000000000800f8fa                USBD_LL_Reset
 .text.USBD_LL_SetSpeed
                0x000000000800f97c       0x1e ./Middlewares/ST/STM32_USB_Device_Library/Core/Src/usbd_core.o
                0x000000000800f97c                USBD_LL_SetSpeed
 .text.USBD_LL_Suspend
                0x000000000800f99a       0x28 ./Middlewares/ST/STM32_USB_Device_Library/Core/Src/usbd_core.o
                0x000000000800f99a                USBD_LL_Suspend
 .text.USBD_LL_Resume
                0x000000000800f9c2       0x2a ./Middlewares/ST/STM32_USB_Device_Library/Core/Src/usbd_core.o
                0x000000000800f9c2                USBD_LL_Resume
 .text.USBD_LL_SOF
                0x000000000800f9ec       0x34 ./Middlewares/ST/STM32_USB_Device_Library/Core/Src/usbd_core.o
                0x000000000800f9ec                USBD_LL_SOF
 .text.USBD_StdDevReq
                0x000000000800fa20       0xd4 ./Middlewares/ST/STM32_USB_Device_Library/Core/Src/usbd_ctlreq.o
                0x000000000800fa20                USBD_StdDevReq
 .text.USBD_StdItfReq
                0x000000000800faf4       0x90 ./Middlewares/ST/STM32_USB_Device_Library/Core/Src/usbd_ctlreq.o
                0x000000000800faf4                USBD_StdItfReq
 .text.USBD_StdEPReq
                0x000000000800fb84      0x2c6 ./Middlewares/ST/STM32_USB_Device_Library/Core/Src/usbd_ctlreq.o
                0x000000000800fb84                USBD_StdEPReq
 *fill*         0x000000000800fe4a        0x2 
 .text.USBD_GetDescriptor
                0x000000000800fe4c      0x2d0 ./Middlewares/ST/STM32_USB_Device_Library/Core/Src/usbd_ctlreq.o
 .text.USBD_SetAddress
                0x000000000801011c       0x86 ./Middlewares/ST/STM32_USB_Device_Library/Core/Src/usbd_ctlreq.o
 *fill*         0x00000000080101a2        0x2 
 .text.USBD_SetConfig
                0x00000000080101a4      0x11c ./Middlewares/ST/STM32_USB_Device_Library/Core/Src/usbd_ctlreq.o
 .text.USBD_GetConfig
                0x00000000080102c0       0x6a ./Middlewares/ST/STM32_USB_Device_Library/Core/Src/usbd_ctlreq.o
 .text.USBD_GetStatus
                0x000000000801032a       0x66 ./Middlewares/ST/STM32_USB_Device_Library/Core/Src/usbd_ctlreq.o
 .text.USBD_SetFeature
                0x0000000008010390       0x28 ./Middlewares/ST/STM32_USB_Device_Library/Core/Src/usbd_ctlreq.o
 .text.USBD_ClrFeature
                0x00000000080103b8       0x42 ./Middlewares/ST/STM32_USB_Device_Library/Core/Src/usbd_ctlreq.o
 .text.USBD_ParseSetupRequest
                0x00000000080103fa       0x78 ./Middlewares/ST/STM32_USB_Device_Library/Core/Src/usbd_ctlreq.o
                0x00000000080103fa                USBD_ParseSetupRequest
 .text.USBD_CtlError
                0x0000000008010472       0x22 ./Middlewares/ST/STM32_USB_Device_Library/Core/Src/usbd_ctlreq.o
                0x0000000008010472                USBD_CtlError
 .text.USBD_GetString
                0x0000000008010494       0x84 ./Middlewares/ST/STM32_USB_Device_Library/Core/Src/usbd_ctlreq.o
                0x0000000008010494                USBD_GetString
 .text.USBD_GetLen
                0x0000000008010518       0x2e ./Middlewares/ST/STM32_USB_Device_Library/Core/Src/usbd_ctlreq.o
 .text.USBD_CtlSendData
                0x0000000008010546       0x38 ./Middlewares/ST/STM32_USB_Device_Library/Core/Src/usbd_ioreq.o
                0x0000000008010546                USBD_CtlSendData
 .text.USBD_CtlContinueSendData
                0x000000000801057e       0x24 ./Middlewares/ST/STM32_USB_Device_Library/Core/Src/usbd_ioreq.o
                0x000000000801057e                USBD_CtlContinueSendData
 .text.USBD_CtlPrepareRx
                0x00000000080105a2       0x3c ./Middlewares/ST/STM32_USB_Device_Library/Core/Src/usbd_ioreq.o
                0x00000000080105a2                USBD_CtlPrepareRx
 .text.USBD_CtlContinueRx
                0x00000000080105de       0x24 ./Middlewares/ST/STM32_USB_Device_Library/Core/Src/usbd_ioreq.o
                0x00000000080105de                USBD_CtlContinueRx
 .text.USBD_CtlSendStatus
                0x0000000008010602       0x26 ./Middlewares/ST/STM32_USB_Device_Library/Core/Src/usbd_ioreq.o
                0x0000000008010602                USBD_CtlSendStatus
 .text.USBD_CtlReceiveStatus
                0x0000000008010628       0x26 ./Middlewares/ST/STM32_USB_Device_Library/Core/Src/usbd_ioreq.o
                0x0000000008010628                USBD_CtlReceiveStatus
 *fill*         0x000000000801064e        0x2 
 .text.MX_USB_DEVICE_Init
                0x0000000008010650       0x60 ./USB_DEVICE/App/usb_device.o
                0x0000000008010650                MX_USB_DEVICE_Init
 .text.CDC_Init_FS
                0x00000000080106b0       0x28 ./USB_DEVICE/App/usbd_cdc_if.o
 .text.CDC_DeInit_FS
                0x00000000080106d8        0xe ./USB_DEVICE/App/usbd_cdc_if.o
 *fill*         0x00000000080106e6        0x2 
 .text.CDC_Control_FS
                0x00000000080106e8       0xbc ./USB_DEVICE/App/usbd_cdc_if.o
 .text.CDC_Receive_FS
                0x00000000080107a4       0x28 ./USB_DEVICE/App/usbd_cdc_if.o
 .text.USBD_FS_DeviceDescriptor
                0x00000000080107cc       0x24 ./USB_DEVICE/App/usbd_desc.o
                0x00000000080107cc                USBD_FS_DeviceDescriptor
 .text.USBD_FS_LangIDStrDescriptor
                0x00000000080107f0       0x24 ./USB_DEVICE/App/usbd_desc.o
                0x00000000080107f0                USBD_FS_LangIDStrDescriptor
 .text.USBD_FS_ProductStrDescriptor
                0x0000000008010814       0x3c ./USB_DEVICE/App/usbd_desc.o
                0x0000000008010814                USBD_FS_ProductStrDescriptor
 .text.USBD_FS_ManufacturerStrDescriptor
                0x0000000008010850       0x28 ./USB_DEVICE/App/usbd_desc.o
                0x0000000008010850                USBD_FS_ManufacturerStrDescriptor
 .text.USBD_FS_SerialStrDescriptor
                0x0000000008010878       0x24 ./USB_DEVICE/App/usbd_desc.o
                0x0000000008010878                USBD_FS_SerialStrDescriptor
 .text.USBD_FS_ConfigStrDescriptor
                0x000000000801089c       0x3c ./USB_DEVICE/App/usbd_desc.o
                0x000000000801089c                USBD_FS_ConfigStrDescriptor
 .text.USBD_FS_InterfaceStrDescriptor
                0x00000000080108d8       0x3c ./USB_DEVICE/App/usbd_desc.o
                0x00000000080108d8                USBD_FS_InterfaceStrDescriptor
 .text.Get_SerialNum
                0x0000000008010914       0x58 ./USB_DEVICE/App/usbd_desc.o
 .text.IntToUnicode
                0x000000000801096c       0x7c ./USB_DEVICE/App/usbd_desc.o
 .text.HAL_PCD_MspInit
                0x00000000080109e8       0x4c ./USB_DEVICE/Target/usbd_conf.o
                0x00000000080109e8                HAL_PCD_MspInit
 .text.HAL_PCD_SetupStageCallback
                0x0000000008010a34       0x24 ./USB_DEVICE/Target/usbd_conf.o
                0x0000000008010a34                HAL_PCD_SetupStageCallback
 .text.HAL_PCD_DataOutStageCallback
                0x0000000008010a58       0x36 ./USB_DEVICE/Target/usbd_conf.o
                0x0000000008010a58                HAL_PCD_DataOutStageCallback
 .text.HAL_PCD_DataInStageCallback
                0x0000000008010a8e       0x34 ./USB_DEVICE/Target/usbd_conf.o
                0x0000000008010a8e                HAL_PCD_DataInStageCallback
 .text.HAL_PCD_SOFCallback
                0x0000000008010ac2       0x1c ./USB_DEVICE/Target/usbd_conf.o
                0x0000000008010ac2                HAL_PCD_SOFCallback
 .text.HAL_PCD_ResetCallback
                0x0000000008010ade       0x3c ./USB_DEVICE/Target/usbd_conf.o
                0x0000000008010ade                HAL_PCD_ResetCallback
 *fill*         0x0000000008010b1a        0x2 
 .text.HAL_PCD_SuspendCallback
                0x0000000008010b1c       0x34 ./USB_DEVICE/Target/usbd_conf.o
                0x0000000008010b1c                HAL_PCD_SuspendCallback
 .text.HAL_PCD_ResumeCallback
                0x0000000008010b50       0x1c ./USB_DEVICE/Target/usbd_conf.o
                0x0000000008010b50                HAL_PCD_ResumeCallback
 .text.USBD_LL_Init
                0x0000000008010b6c       0xb4 ./USB_DEVICE/Target/usbd_conf.o
                0x0000000008010b6c                USBD_LL_Init
 .text.USBD_LL_Start
                0x0000000008010c20       0x36 ./USB_DEVICE/Target/usbd_conf.o
                0x0000000008010c20                USBD_LL_Start
 .text.USBD_LL_OpenEP
                0x0000000008010c56       0x4c ./USB_DEVICE/Target/usbd_conf.o
                0x0000000008010c56                USBD_LL_OpenEP
 .text.USBD_LL_CloseEP
                0x0000000008010ca2       0x3e ./USB_DEVICE/Target/usbd_conf.o
                0x0000000008010ca2                USBD_LL_CloseEP
 .text.USBD_LL_StallEP
                0x0000000008010ce0       0x3e ./USB_DEVICE/Target/usbd_conf.o
                0x0000000008010ce0                USBD_LL_StallEP
 .text.USBD_LL_ClearStallEP
                0x0000000008010d1e       0x3e ./USB_DEVICE/Target/usbd_conf.o
                0x0000000008010d1e                USBD_LL_ClearStallEP
 .text.USBD_LL_IsStallEP
                0x0000000008010d5c       0x58 ./USB_DEVICE/Target/usbd_conf.o
                0x0000000008010d5c                USBD_LL_IsStallEP
 .text.USBD_LL_SetUSBAddress
                0x0000000008010db4       0x3e ./USB_DEVICE/Target/usbd_conf.o
                0x0000000008010db4                USBD_LL_SetUSBAddress
 .text.USBD_LL_Transmit
                0x0000000008010df2       0x46 ./USB_DEVICE/Target/usbd_conf.o
                0x0000000008010df2                USBD_LL_Transmit
 .text.USBD_LL_PrepareReceive
                0x0000000008010e38       0x46 ./USB_DEVICE/Target/usbd_conf.o
                0x0000000008010e38                USBD_LL_PrepareReceive
 .text.USBD_LL_GetRxDataSize
                0x0000000008010e7e       0x26 ./USB_DEVICE/Target/usbd_conf.o
                0x0000000008010e7e                USBD_LL_GetRxDataSize
 .text.USBD_static_malloc
                0x0000000008010ea4       0x18 ./USB_DEVICE/Target/usbd_conf.o
                0x0000000008010ea4                USBD_static_malloc
 .text.USBD_static_free
                0x0000000008010ebc       0x12 ./USB_DEVICE/Target/usbd_conf.o
                0x0000000008010ebc                USBD_static_free
 .text.HAL_PCDEx_SetConnectionState
                0x0000000008010ece       0x16 ./USB_DEVICE/Target/usbd_conf.o
                0x0000000008010ece                HAL_PCDEx_SetConnectionState
 .text.USBD_Get_USB_Status
                0x0000000008010ee4       0x58 ./USB_DEVICE/Target/usbd_conf.o
 .text.__assert_func
                0x0000000008010f3c       0x3c c:/st/stm32cubeide_1.7.0/stm32cubeide/plugins/com.st.stm32cube.ide.mcu.externaltools.gnu-tools-for-stm32.9-2020-q2-update.win32_2.0.0.202105311346/tools/bin/../lib/gcc/arm-none-eabi/9.3.1/../../../../arm-none-eabi/lib/thumb/v7-m/nofp\libc_nano.a(lib_a-assert.o)
                0x0000000008010f3c                __assert_func
 .text.__errno  0x0000000008010f78        0xc c:/st/stm32cubeide_1.7.0/stm32cubeide/plugins/com.st.stm32cube.ide.mcu.externaltools.gnu-tools-for-stm32.9-2020-q2-update.win32_2.0.0.202105311346/tools/bin/../lib/gcc/arm-none-eabi/9.3.1/../../../../arm-none-eabi/lib/thumb/v7-m/nofp\libc_nano.a(lib_a-errno.o)
                0x0000000008010f78                __errno
 .text.fprintf  0x0000000008010f84       0x24 c:/st/stm32cubeide_1.7.0/stm32cubeide/plugins/com.st.stm32cube.ide.mcu.externaltools.gnu-tools-for-stm32.9-2020-q2-update.win32_2.0.0.202105311346/tools/bin/../lib/gcc/arm-none-eabi/9.3.1/../../../../arm-none-eabi/lib/thumb/v7-m/nofp\libc_nano.a(lib_a-fprintf.o)
                0x0000000008010f84                fiprintf
                0x0000000008010f84                fprintf
 .text.__libc_init_array
                0x0000000008010fa8       0x48 c:/st/stm32cubeide_1.7.0/stm32cubeide/plugins/com.st.stm32cube.ide.mcu.externaltools.gnu-tools-for-stm32.9-2020-q2-update.win32_2.0.0.202105311346/tools/bin/../lib/gcc/arm-none-eabi/9.3.1/../../../../arm-none-eabi/lib/thumb/v7-m/nofp\libc_nano.a(lib_a-init.o)
                0x0000000008010fa8                __libc_init_array
 .text.malloc   0x0000000008010ff0       0x10 c:/st/stm32cubeide_1.7.0/stm32cubeide/plugins/com.st.stm32cube.ide.mcu.externaltools.gnu-tools-for-stm32.9-2020-q2-update.win32_2.0.0.202105311346/tools/bin/../lib/gcc/arm-none-eabi/9.3.1/../../../../arm-none-eabi/lib/thumb/v7-m/nofp\libc_nano.a(lib_a-malloc.o)
                0x0000000008010ff0                malloc
 .text.free     0x0000000008011000       0x10 c:/st/stm32cubeide_1.7.0/stm32cubeide/plugins/com.st.stm32cube.ide.mcu.externaltools.gnu-tools-for-stm32.9-2020-q2-update.win32_2.0.0.202105311346/tools/bin/../lib/gcc/arm-none-eabi/9.3.1/../../../../arm-none-eabi/lib/thumb/v7-m/nofp\libc_nano.a(lib_a-malloc.o)
                0x0000000008011000                free
 .text.memcmp   0x0000000008011010       0x1c c:/st/stm32cubeide_1.7.0/stm32cubeide/plugins/com.st.stm32cube.ide.mcu.externaltools.gnu-tools-for-stm32.9-2020-q2-update.win32_2.0.0.202105311346/tools/bin/../lib/gcc/arm-none-eabi/9.3.1/../../../../arm-none-eabi/lib/thumb/v7-m/nofp\libc_nano.a(lib_a-memcmp.o)
                0x0000000008011010                memcmp
 .text.memcpy   0x000000000801102c       0x1c c:/st/stm32cubeide_1.7.0/stm32cubeide/plugins/com.st.stm32cube.ide.mcu.externaltools.gnu-tools-for-stm32.9-2020-q2-update.win32_2.0.0.202105311346/tools/bin/../lib/gcc/arm-none-eabi/9.3.1/../../../../arm-none-eabi/lib/thumb/v7-m/nofp\libc_nano.a(lib_a-memcpy-stub.o)
                0x000000000801102c                memcpy
 .text.memset   0x0000000008011048       0x10 c:/st/stm32cubeide_1.7.0/stm32cubeide/plugins/com.st.stm32cube.ide.mcu.externaltools.gnu-tools-for-stm32.9-2020-q2-update.win32_2.0.0.202105311346/tools/bin/../lib/gcc/arm-none-eabi/9.3.1/../../../../arm-none-eabi/lib/thumb/v7-m/nofp\libc_nano.a(lib_a-memset.o)
                0x0000000008011048                memset
 .text._free_r  0x0000000008011058       0x98 c:/st/stm32cubeide_1.7.0/stm32cubeide/plugins/com.st.stm32cube.ide.mcu.externaltools.gnu-tools-for-stm32.9-2020-q2-update.win32_2.0.0.202105311346/tools/bin/../lib/gcc/arm-none-eabi/9.3.1/../../../../arm-none-eabi/lib/thumb/v7-m/nofp\libc_nano.a(lib_a-nano-freer.o)
                0x0000000008011058                _free_r
 .text._malloc_r
                0x00000000080110f0       0xb4 c:/st/stm32cubeide_1.7.0/stm32cubeide/plugins/com.st.stm32cube.ide.mcu.externaltools.gnu-tools-for-stm32.9-2020-q2-update.win32_2.0.0.202105311346/tools/bin/../lib/gcc/arm-none-eabi/9.3.1/../../../../arm-none-eabi/lib/thumb/v7-m/nofp\libc_nano.a(lib_a-nano-mallocr.o)
                0x00000000080110f0                _malloc_r
 .text.__sfputc_r
                0x00000000080111a4       0x2a c:/st/stm32cubeide_1.7.0/stm32cubeide/plugins/com.st.stm32cube.ide.mcu.externaltools.gnu-tools-for-stm32.9-2020-q2-update.win32_2.0.0.202105311346/tools/bin/../lib/gcc/arm-none-eabi/9.3.1/../../../../arm-none-eabi/lib/thumb/v7-m/nofp\libc_nano.a(lib_a-nano-vfprintf.o)
 .text.__sfputs_r
                0x00000000080111ce       0x24 c:/st/stm32cubeide_1.7.0/stm32cubeide/plugins/com.st.stm32cube.ide.mcu.externaltools.gnu-tools-for-stm32.9-2020-q2-update.win32_2.0.0.202105311346/tools/bin/../lib/gcc/arm-none-eabi/9.3.1/../../../../arm-none-eabi/lib/thumb/v7-m/nofp\libc_nano.a(lib_a-nano-vfprintf.o)
                0x00000000080111ce                __sfputs_r
 *fill*         0x00000000080111f2        0x2 
 .text._vfprintf_r
                0x00000000080111f4      0x260 c:/st/stm32cubeide_1.7.0/stm32cubeide/plugins/com.st.stm32cube.ide.mcu.externaltools.gnu-tools-for-stm32.9-2020-q2-update.win32_2.0.0.202105311346/tools/bin/../lib/gcc/arm-none-eabi/9.3.1/../../../../arm-none-eabi/lib/thumb/v7-m/nofp\libc_nano.a(lib_a-nano-vfprintf.o)
                0x00000000080111f4                _vfprintf_r
                0x00000000080111f4                _vfiprintf_r
 .text._printf_common
                0x0000000008011454       0xde c:/st/stm32cubeide_1.7.0/stm32cubeide/plugins/com.st.stm32cube.ide.mcu.externaltools.gnu-tools-for-stm32.9-2020-q2-update.win32_2.0.0.202105311346/tools/bin/../lib/gcc/arm-none-eabi/9.3.1/../../../../arm-none-eabi/lib/thumb/v7-m/nofp\libc_nano.a(lib_a-nano-vfprintf_i.o)
                0x0000000008011454                _printf_common
 *fill*         0x0000000008011532        0x2 
 .text._printf_i
                0x0000000008011534      0x24c c:/st/stm32cubeide_1.7.0/stm32cubeide/plugins/com.st.stm32cube.ide.mcu.externaltools.gnu-tools-for-stm32.9-2020-q2-update.win32_2.0.0.202105311346/tools/bin/../lib/gcc/arm-none-eabi/9.3.1/../../../../arm-none-eabi/lib/thumb/v7-m/nofp\libc_nano.a(lib_a-nano-vfprintf_i.o)
                0x0000000008011534                _printf_i
 .text.printf   0x0000000008011780       0x30 c:/st/stm32cubeide_1.7.0/stm32cubeide/plugins/com.st.stm32cube.ide.mcu.externaltools.gnu-tools-for-stm32.9-2020-q2-update.win32_2.0.0.202105311346/tools/bin/../lib/gcc/arm-none-eabi/9.3.1/../../../../arm-none-eabi/lib/thumb/v7-m/nofp\libc_nano.a(lib_a-printf.o)
                0x0000000008011780                iprintf
                0x0000000008011780                printf
 .text._sbrk_r  0x00000000080117b0       0x20 c:/st/stm32cubeide_1.7.0/stm32cubeide/plugins/com.st.stm32cube.ide.mcu.externaltools.gnu-tools-for-stm32.9-2020-q2-update.win32_2.0.0.202105311346/tools/bin/../lib/gcc/arm-none-eabi/9.3.1/../../../../arm-none-eabi/lib/thumb/v7-m/nofp\libc_nano.a(lib_a-sbrkr.o)
                0x00000000080117b0                _sbrk_r
 .text.strchr   0x00000000080117d0       0x1a c:/st/stm32cubeide_1.7.0/stm32cubeide/plugins/com.st.stm32cube.ide.mcu.externaltools.gnu-tools-for-stm32.9-2020-q2-update.win32_2.0.0.202105311346/tools/bin/../lib/gcc/arm-none-eabi/9.3.1/../../../../arm-none-eabi/lib/thumb/v7-m/nofp\libc_nano.a(lib_a-strchr.o)
                0x00000000080117d0                strchr
 .text.strcspn  0x00000000080117ea       0x22 c:/st/stm32cubeide_1.7.0/stm32cubeide/plugins/com.st.stm32cube.ide.mcu.externaltools.gnu-tools-for-stm32.9-2020-q2-update.win32_2.0.0.202105311346/tools/bin/../lib/gcc/arm-none-eabi/9.3.1/../../../../arm-none-eabi/lib/thumb/v7-m/nofp\libc_nano.a(lib_a-strcspn.o)
                0x00000000080117ea                strcspn
 .text.strspn   0x000000000801180c       0x20 c:/st/stm32cubeide_1.7.0/stm32cubeide/plugins/com.st.stm32cube.ide.mcu.externaltools.gnu-tools-for-stm32.9-2020-q2-update.win32_2.0.0.202105311346/tools/bin/../lib/gcc/arm-none-eabi/9.3.1/../../../../arm-none-eabi/lib/thumb/v7-m/nofp\libc_nano.a(lib_a-strspn.o)
                0x000000000801180c                strspn
 .text.__swbuf_r
                0x000000000801182c       0xa4 c:/st/stm32cubeide_1.7.0/stm32cubeide/plugins/com.st.stm32cube.ide.mcu.externaltools.gnu-tools-for-stm32.9-2020-q2-update.win32_2.0.0.202105311346/tools/bin/../lib/gcc/arm-none-eabi/9.3.1/../../../../arm-none-eabi/lib/thumb/v7-m/nofp\libc_nano.a(lib_a-wbuf.o)
                0x000000000801182c                __swbuf_r
 .text.__swsetup_r
                0x00000000080118d0       0xdc c:/st/stm32cubeide_1.7.0/stm32cubeide/plugins/com.st.stm32cube.ide.mcu.externaltools.gnu-tools-for-stm32.9-2020-q2-update.win32_2.0.0.202105311346/tools/bin/../lib/gcc/arm-none-eabi/9.3.1/../../../../arm-none-eabi/lib/thumb/v7-m/nofp\libc_nano.a(lib_a-wsetup.o)
                0x00000000080118d0                __swsetup_r
 .text.abort    0x00000000080119ac        0xe c:/st/stm32cubeide_1.7.0/stm32cubeide/plugins/com.st.stm32cube.ide.mcu.externaltools.gnu-tools-for-stm32.9-2020-q2-update.win32_2.0.0.202105311346/tools/bin/../lib/gcc/arm-none-eabi/9.3.1/../../../../arm-none-eabi/lib/thumb/v7-m/nofp\libc_nano.a(lib_a-abort.o)
                0x00000000080119ac                abort
 *fill*         0x00000000080119ba        0x2 
 .text.__sflush_r
                0x00000000080119bc      0x10c c:/st/stm32cubeide_1.7.0/stm32cubeide/plugins/com.st.stm32cube.ide.mcu.externaltools.gnu-tools-for-stm32.9-2020-q2-update.win32_2.0.0.202105311346/tools/bin/../lib/gcc/arm-none-eabi/9.3.1/../../../../arm-none-eabi/lib/thumb/v7-m/nofp\libc_nano.a(lib_a-fflush.o)
                0x00000000080119bc                __sflush_r
 .text._fflush_r
                0x0000000008011ac8       0x78 c:/st/stm32cubeide_1.7.0/stm32cubeide/plugins/com.st.stm32cube.ide.mcu.externaltools.gnu-tools-for-stm32.9-2020-q2-update.win32_2.0.0.202105311346/tools/bin/../lib/gcc/arm-none-eabi/9.3.1/../../../../arm-none-eabi/lib/thumb/v7-m/nofp\libc_nano.a(lib_a-fflush.o)
                0x0000000008011ac8                _fflush_r
 .text.std      0x0000000008011b40       0x48 c:/st/stm32cubeide_1.7.0/stm32cubeide/plugins/com.st.stm32cube.ide.mcu.externaltools.gnu-tools-for-stm32.9-2020-q2-update.win32_2.0.0.202105311346/tools/bin/../lib/gcc/arm-none-eabi/9.3.1/../../../../arm-none-eabi/lib/thumb/v7-m/nofp\libc_nano.a(lib_a-findfp.o)
 .text._cleanup_r
                0x0000000008011b88        0xc c:/st/stm32cubeide_1.7.0/stm32cubeide/plugins/com.st.stm32cube.ide.mcu.externaltools.gnu-tools-for-stm32.9-2020-q2-update.win32_2.0.0.202105311346/tools/bin/../lib/gcc/arm-none-eabi/9.3.1/../../../../arm-none-eabi/lib/thumb/v7-m/nofp\libc_nano.a(lib_a-findfp.o)
                0x0000000008011b88                _cleanup_r
 .text.__sfmoreglue
                0x0000000008011b94       0x2c c:/st/stm32cubeide_1.7.0/stm32cubeide/plugins/com.st.stm32cube.ide.mcu.externaltools.gnu-tools-for-stm32.9-2020-q2-update.win32_2.0.0.202105311346/tools/bin/../lib/gcc/arm-none-eabi/9.3.1/../../../../arm-none-eabi/lib/thumb/v7-m/nofp\libc_nano.a(lib_a-findfp.o)
                0x0000000008011b94                __sfmoreglue
 .text.__sfp_lock_acquire
                0x0000000008011bc0        0xc c:/st/stm32cubeide_1.7.0/stm32cubeide/plugins/com.st.stm32cube.ide.mcu.externaltools.gnu-tools-for-stm32.9-2020-q2-update.win32_2.0.0.202105311346/tools/bin/../lib/gcc/arm-none-eabi/9.3.1/../../../../arm-none-eabi/lib/thumb/v7-m/nofp\libc_nano.a(lib_a-findfp.o)
                0x0000000008011bc0                __sfp_lock_acquire
 .text.__sfp_lock_release
                0x0000000008011bcc        0xc c:/st/stm32cubeide_1.7.0/stm32cubeide/plugins/com.st.stm32cube.ide.mcu.externaltools.gnu-tools-for-stm32.9-2020-q2-update.win32_2.0.0.202105311346/tools/bin/../lib/gcc/arm-none-eabi/9.3.1/../../../../arm-none-eabi/lib/thumb/v7-m/nofp\libc_nano.a(lib_a-findfp.o)
                0x0000000008011bcc                __sfp_lock_release
 .text.__sinit_lock_acquire
                0x0000000008011bd8        0xc c:/st/stm32cubeide_1.7.0/stm32cubeide/plugins/com.st.stm32cube.ide.mcu.externaltools.gnu-tools-for-stm32.9-2020-q2-update.win32_2.0.0.202105311346/tools/bin/../lib/gcc/arm-none-eabi/9.3.1/../../../../arm-none-eabi/lib/thumb/v7-m/nofp\libc_nano.a(lib_a-findfp.o)
                0x0000000008011bd8                __sinit_lock_acquire
 .text.__sinit_lock_release
                0x0000000008011be4        0xc c:/st/stm32cubeide_1.7.0/stm32cubeide/plugins/com.st.stm32cube.ide.mcu.externaltools.gnu-tools-for-stm32.9-2020-q2-update.win32_2.0.0.202105311346/tools/bin/../lib/gcc/arm-none-eabi/9.3.1/../../../../arm-none-eabi/lib/thumb/v7-m/nofp\libc_nano.a(lib_a-findfp.o)
                0x0000000008011be4                __sinit_lock_release
 .text.__sinit  0x0000000008011bf0       0x70 c:/st/stm32cubeide_1.7.0/stm32cubeide/plugins/com.st.stm32cube.ide.mcu.externaltools.gnu-tools-for-stm32.9-2020-q2-update.win32_2.0.0.202105311346/tools/bin/../lib/gcc/arm-none-eabi/9.3.1/../../../../arm-none-eabi/lib/thumb/v7-m/nofp\libc_nano.a(lib_a-findfp.o)
                0x0000000008011bf0                __sinit
 .text.__sfp    0x0000000008011c60       0x8c c:/st/stm32cubeide_1.7.0/stm32cubeide/plugins/com.st.stm32cube.ide.mcu.externaltools.gnu-tools-for-stm32.9-2020-q2-update.win32_2.0.0.202105311346/tools/bin/../lib/gcc/arm-none-eabi/9.3.1/../../../../arm-none-eabi/lib/thumb/v7-m/nofp\libc_nano.a(lib_a-findfp.o)
                0x0000000008011c60                __sfp
 .text._fwalk_reent
                0x0000000008011cec       0x3e c:/st/stm32cubeide_1.7.0/stm32cubeide/plugins/com.st.stm32cube.ide.mcu.externaltools.gnu-tools-for-stm32.9-2020-q2-update.win32_2.0.0.202105311346/tools/bin/../lib/gcc/arm-none-eabi/9.3.1/../../../../arm-none-eabi/lib/thumb/v7-m/nofp\libc_nano.a(lib_a-fwalk.o)
                0x0000000008011cec                _fwalk_reent
 .text.__retarget_lock_init_recursive
                0x0000000008011d2a        0x2 c:/st/stm32cubeide_1.7.0/stm32cubeide/plugins/com.st.stm32cube.ide.mcu.externaltools.gnu-tools-for-stm32.9-2020-q2-update.win32_2.0.0.202105311346/tools/bin/../lib/gcc/arm-none-eabi/9.3.1/../../../../arm-none-eabi/lib/thumb/v7-m/nofp\libc_nano.a(lib_a-lock.o)
                0x0000000008011d2a                __retarget_lock_init_recursive
 .text.__retarget_lock_acquire_recursive
                0x0000000008011d2c        0x2 c:/st/stm32cubeide_1.7.0/stm32cubeide/plugins/com.st.stm32cube.ide.mcu.externaltools.gnu-tools-for-stm32.9-2020-q2-update.win32_2.0.0.202105311346/tools/bin/../lib/gcc/arm-none-eabi/9.3.1/../../../../arm-none-eabi/lib/thumb/v7-m/nofp\libc_nano.a(lib_a-lock.o)
                0x0000000008011d2c                __retarget_lock_acquire_recursive
 .text.__retarget_lock_release_recursive
                0x0000000008011d2e        0x2 c:/st/stm32cubeide_1.7.0/stm32cubeide/plugins/com.st.stm32cube.ide.mcu.externaltools.gnu-tools-for-stm32.9-2020-q2-update.win32_2.0.0.202105311346/tools/bin/../lib/gcc/arm-none-eabi/9.3.1/../../../../arm-none-eabi/lib/thumb/v7-m/nofp\libc_nano.a(lib_a-lock.o)
                0x0000000008011d2e                __retarget_lock_release_recursive
 .text.__swhatbuf_r
                0x0000000008011d30       0x48 c:/st/stm32cubeide_1.7.0/stm32cubeide/plugins/com.st.stm32cube.ide.mcu.externaltools.gnu-tools-for-stm32.9-2020-q2-update.win32_2.0.0.202105311346/tools/bin/../lib/gcc/arm-none-eabi/9.3.1/../../../../arm-none-eabi/lib/thumb/v7-m/nofp\libc_nano.a(lib_a-makebuf.o)
                0x0000000008011d30                __swhatbuf_r
 .text.__smakebuf_r
                0x0000000008011d78       0x80 c:/st/stm32cubeide_1.7.0/stm32cubeide/plugins/com.st.stm32cube.ide.mcu.externaltools.gnu-tools-for-stm32.9-2020-q2-update.win32_2.0.0.202105311346/tools/bin/../lib/gcc/arm-none-eabi/9.3.1/../../../../arm-none-eabi/lib/thumb/v7-m/nofp\libc_nano.a(lib_a-makebuf.o)
                0x0000000008011d78                __smakebuf_r
 .text.memchr   0x0000000008011df8       0x1c c:/st/stm32cubeide_1.7.0/stm32cubeide/plugins/com.st.stm32cube.ide.mcu.externaltools.gnu-tools-for-stm32.9-2020-q2-update.win32_2.0.0.202105311346/tools/bin/../lib/gcc/arm-none-eabi/9.3.1/../../../../arm-none-eabi/lib/thumb/v7-m/nofp\libc_nano.a(lib_a-memchr-stub.o)
                0x0000000008011df8                memchr
 .text.__malloc_lock
                0x0000000008011e14        0xc c:/st/stm32cubeide_1.7.0/stm32cubeide/plugins/com.st.stm32cube.ide.mcu.externaltools.gnu-tools-for-stm32.9-2020-q2-update.win32_2.0.0.202105311346/tools/bin/../lib/gcc/arm-none-eabi/9.3.1/../../../../arm-none-eabi/lib/thumb/v7-m/nofp\libc_nano.a(lib_a-mlock.o)
                0x0000000008011e14                __malloc_lock
 .text.__malloc_unlock
                0x0000000008011e20        0xc c:/st/stm32cubeide_1.7.0/stm32cubeide/plugins/com.st.stm32cube.ide.mcu.externaltools.gnu-tools-for-stm32.9-2020-q2-update.win32_2.0.0.202105311346/tools/bin/../lib/gcc/arm-none-eabi/9.3.1/../../../../arm-none-eabi/lib/thumb/v7-m/nofp\libc_nano.a(lib_a-mlock.o)
                0x0000000008011e20                __malloc_unlock
 .text._raise_r
                0x0000000008011e2c       0x50 c:/st/stm32cubeide_1.7.0/stm32cubeide/plugins/com.st.stm32cube.ide.mcu.externaltools.gnu-tools-for-stm32.9-2020-q2-update.win32_2.0.0.202105311346/tools/bin/../lib/gcc/arm-none-eabi/9.3.1/../../../../arm-none-eabi/lib/thumb/v7-m/nofp\libc_nano.a(lib_a-signal.o)
                0x0000000008011e2c                _raise_r
 .text.raise    0x0000000008011e7c       0x10 c:/st/stm32cubeide_1.7.0/stm32cubeide/plugins/com.st.stm32cube.ide.mcu.externaltools.gnu-tools-for-stm32.9-2020-q2-update.win32_2.0.0.202105311346/tools/bin/../lib/gcc/arm-none-eabi/9.3.1/../../../../arm-none-eabi/lib/thumb/v7-m/nofp\libc_nano.a(lib_a-signal.o)
                0x0000000008011e7c                raise
 .text._kill_r  0x0000000008011e8c       0x24 c:/st/stm32cubeide_1.7.0/stm32cubeide/plugins/com.st.stm32cube.ide.mcu.externaltools.gnu-tools-for-stm32.9-2020-q2-update.win32_2.0.0.202105311346/tools/bin/../lib/gcc/arm-none-eabi/9.3.1/../../../../arm-none-eabi/lib/thumb/v7-m/nofp\libc_nano.a(lib_a-signalr.o)
                0x0000000008011e8c                _kill_r
 .text._getpid_r
                0x0000000008011eb0        0x4 c:/st/stm32cubeide_1.7.0/stm32cubeide/plugins/com.st.stm32cube.ide.mcu.externaltools.gnu-tools-for-stm32.9-2020-q2-update.win32_2.0.0.202105311346/tools/bin/../lib/gcc/arm-none-eabi/9.3.1/../../../../arm-none-eabi/lib/thumb/v7-m/nofp\libc_nano.a(lib_a-signalr.o)
                0x0000000008011eb0                _getpid_r
 .text.__sread  0x0000000008011eb4       0x22 c:/st/stm32cubeide_1.7.0/stm32cubeide/plugins/com.st.stm32cube.ide.mcu.externaltools.gnu-tools-for-stm32.9-2020-q2-update.win32_2.0.0.202105311346/tools/bin/../lib/gcc/arm-none-eabi/9.3.1/../../../../arm-none-eabi/lib/thumb/v7-m/nofp\libc_nano.a(lib_a-stdio.o)
                0x0000000008011eb4                __sread
 .text.__swrite
                0x0000000008011ed6       0x38 c:/st/stm32cubeide_1.7.0/stm32cubeide/plugins/com.st.stm32cube.ide.mcu.externaltools.gnu-tools-for-stm32.9-2020-q2-update.win32_2.0.0.202105311346/tools/bin/../lib/gcc/arm-none-eabi/9.3.1/../../../../arm-none-eabi/lib/thumb/v7-m/nofp\libc_nano.a(lib_a-stdio.o)
                0x0000000008011ed6                __swrite
 .text.__sseek  0x0000000008011f0e       0x24 c:/st/stm32cubeide_1.7.0/stm32cubeide/plugins/com.st.stm32cube.ide.mcu.externaltools.gnu-tools-for-stm32.9-2020-q2-update.win32_2.0.0.202105311346/tools/bin/../lib/gcc/arm-none-eabi/9.3.1/../../../../arm-none-eabi/lib/thumb/v7-m/nofp\libc_nano.a(lib_a-stdio.o)
                0x0000000008011f0e                __sseek
 .text.__sclose
                0x0000000008011f32        0x8 c:/st/stm32cubeide_1.7.0/stm32cubeide/plugins/com.st.stm32cube.ide.mcu.externaltools.gnu-tools-for-stm32.9-2020-q2-update.win32_2.0.0.202105311346/tools/bin/../lib/gcc/arm-none-eabi/9.3.1/../../../../arm-none-eabi/lib/thumb/v7-m/nofp\libc_nano.a(lib_a-stdio.o)
                0x0000000008011f32                __sclose
 *fill*         0x0000000008011f3a        0x2 
 .text._write_r
                0x0000000008011f3c       0x24 c:/st/stm32cubeide_1.7.0/stm32cubeide/plugins/com.st.stm32cube.ide.mcu.externaltools.gnu-tools-for-stm32.9-2020-q2-update.win32_2.0.0.202105311346/tools/bin/../lib/gcc/arm-none-eabi/9.3.1/../../../../arm-none-eabi/lib/thumb/v7-m/nofp\libc_nano.a(lib_a-writer.o)
                0x0000000008011f3c                _write_r
 .text._close_r
                0x0000000008011f60       0x20 c:/st/stm32cubeide_1.7.0/stm32cubeide/plugins/com.st.stm32cube.ide.mcu.externaltools.gnu-tools-for-stm32.9-2020-q2-update.win32_2.0.0.202105311346/tools/bin/../lib/gcc/arm-none-eabi/9.3.1/../../../../arm-none-eabi/lib/thumb/v7-m/nofp\libc_nano.a(lib_a-closer.o)
                0x0000000008011f60                _close_r
 .text._fstat_r
                0x0000000008011f80       0x24 c:/st/stm32cubeide_1.7.0/stm32cubeide/plugins/com.st.stm32cube.ide.mcu.externaltools.gnu-tools-for-stm32.9-2020-q2-update.win32_2.0.0.202105311346/tools/bin/../lib/gcc/arm-none-eabi/9.3.1/../../../../arm-none-eabi/lib/thumb/v7-m/nofp\libc_nano.a(lib_a-fstatr.o)
                0x0000000008011f80                _fstat_r
 .text._isatty_r
                0x0000000008011fa4       0x20 c:/st/stm32cubeide_1.7.0/stm32cubeide/plugins/com.st.stm32cube.ide.mcu.externaltools.gnu-tools-for-stm32.9-2020-q2-update.win32_2.0.0.202105311346/tools/bin/../lib/gcc/arm-none-eabi/9.3.1/../../../../arm-none-eabi/lib/thumb/v7-m/nofp\libc_nano.a(lib_a-isattyr.o)
                0x0000000008011fa4                _isatty_r
 .text._lseek_r
                0x0000000008011fc4       0x24 c:/st/stm32cubeide_1.7.0/stm32cubeide/plugins/com.st.stm32cube.ide.mcu.externaltools.gnu-tools-for-stm32.9-2020-q2-update.win32_2.0.0.202105311346/tools/bin/../lib/gcc/arm-none-eabi/9.3.1/../../../../arm-none-eabi/lib/thumb/v7-m/nofp\libc_nano.a(lib_a-lseekr.o)
                0x0000000008011fc4                _lseek_r
 .text._read_r  0x0000000008011fe8       0x24 c:/st/stm32cubeide_1.7.0/stm32cubeide/plugins/com.st.stm32cube.ide.mcu.externaltools.gnu-tools-for-stm32.9-2020-q2-update.win32_2.0.0.202105311346/tools/bin/../lib/gcc/arm-none-eabi/9.3.1/../../../../arm-none-eabi/lib/thumb/v7-m/nofp\libc_nano.a(lib_a-readr.o)
                0x0000000008011fe8                _read_r
 *(.glue_7)
 .glue_7        0x000000000801200c        0x0 linker stubs
 *(.glue_7t)
 .glue_7t       0x000000000801200c        0x0 linker stubs
 *(.eh_frame)
 .eh_frame      0x000000000801200c        0x0 c:/st/stm32cubeide_1.7.0/stm32cubeide/plugins/com.st.stm32cube.ide.mcu.externaltools.gnu-tools-for-stm32.9-2020-q2-update.win32_2.0.0.202105311346/tools/bin/../lib/gcc/arm-none-eabi/9.3.1/thumb/v7-m/nofp/crtbegin.o
 *(.init)
 .init          0x000000000801200c        0x4 c:/st/stm32cubeide_1.7.0/stm32cubeide/plugins/com.st.stm32cube.ide.mcu.externaltools.gnu-tools-for-stm32.9-2020-q2-update.win32_2.0.0.202105311346/tools/bin/../lib/gcc/arm-none-eabi/9.3.1/thumb/v7-m/nofp/crti.o
                0x000000000801200c                _init
 .init          0x0000000008012010        0x8 c:/st/stm32cubeide_1.7.0/stm32cubeide/plugins/com.st.stm32cube.ide.mcu.externaltools.gnu-tools-for-stm32.9-2020-q2-update.win32_2.0.0.202105311346/tools/bin/../lib/gcc/arm-none-eabi/9.3.1/thumb/v7-m/nofp/crtn.o
 *(.fini)
 .fini          0x0000000008012018        0x4 c:/st/stm32cubeide_1.7.0/stm32cubeide/plugins/com.st.stm32cube.ide.mcu.externaltools.gnu-tools-for-stm32.9-2020-q2-update.win32_2.0.0.202105311346/tools/bin/../lib/gcc/arm-none-eabi/9.3.1/thumb/v7-m/nofp/crti.o
                0x0000000008012018                _fini
 .fini          0x000000000801201c        0x8 c:/st/stm32cubeide_1.7.0/stm32cubeide/plugins/com.st.stm32cube.ide.mcu.externaltools.gnu-tools-for-stm32.9-2020-q2-update.win32_2.0.0.202105311346/tools/bin/../lib/gcc/arm-none-eabi/9.3.1/thumb/v7-m/nofp/crtn.o
                0x0000000008012024                . = ALIGN (0x4)
                0x0000000008012024                _etext = .

.vfp11_veneer   0x0000000008012024        0x0
 .vfp11_veneer  0x0000000008012024        0x0 linker stubs

.v4_bx          0x0000000008012024        0x0
 .v4_bx         0x0000000008012024        0x0 linker stubs

.iplt           0x0000000008012024        0x0
 .iplt          0x0000000008012024        0x0 c:/st/stm32cubeide_1.7.0/stm32cubeide/plugins/com.st.stm32cube.ide.mcu.externaltools.gnu-tools-for-stm32.9-2020-q2-update.win32_2.0.0.202105311346/tools/bin/../lib/gcc/arm-none-eabi/9.3.1/thumb/v7-m/nofp/crtbegin.o

.rodata         0x0000000008012024      0xfc4
                0x0000000008012024                . = ALIGN (0x4)
 *(.rodata)
 .rodata        0x0000000008012024      0xc56 ./Core/Src/lfs.o
 *fill*         0x0000000008012c7a        0x2 
 .rodata        0x0000000008012c7c       0x38 ./Core/Src/main.o
 .rodata        0x0000000008012cb4       0x46 ./USB_DEVICE/App/usbd_desc.o
 *(.rodata*)
 *fill*         0x0000000008012cfa        0x2 
 .rodata.__func__.6325
                0x0000000008012cfc        0xc ./Core/Src/lfs.o
 .rodata.__func__.6371
                0x0000000008012d08        0xd ./Core/Src/lfs.o
 *fill*         0x0000000008012d15        0x3 
 .rodata.__func__.6382
                0x0000000008012d18        0xc ./Core/Src/lfs.o
 .rodata.__func__.6394
                0x0000000008012d24        0xc ./Core/Src/lfs.o
 .rodata.__func__.6404
                0x0000000008012d30        0xd ./Core/Src/lfs.o
 *fill*         0x0000000008012d3d        0x3 
 .rodata.__func__.6762
                0x0000000008012d40       0x11 ./Core/Src/lfs.o
 *fill*         0x0000000008012d51        0x3 
 .rodata.__func__.6993
                0x0000000008012d54       0x10 ./Core/Src/lfs.o
 .rodata.__func__.7032
                0x0000000008012d64       0x19 ./Core/Src/lfs.o
 *fill*         0x0000000008012d7d        0x3 
 .rodata.__func__.7089
                0x0000000008012d80       0x18 ./Core/Src/lfs.o
 .rodata.defaults.7261
                0x0000000008012d98        0xc ./Core/Src/lfs.o
 .rodata.__func__.7333
                0x0000000008012da4        0xf ./Core/Src/lfs.o
 *fill*         0x0000000008012db3        0x1 
 .rodata.__func__.7361
                0x0000000008012db4       0x10 ./Core/Src/lfs.o
 .rodata.__func__.7494
                0x0000000008012dc4        0x9 ./Core/Src/lfs.o
 *fill*         0x0000000008012dcd        0x3 
 .rodata.__func__.7507
                0x0000000008012dd0        0xc ./Core/Src/lfs.o
 .rodata.__func__.7629
                0x0000000008012ddc       0x13 ./Core/Src/lfs.o
 *fill*         0x0000000008012def        0x1 
 .rodata.__func__.7646
                0x0000000008012df0        0xe ./Core/Src/lfs.o
 *fill*         0x0000000008012dfe        0x2 
 .rodata.__func__.7777
                0x0000000008012e00        0xe ./Core/Src/lfs.o
 *fill*         0x0000000008012e0e        0x2 
 .rodata.__func__.7792
                0x0000000008012e10        0xf ./Core/Src/lfs.o
 *fill*         0x0000000008012e1f        0x1 
 .rodata.__func__.7806
                0x0000000008012e20        0xe ./Core/Src/lfs.o
 *fill*         0x0000000008012e2e        0x2 
 .rodata.__func__.7815
                0x0000000008012e30        0xf ./Core/Src/lfs.o
 *fill*         0x0000000008012e3f        0x1 
 .rodata.rtable.5981
                0x0000000008012e40       0x40 ./Core/Src/lfs_util.o
 .rodata.cfg    0x0000000008012e80       0x54 ./Core/Src/main.o
                0x0000000008012e80                cfg
 .rodata.AHBPrescTable
                0x0000000008012ed4       0x10 ./Core/Src/system_stm32f1xx.o
                0x0000000008012ed4                AHBPrescTable
 .rodata.APBPrescTable
                0x0000000008012ee4        0x8 ./Core/Src/system_stm32f1xx.o
                0x0000000008012ee4                APBPrescTable
 .rodata.aPLLMULFactorTable.6229
                0x0000000008012eec       0x10 ./Drivers/STM32F1xx_HAL_Driver/Src/stm32f1xx_hal_rcc.o
 .rodata.aPredivFactorTable.6230
                0x0000000008012efc        0x2 ./Drivers/STM32F1xx_HAL_Driver/Src/stm32f1xx_hal_rcc.o
 *fill*         0x0000000008012efe        0x2 
 .rodata.aPLLMULFactorTable.6164
                0x0000000008012f00       0x10 ./Drivers/STM32F1xx_HAL_Driver/Src/stm32f1xx_hal_rcc_ex.o
 .rodata.aPredivFactorTable.6165
                0x0000000008012f10        0x2 ./Drivers/STM32F1xx_HAL_Driver/Src/stm32f1xx_hal_rcc_ex.o
 .rodata.__assert_func.str1.1
                0x0000000008012f12       0x3c c:/st/stm32cubeide_1.7.0/stm32cubeide/plugins/com.st.stm32cube.ide.mcu.externaltools.gnu-tools-for-stm32.9-2020-q2-update.win32_2.0.0.202105311346/tools/bin/../lib/gcc/arm-none-eabi/9.3.1/../../../../arm-none-eabi/lib/thumb/v7-m/nofp\libc_nano.a(lib_a-assert.o)
                                         0x3d (size before relaxing)
 *fill*         0x0000000008012f4e        0x2 
 .rodata._global_impure_ptr
                0x0000000008012f50        0x4 c:/st/stm32cubeide_1.7.0/stm32cubeide/plugins/com.st.stm32cube.ide.mcu.externaltools.gnu-tools-for-stm32.9-2020-q2-update.win32_2.0.0.202105311346/tools/bin/../lib/gcc/arm-none-eabi/9.3.1/../../../../arm-none-eabi/lib/thumb/v7-m/nofp\libc_nano.a(lib_a-impure.o)
                0x0000000008012f50                _global_impure_ptr
 .rodata._vfprintf_r.str1.1
                0x0000000008012f54       0x11 c:/st/stm32cubeide_1.7.0/stm32cubeide/plugins/com.st.stm32cube.ide.mcu.externaltools.gnu-tools-for-stm32.9-2020-q2-update.win32_2.0.0.202105311346/tools/bin/../lib/gcc/arm-none-eabi/9.3.1/../../../../arm-none-eabi/lib/thumb/v7-m/nofp\libc_nano.a(lib_a-nano-vfprintf.o)
 .rodata._printf_i.str1.1
                0x0000000008012f65       0x22 c:/st/stm32cubeide_1.7.0/stm32cubeide/plugins/com.st.stm32cube.ide.mcu.externaltools.gnu-tools-for-stm32.9-2020-q2-update.win32_2.0.0.202105311346/tools/bin/../lib/gcc/arm-none-eabi/9.3.1/../../../../arm-none-eabi/lib/thumb/v7-m/nofp\libc_nano.a(lib_a-nano-vfprintf_i.o)
 *fill*         0x0000000008012f87        0x1 
 .rodata.__sf_fake_stderr
                0x0000000008012f88       0x20 c:/st/stm32cubeide_1.7.0/stm32cubeide/plugins/com.st.stm32cube.ide.mcu.externaltools.gnu-tools-for-stm32.9-2020-q2-update.win32_2.0.0.202105311346/tools/bin/../lib/gcc/arm-none-eabi/9.3.1/../../../../arm-none-eabi/lib/thumb/v7-m/nofp\libc_nano.a(lib_a-findfp.o)
                0x0000000008012f88                __sf_fake_stderr
 .rodata.__sf_fake_stdin
                0x0000000008012fa8       0x20 c:/st/stm32cubeide_1.7.0/stm32cubeide/plugins/com.st.stm32cube.ide.mcu.externaltools.gnu-tools-for-stm32.9-2020-q2-update.win32_2.0.0.202105311346/tools/bin/../lib/gcc/arm-none-eabi/9.3.1/../../../../arm-none-eabi/lib/thumb/v7-m/nofp\libc_nano.a(lib_a-findfp.o)
                0x0000000008012fa8                __sf_fake_stdin
 .rodata.__sf_fake_stdout
                0x0000000008012fc8       0x20 c:/st/stm32cubeide_1.7.0/stm32cubeide/plugins/com.st.stm32cube.ide.mcu.externaltools.gnu-tools-for-stm32.9-2020-q2-update.win32_2.0.0.202105311346/tools/bin/../lib/gcc/arm-none-eabi/9.3.1/../../../../arm-none-eabi/lib/thumb/v7-m/nofp\libc_nano.a(lib_a-findfp.o)
                0x0000000008012fc8                __sf_fake_stdout
                0x0000000008012fe8                . = ALIGN (0x4)

.rel.dyn        0x0000000008012fe8        0x0
 .rel.iplt      0x0000000008012fe8        0x0 c:/st/stm32cubeide_1.7.0/stm32cubeide/plugins/com.st.stm32cube.ide.mcu.externaltools.gnu-tools-for-stm32.9-2020-q2-update.win32_2.0.0.202105311346/tools/bin/../lib/gcc/arm-none-eabi/9.3.1/thumb/v7-m/nofp/crtbegin.o

.ARM.extab      0x0000000008012fe8        0x0
                0x0000000008012fe8                . = ALIGN (0x4)
 *(.ARM.extab* .gnu.linkonce.armextab.*)
                0x0000000008012fe8                . = ALIGN (0x4)

.ARM            0x0000000008012fe8        0x0
                0x0000000008012fe8                . = ALIGN (0x4)
                0x0000000008012fe8                __exidx_start = .
 *(.ARM.exidx*)
                0x0000000008012fe8                __exidx_end = .
                0x0000000008012fe8                . = ALIGN (0x4)

.preinit_array  0x0000000008012fe8        0x0
                0x0000000008012fe8                . = ALIGN (0x4)
                0x0000000008012fe8                PROVIDE (__preinit_array_start = .)
 *(.preinit_array*)
                0x0000000008012fe8                PROVIDE (__preinit_array_end = .)
                0x0000000008012fe8                . = ALIGN (0x4)

.init_array     0x0000000008012fe8        0x4
                0x0000000008012fe8                . = ALIGN (0x4)
                0x0000000008012fe8                PROVIDE (__init_array_start = .)
 *(SORT_BY_NAME(.init_array.*))
 *(.init_array*)
 .init_array    0x0000000008012fe8        0x4 c:/st/stm32cubeide_1.7.0/stm32cubeide/plugins/com.st.stm32cube.ide.mcu.externaltools.gnu-tools-for-stm32.9-2020-q2-update.win32_2.0.0.202105311346/tools/bin/../lib/gcc/arm-none-eabi/9.3.1/thumb/v7-m/nofp/crtbegin.o
                0x0000000008012fec                PROVIDE (__init_array_end = .)
                0x0000000008012fec                . = ALIGN (0x4)

.fini_array     0x0000000008012fec        0x4
                0x0000000008012fec                . = ALIGN (0x4)
                [!provide]                        PROVIDE (__fini_array_start = .)
 *(SORT_BY_NAME(.fini_array.*))
 *(.fini_array*)