main.c:74:6:HAL_SPI_TxCpltCallback	16	static
main.c:78:6:HAL_SPI_RxCpltCallback	16	static
main.c:82:6:nor_delay_us	16	static
main.c:93:6:nor_cs_assert	8	static
main.c:97:6:nor_cs_deassert	8	static
main.c:101:6:nor_spi_tx	16	static
main.c:108:6:nor_spi_rx	16	static
main.c:115:6:__init_nor	8	static
main.c:129:5:_fs_read	32	static
main.c:139:5:_fs_write	32	static
main.c:149:5:_fs_erase	16	static
main.c:157:5:_fs_sync	16	static
main.c:161:6:__init_littefs	16	static
main.c:190:6:__init_storage	8	static
main.c:209:5:main	8	static
main.c:273:6:SystemClock_Config	72	static
main.c:312:13:MX_SPI2_Init	8	static
main.c:350:13:MX_USART2_UART_Init	8	static
main.c:381:13:MX_DMA_Init	16	static
main.c:402:13:MX_GPIO_Init	40	static
main.c:431:6:Error_Handler	4	static,ignoring_inline_asm
