nor.c:54:13:_nor_cs_assert	16	static
nor.c:58:13:_nor_cs_deassert	16	static
nor.c:62:13:_nor_spi_tx	24	static
nor.c:66:13:_nor_spi_rx	24	static
nor.c:70:13:_nor_delay_us	16	static
nor.c:74:17:_nor_ReadID	24	static
nor.c:87:17:_nor_ReadUniqID	40	static
nor.c:103:13:_nor_WriteEnable	24	static
nor.c:113:6:_nor_WriteDisable	24	static
nor.c:122:9:_nor_ReadStatusRegister	24	static
nor.c:153:6:_nor_WriteStatusRegister	24	static
nor.c:179:11:_nor_WaitForWriteEnd	24	static
nor.c:200:11:_nor_check_buff_is_empty	24	static
nor.c:216:11:NOR_Init	24	static
nor.c:285:11:NOR_Init_wo_ID	24	static
nor.c:340:11:NOR_ExitPowerDown	24	static
nor.c:358:11:NOR_EnterPowerDown	24	static
nor.c:375:11:NOR_EraseChip	24	static
nor.c:394:11:NOR_EraseAddress	40	static
nor.c:435:11:NOR_EraseSector	24	static
nor.c:444:11:NOR_EraseBlock	24	static
nor.c:453:10:NOR_PageToSector	16	static
nor.c:458:10:NOR_PageToBlock	16	static
nor.c:463:10:NOR_SectorToBlock	16	static
nor.c:468:10:NOR_SectorToPage	16	static
nor.c:473:10:NOR_BlockToPage	16	static
nor.c:478:11:NOR_IsEmptyAddress	88	static
nor.c:502:11:NOR_IsEmptyPage	32	static
nor.c:511:11:NOR_IsEmptySector	32	static
nor.c:520:11:NOR_IsEmptyBlock	32	static
nor.c:529:11:NOR_WriteBytes	40	static
nor.c:579:11:NOR_WritePage	32	static
nor.c:593:11:NOR_WriteSector	32	static
nor.c:607:11:NOR_WriteBlock	32	static
nor.c:621:11:NOR_ReadBytes	48	static
nor.c:674:11:NOR_ReadPage	32	static
nor.c:688:11:NOR_ReadSector	32	static
nor.c:702:11:NOR_ReadBlock	32	static
