Archive member included to satisfy reference by file (symbol)

c:/st/stm32cubeide_1.7.0/stm32cubeide/plugins/com.st.stm32cube.ide.mcu.externaltools.gnu-tools-for-stm32.9-2020-q2-update.win32_2.0.0.202105311346/tools/bin/../lib/gcc/arm-none-eabi/9.3.1/../../../../arm-none-eabi/lib/thumb/v7e-m+fp/hard\libc_nano.a(lib_a-assert.o)
                              ./Core/Src/lfs.o (__assert_func)
c:/st/stm32cubeide_1.7.0/stm32cubeide/plugins/com.st.stm32cube.ide.mcu.externaltools.gnu-tools-for-stm32.9-2020-q2-update.win32_2.0.0.202105311346/tools/bin/../lib/gcc/arm-none-eabi/9.3.1/../../../../arm-none-eabi/lib/thumb/v7e-m+fp/hard\libc_nano.a(lib_a-errno.o)
                              ./Core/Src/syscalls.o (__errno)
c:/st/stm32cubeide_1.7.0/stm32cubeide/plugins/com.st.stm32cube.ide.mcu.externaltools.gnu-tools-for-stm32.9-2020-q2-update.win32_2.0.0.202105311346/tools/bin/../lib/gcc/arm-none-eabi/9.3.1/../../../../arm-none-eabi/lib/thumb/v7e-m+fp/hard\libc_nano.a(lib_a-exit.o)
                              c:/st/stm32cubeide_1.7.0/stm32cubeide/plugins/com.st.stm32cube.ide.mcu.externaltools.gnu-tools-for-stm32.9-2020-q2-update.win32_2.0.0.202105311346/tools/bin/../lib/gcc/arm-none-eabi/9.3.1/../../../../arm-none-eabi/lib/thumb/v7e-m+fp/hard/crt0.o (exit)
c:/st/stm32cubeide_1.7.0/stm32cubeide/plugins/com.st.stm32cube.ide.mcu.externaltools.gnu-tools-for-stm32.9-2020-q2-update.win32_2.0.0.202105311346/tools/bin/../lib/gcc/arm-none-eabi/9.3.1/../../../../arm-none-eabi/lib/thumb/v7e-m+fp/hard\libc_nano.a(lib_a-fprintf.o)
                              c:/st/stm32cubeide_1.7.0/stm32cubeide/plugins/com.st.stm32cube.ide.mcu.externaltools.gnu-tools-for-stm32.9-2020-q2-update.win32_2.0.0.202105311346/tools/bin/../lib/gcc/arm-none-eabi/9.3.1/../../../../arm-none-eabi/lib/thumb/v7e-m+fp/hard\libc_nano.a(lib_a-assert.o) (fiprintf)
c:/st/stm32cubeide_1.7.0/stm32cubeide/plugins/com.st.stm32cube.ide.mcu.externaltools.gnu-tools-for-stm32.9-2020-q2-update.win32_2.0.0.202105311346/tools/bin/../lib/gcc/arm-none-eabi/9.3.1/../../../../arm-none-eabi/lib/thumb/v7e-m+fp/hard\libc_nano.a(lib_a-impure.o)
                              c:/st/stm32cubeide_1.7.0/stm32cubeide/plugins/com.st.stm32cube.ide.mcu.externaltools.gnu-tools-for-stm32.9-2020-q2-update.win32_2.0.0.202105311346/tools/bin/../lib/gcc/arm-none-eabi/9.3.1/../../../../arm-none-eabi/lib/thumb/v7e-m+fp/hard\libc_nano.a(lib_a-exit.o) (_global_impure_ptr)
c:/st/stm32cubeide_1.7.0/stm32cubeide/plugins/com.st.stm32cube.ide.mcu.externaltools.gnu-tools-for-stm32.9-2020-q2-update.win32_2.0.0.202105311346/tools/bin/../lib/gcc/arm-none-eabi/9.3.1/../../../../arm-none-eabi/lib/thumb/v7e-m+fp/hard\libc_nano.a(lib_a-init.o)
                              c:/st/stm32cubeide_1.7.0/stm32cubeide/plugins/com.st.stm32cube.ide.mcu.externaltools.gnu-tools-for-stm32.9-2020-q2-update.win32_2.0.0.202105311346/tools/bin/../lib/gcc/arm-none-eabi/9.3.1/../../../../arm-none-eabi/lib/thumb/v7e-m+fp/hard/crt0.o (__libc_init_array)
c:/st/stm32cubeide_1.7.0/stm32cubeide/plugins/com.st.stm32cube.ide.mcu.externaltools.gnu-tools-for-stm32.9-2020-q2-update.win32_2.0.0.202105311346/tools/bin/../lib/gcc/arm-none-eabi/9.3.1/../../../../arm-none-eabi/lib/thumb/v7e-m+fp/hard\libc_nano.a(lib_a-malloc.o)
                              ./Core/Src/lfs.o (malloc)
c:/st/stm32cubeide_1.7.0/stm32cubeide/plugins/com.st.stm32cube.ide.mcu.externaltools.gnu-tools-for-stm32.9-2020-q2-update.win32_2.0.0.202105311346/tools/bin/../lib/gcc/arm-none-eabi/9.3.1/../../../../arm-none-eabi/lib/thumb/v7e-m+fp/hard\libc_nano.a(lib_a-memcmp.o)
                              ./Core/Src/lfs.o (memcmp)
c:/st/stm32cubeide_1.7.0/stm32cubeide/plugins/com.st.stm32cube.ide.mcu.externaltools.gnu-tools-for-stm32.9-2020-q2-update.win32_2.0.0.202105311346/tools/bin/../lib/gcc/arm-none-eabi/9.3.1/../../../../arm-none-eabi/lib/thumb/v7e-m+fp/hard\libc_nano.a(lib_a-memcpy-stub.o)
                              ./Core/Src/lfs.o (memcpy)
c:/st/stm32cubeide_1.7.0/stm32cubeide/plugins/com.st.stm32cube.ide.mcu.externaltools.gnu-tools-for-stm32.9-2020-q2-update.win32_2.0.0.202105311346/tools/bin/../lib/gcc/arm-none-eabi/9.3.1/../../../../arm-none-eabi/lib/thumb/v7e-m+fp/hard\libc_nano.a(lib_a-memset.o)
                              c:/st/stm32cubeide_1.7.0/stm32cubeide/plugins/com.st.stm32cube.ide.mcu.externaltools.gnu-tools-for-stm32.9-2020-q2-update.win32_2.0.0.202105311346/tools/bin/../lib/gcc/arm-none-eabi/9.3.1/../../../../arm-none-eabi/lib/thumb/v7e-m+fp/hard/crt0.o (memset)
c:/st/stm32cubeide_1.7.0/stm32cubeide/plugins/com.st.stm32cube.ide.mcu.externaltools.gnu-tools-for-stm32.9-2020-q2-update.win32_2.0.0.202105311346/tools/bin/../lib/gcc/arm-none-eabi/9.3.1/../../../../arm-none-eabi/lib/thumb/v7e-m+fp/hard\libc_nano.a(lib_a-nano-freer.o)
[...]
Memory Configuration

Name             Origin             Length             Attributes
CCMRAM           0x0000000010000000 0x0000000000010000 xrw
RAM              0x0000000020000000 0x0000000000030000 xrw
FLASH            0x0000000008000000 0x0000000000200000 xr
*default*        0x0000000000000000 0xffffffffffffffff

Linker script and memory map

LOAD c:/st/stm32cubeide_1.7.0/stm32cubeide/plugins/com.st.stm32cube.ide.mcu.externaltools.gnu-tools-for-stm32.9-2020-q2-update.win32_2.0.0.202105311346/tools/bin/../lib/gcc/arm-none-eabi/9.3.1/thumb/v7e-m+fp/hard/crti.o
LOAD c:/st/stm32cubeide_1.7.0/stm32cubeide/plugins/com.st.stm32cube.ide.mcu.externaltools.gnu-tools-for-stm32.9-2020-q2-update.win32_2.0.0.202105311346/tools/bin/../lib/gcc/arm-none-eabi/9.3.1/thumb/v7e-m+fp/hard/crtbegin.o
LOAD c:/st/stm32cubeide_1.7.0/stm32cubeide/plugins/com.st.stm32cube.ide.mcu.externaltools.gnu-tools-for-stm32.9-2020-q2-update.win32_2.0.0.202105311346/tools/bin/../lib/gcc/arm-none-eabi/9.3.1/../../../../arm-none-eabi/lib/thumb/v7e-m+fp/hard/crt0.o
LOAD ./Core/Src/MT25Q.o
LOAD ./Core/Src/lfs.o
LOAD ./Core/Src/lfs_util.o
LOAD ./Core/Src/main.o
LOAD ./Core/Src/stm32f4xx_hal_msp.o
LOAD ./Core/Src/stm32f4xx_it.o
LOAD ./Core/Src/syscalls.o
LOAD ./Core/Src/sysmem.o
LOAD ./Core/Src/system_stm32f4xx.o
LOAD ./Core/Startup/startup_stm32f427aihx.o
LOAD ./Drivers/STM32F4xx_HAL_Driver/Src/stm32f4xx_hal.o
LOAD ./Drivers/STM32F4xx_HAL_Driver/Src/stm32f4xx_hal_cortex.o
LOAD ./Drivers/STM32F4xx_HAL_Driver/Src/stm32f4xx_hal_dma.o
LOAD ./Drivers/STM32F4xx_HAL_Driver/Src/stm32f4xx_hal_dma_ex.o
LOAD ./Drivers/STM32F4xx_HAL_Driver/Src/stm32f4xx_hal_exti.o
LOAD ./Drivers/STM32F4xx_HAL_Driver/Src/stm32f4xx_hal_flash.o
LOAD ./Drivers/STM32F4xx_HAL_Driver/Src/stm32f4xx_hal_flash_ex.o
LOAD ./Drivers/STM32F4xx_HAL_Driver/Src/stm32f4xx_hal_flash_ramfunc.o
LOAD ./Drivers/STM32F4xx_HAL_Driver/Src/stm32f4xx_hal_gpio.o
LOAD ./Drivers/STM32F4xx_HAL_Driver/Src/stm32f4xx_hal_pwr.o
LOAD ./Drivers/STM32F4xx_HAL_Driver/Src/stm32f4xx_hal_pwr_ex.o
LOAD ./Drivers/STM32F4xx_HAL_Driver/Src/stm32f4xx_hal_rcc.o
LOAD ./Drivers/STM32F4xx_HAL_Driver/Src/stm32f4xx_hal_rcc_ex.o
LOAD ./Drivers/STM32F4xx_HAL_Driver/Src/stm32f4xx_hal_spi.o
LOAD ./Drivers/STM32F4xx_HAL_Driver/Src/stm32f4xx_hal_tim.o
LOAD ./Drivers/STM32F4xx_HAL_Driver/Src/stm32f4xx_hal_tim_ex.o
LOAD ./Drivers/STM32F4xx_HAL_Driver/Src/stm32f4xx_hal_uart.o
START GROUP
LOAD c:/st/stm32cubeide_1.7.0/stm32cubeide/plugins/com.st.stm32cube.ide.mcu.externaltools.gnu-tools-for-stm32.9-2020-q2-update.win32_2.0.0.202105311346/tools/bin/../lib/gcc/arm-none-eabi/9.3.1/../../../../arm-none-eabi/lib/thumb/v7e-m+fp/hard\libc_nano.a
LOAD c:/st/stm32cubeide_1.7.0/stm32cubeide/plugins/com.st.stm32cube.ide.mcu.externaltools.gnu-tools-for-stm32.9-2020-q2-update.win32_2.0.0.202105311346/tools/bin/../lib/gcc/arm-none-eabi/9.3.1/../../../../arm-none-eabi/lib/thumb/v7e-m+fp/hard\libm.a
END GROUP
START GROUP
LOAD c:/st/stm32cubeide_1.7.0/stm32cubeide/plugins/com.st.stm32cube.ide.mcu.externaltools.gnu-tools-for-stm32.9-2020-q2-update.win32_2.0.0.202105311346/tools/bin/../lib/gcc/arm-none-eabi/9.3.1/thumb/v7e-m+fp/hard\libgcc.a
LOAD c:/st/stm32cubeide_1.7.0/stm32cubeide/plugins/com.st.stm32cube.ide.mcu.externaltools.gnu-tools-for-stm32.9-2020-q2-update.win32_2.0.0.202105311346/tools/bin/../lib/gcc/arm-none-eabi/9.3.1/../../../../arm-none-eabi/lib/thumb/v7e-m+fp/hard\libc_nano.a
END GROUP
START GROUP
LOAD c:/st/stm32cubeide_1.7.0/stm32cubeide/plugins/com.st.stm32cube.ide.mcu.externaltools.gnu-tools-for-stm32.9-2020-q2-update.win32_2.0.0.202105311346/tools/bin/../lib/gcc/arm-none-eabi/9.3.1/thumb/v7e-m+fp/hard\libgcc.a
LOAD c:/st/stm32cubeide_1.7.0/stm32cubeide/plugins/com.st.stm32cube.ide.mcu.externaltools.gnu-tools-for-stm32.9-2020-q2-update.win32_2.0.0.202105311346/tools/bin/../lib/gcc/arm-none-eabi/9.3.1/../../../../arm-none-eabi/lib/thumb/v7e-m+fp/hard\libc_nano.a
LOAD c:/st/stm32cubeide_1.7.0/stm32cubeide/plugins/com.st.stm32cube.ide.mcu.externaltools.gnu-tools-for-stm32.9-2020-q2-update.win32_2.0.0.202105311346/tools/bin/../lib/gcc/arm-none-eabi/9.3.1/../../../../arm-none-eabi/lib/thumb/v7e-m+fp/hard\libnosys.a
END GROUP
START GROUP
LOAD c:/st/stm32cubeide_1.7.0/stm32cubeide/plugins/com.st.stm32cube.ide.mcu.externaltools.gnu-tools-for-stm32.9-2020-q2-update.win32_2.0.0.202105311346/tools/bin/../lib/gcc/arm-none-eabi/9.3.1/thumb/v7e-m+fp/hard\libgcc.a
LOAD c:/st/stm32cubeide_1.7.0/stm32cubeide/plugins/com.st.stm32cube.ide.mcu.externaltools.gnu-tools-for-stm32.9-2020-q2-update.win32_2.0.0.202105311346/tools/bin/../lib/gcc/arm-none-eabi/9.3.1/../../../../arm-none-eabi/lib/thumb/v7e-m+fp/hard\libc_nano.a
LOAD c:/st/stm32cubeide_1.7.0/stm32cubeide/plugins/com.st.stm32cube.ide.mcu.externaltools.gnu-tools-for-stm32.9-2020-q2-update.win32_2.0.0.202105311346/tools/bin/../lib/gcc/arm-none-eabi/9.3.1/../../../../arm-none-eabi/lib/thumb/v7e-m+fp/hard\libnosys.a
END GROUP
LOAD c:/st/stm32cubeide_1.7.0/stm32cubeide/plugins/com.st.stm32cube.ide.mcu.externaltools.gnu-tools-for-stm32.9-2020-q2-update.win32_2.0.0.202105311346/tools/bin/../lib/gcc/arm-none-eabi/9.3.1/thumb/v7e-m+fp/hard/crtend.o
LOAD c:/st/stm32cubeide_1.7.0/stm32cubeide/plugins/com.st.stm32cube.ide.mcu.externaltools.gnu-tools-for-stm32.9-2020-q2-update.win32_2.0.0.202105311346/tools/bin/../lib/gcc/arm-none-eabi/9.3.1/thumb/v7e-m+fp/hard/crtn.o
                0x0000000020030000                _estack = (ORIGIN (RAM) + LENGTH (RAM))
                0x0000000000000200                _Min_Heap_Size = 0x200
                0x0000000000000400                _Min_Stack_Size = 0x400

.isr_vector     0x0000000008000000      0x1ac
                0x0000000008000000                . = ALIGN (0x4)
 *(.isr_vector)
 .isr_vector    0x0000000008000000      0x1ac ./Core/Startup/startup_stm32f427aihx.o
                0x0000000008000000                g_pfnVectors
                0x00000000080001ac                . = ALIGN (0x4)

.text           0x00000000080001b0     0xadb4
                0x00000000080001b0                . = ALIGN (0x4)
 *(.text)
 .text          0x00000000080001b0       0x40 c:/st/stm32cubeide_1.7.0/stm32cubeide/plugins/com.st.stm32cube.ide.mcu.externaltools.gnu-tools-for-stm32.9-2020-q2-update.win32_2.0.0.202105311346/tools/bin/../lib/gcc/arm-none-eabi/9.3.1/thumb/v7e-m+fp/hard/crtbegin.o
 .text          0x00000000080001f0       0x10 c:/st/stm32cubeide_1.7.0/stm32cubeide/plugins/com.st.stm32cube.ide.mcu.externaltools.gnu-tools-for-stm32.9-2020-q2-update.win32_2.0.0.202105311346/tools/bin/../lib/gcc/arm-none-eabi/9.3.1/../../../../arm-none-eabi/lib/thumb/v7e-m+fp/hard\libc_nano.a(lib_a-strlen.o)
                0x00000000080001f0                strlen
 .text          0x0000000008000200       0xa0 c:/st/stm32cubeide_1.7.0/stm32cubeide/plugins/com.st.stm32cube.ide.mcu.externaltools.gnu-tools-for-stm32.9-2020-q2-update.win32_2.0.0.202105311346/tools/bin/../lib/gcc/arm-none-eabi/9.3.1/../../../../arm-none-eabi/lib/thumb/v7e-m+fp/hard\libc_nano.a(lib_a-memchr.o)
                0x0000000008000200                memchr
 .text          0x00000000080002a0       0x30 c:/st/stm32cubeide_1.7.0/stm32cubeide/plugins/com.st.stm32cube.ide.mcu.externaltools.gnu-tools-for-stm32.9-2020-q2-update.win32_2.0.0.202105311346/tools/bin/../lib/gcc/arm-none-eabi/9.3.1/thumb/v7e-m+fp/hard\libgcc.a(_aeabi_uldivmod.o)
                0x00000000080002a0                __aeabi_uldivmod
 .text          0x00000000080002d0       0x28 c:/st/stm32cubeide_1.7.0/stm32cubeide/plugins/com.st.stm32cube.ide.mcu.externaltools.gnu-tools-for-stm32.9-2020-q2-update.win32_2.0.0.202105311346/tools/bin/../lib/gcc/arm-none-eabi/9.3.1/thumb/v7e-m+fp/hard\libgcc.a(_popcountsi2.o)
                0x00000000080002d0                __popcountsi2
 .text          0x00000000080002f8      0x2c4 c:/st/stm32cubeide_1.7.0/stm32cubeide/plugins/com.st.stm32cube.ide.mcu.externaltools.gnu-tools-for-stm32.9-2020-q2-update.win32_2.0.0.202105311346/tools/bin/../lib/gcc/arm-none-eabi/9.3.1/thumb/v7e-m+fp/hard\libgcc.a(_udivmoddi4.o)
                0x00000000080002f8                __udivmoddi4
 .text          0x00000000080005bc        0x4 c:/st/stm32cubeide_1.7.0/stm32cubeide/plugins/com.st.stm32cube.ide.mcu.externaltools.gnu-tools-for-stm32.9-2020-q2-update.win32_2.0.0.202105311346/tools/bin/../lib/gcc/arm-none-eabi/9.3.1/thumb/v7e-m+fp/hard\libgcc.a(_dvmd_tls.o)
                0x00000000080005bc                __aeabi_idiv0
                0x00000000080005bc                __aeabi_ldiv0
 *(.text*)
 .text.Bulk_Read_4B
                0x00000000080005c0       0x64 ./Core/Src/MT25Q.o
                0x00000000080005c0                Bulk_Read_4B
 .text.Page_Write_4B
                0x0000000008000624      0x10c ./Core/Src/MT25Q.o
                0x0000000008000624                Page_Write_4B
 .text.Sector_Erase_4B
                0x0000000008000730      0x104 ./Core/Src/MT25Q.o
                0x0000000008000730                Sector_Erase_4B
 .text.Write_Enable
                0x0000000008000834       0x3c ./Core/Src/MT25Q.o
                0x0000000008000834                Write_Enable
 .text.FM_Enable
                0x0000000008000870       0x34 ./Core/Src/MT25Q.o
 .text.FM_Disable
                0x00000000080008a4       0x34 ./Core/Src/MT25Q.o
 .text.lfs_max  0x00000000080008d8       0x20 ./Core/Src/lfs.o
 .text.lfs_min  0x00000000080008f8       0x20 ./Core/Src/lfs.o
 .text.lfs_aligndown
                0x0000000008000918       0x2a ./Core/Src/lfs.o
 .text.lfs_alignup
                0x0000000008000942       0x24 ./Core/Src/lfs.o
 .text.lfs_npw2
                0x0000000008000966       0x20 ./Core/Src/lfs.o
 .text.lfs_ctz  0x0000000008000986       0x1e ./Core/Src/lfs.o
 .text.lfs_popc
                0x00000000080009a4       0x18 ./Core/Src/lfs.o
 .text.lfs_scmp
                0x00000000080009bc       0x1c ./Core/Src/lfs.o
 .text.lfs_fromle32
                0x00000000080009d8       0x16 ./Core/Src/lfs.o
 .text.lfs_tole32
                0x00000000080009ee       0x18 ./Core/Src/lfs.o
 .text.lfs_frombe32
                0x0000000008000a06       0x18 ./Core/Src/lfs.o
 .text.lfs_tobe32
                0x0000000008000a1e       0x18 ./Core/Src/lfs.o
 .text.lfs_malloc
                0x0000000008000a36       0x18 ./Core/Src/lfs.o
 .text.lfs_free
                0x0000000008000a4e       0x16 ./Core/Src/lfs.o
 .text.lfs_cache_drop
                0x0000000008000a64       0x1e ./Core/Src/lfs.o
 .text.lfs_cache_zero
                0x0000000008000a82       0x2c ./Core/Src/lfs.o
 *fill*         0x0000000008000aae        0x2 
 .text.lfs_bd_read
                0x0000000008000ab0      0x298 ./Core/Src/lfs.o
 .text.lfs_bd_cmp
                0x0000000008000d48       0xa2 ./Core/Src/lfs.o
 .text.lfs_bd_crc
                0x0000000008000dea       0x8c ./Core/Src/lfs.o
 *fill*         0x0000000008000e76        0x2 
 .text.lfs_bd_flush
                0x0000000008000e78       0xf4 ./Core/Src/lfs.o
 .text.lfs_bd_sync
                0x0000000008000f6c       0x68 ./Core/Src/lfs.o
 .text.lfs_bd_prog
                0x0000000008000fd4      0x158 ./Core/Src/lfs.o
 .text.lfs_bd_erase
                0x000000000800112c       0x64 ./Core/Src/lfs.o
 .text.lfs_pair_swap
                0x0000000008001190       0x2a ./Core/Src/lfs.o
 .text.lfs_pair_isnull
                0x00000000080011ba       0x36 ./Core/Src/lfs.o
 .text.lfs_pair_cmp
                0x00000000080011f0       0x54 ./Core/Src/lfs.o
 .text.lfs_pair_issync
                0x0000000008001244       0x5a ./Core/Src/lfs.o
 .text.lfs_pair_fromle32
                0x000000000800129e       0x34 ./Core/Src/lfs.o
 .text.lfs_pair_tole32
                0x00000000080012d2       0x34 ./Core/Src/lfs.o
 .text.lfs_tag_isvalid
                0x0000000008001306       0x1c ./Core/Src/lfs.o
 .text.lfs_tag_isdelete
                0x0000000008001322       0x26 ./Core/Src/lfs.o
 .text.lfs_tag_type1
                0x0000000008001348       0x20 ./Core/Src/lfs.o
 .text.lfs_tag_type2
                0x0000000008001368       0x20 ./Core/Src/lfs.o
 .text.lfs_tag_type3
                0x0000000008001388       0x20 ./Core/Src/lfs.o
 .text.lfs_tag_chunk
                0x00000000080013a8       0x1a ./Core/Src/lfs.o
 .text.lfs_tag_splice
                0x00000000080013c2       0x1a ./Core/Src/lfs.o
 .text.lfs_tag_id
                0x00000000080013dc       0x20 ./Core/Src/lfs.o
 .text.lfs_tag_size
                0x00000000080013fc       0x1a ./Core/Src/lfs.o
 .text.lfs_tag_dsize
                0x0000000008001416       0x28 ./Core/Src/lfs.o
 .text.lfs_gstate_xor
                0x000000000800143e       0x4a ./Core/Src/lfs.o
 .text.lfs_gstate_iszero
                0x0000000008001488       0x3a ./Core/Src/lfs.o
 .text.lfs_gstate_hasorphans
                0x00000000080014c2       0x26 ./Core/Src/lfs.o
 .text.lfs_gstate_getorphans
                0x00000000080014e8       0x1e ./Core/Src/lfs.o
 .text.lfs_gstate_hasmove
                0x0000000008001506       0x26 ./Core/Src/lfs.o
 .text.lfs_gstate_needssuperblock
                0x000000000800152c       0x28 ./Core/Src/lfs.o
 .text.lfs_gstate_hasmovehere
                0x0000000008001554       0x40 ./Core/Src/lfs.o
 .text.lfs_gstate_fromle32
                0x0000000008001594       0x40 ./Core/Src/lfs.o
 .text.lfs_gstate_tole32
                0x00000000080015d4       0x40 ./Core/Src/lfs.o
 .text.lfs_fcrc_fromle32
                0x0000000008001614       0x30 ./Core/Src/lfs.o
 .text.lfs_fcrc_tole32
                0x0000000008001644       0x30 ./Core/Src/lfs.o
 .text.lfs_ctz_fromle32
                0x0000000008001674       0x30 ./Core/Src/lfs.o
 .text.lfs_ctz_tole32
                0x00000000080016a4       0x30 ./Core/Src/lfs.o
 .text.lfs_superblock_fromle32
                0x00000000080016d4       0x70 ./Core/Src/lfs.o
 .text.lfs_superblock_tole32
                0x0000000008001744       0x70 ./Core/Src/lfs.o
 .text.lfs_mlist_isopen
                0x00000000080017b4       0x3a ./Core/Src/lfs.o
 .text.lfs_mlist_remove
                0x00000000080017ee       0x44 ./Core/Src/lfs.o
 .text.lfs_mlist_append
                0x0000000008001832       0x24 ./Core/Src/lfs.o
 *fill*         0x0000000008001856        0x2 
 .text.lfs_fs_disk_version
                0x0000000008001858       0x1c ./Core/Src/lfs.o
 .text.lfs_fs_disk_version_major
                0x0000000008001874       0x1c ./Core/Src/lfs.o
 .text.lfs_fs_disk_version_minor
                0x0000000008001890       0x1a ./Core/Src/lfs.o
 .text.lfs_alloc_ckpoint
                0x00000000080018aa       0x1c ./Core/Src/lfs.o
 .text.lfs_alloc_drop
                0x00000000080018c6       0x22 ./Core/Src/lfs.o
 .text.lfs_alloc_lookahead
                0x00000000080018e8       0x6a ./Core/Src/lfs.o
 *fill*         0x0000000008001952        0x2 
 .text.lfs_alloc_scan
                0x0000000008001954       0x84 ./Core/Src/lfs.o
 .text.lfs_alloc
                0x00000000080019d8      0x110 ./Core/Src/lfs.o
 .text.lfs_dir_getslice
                0x0000000008001ae8      0x1ec ./Core/Src/lfs.o
 .text.lfs_dir_get
                0x0000000008001cd4       0x36 ./Core/Src/lfs.o
 .text.lfs_dir_getread
                0x0000000008001d0a      0x1b6 ./Core/Src/lfs.o
 .text.lfs_dir_traverse_filter
                0x0000000008001ec0       0xb8 ./Core/Src/lfs.o
 .text.lfs_dir_traverse
                0x0000000008001f78      0x820 ./Core/Src/lfs.o
 .text.lfs_dir_fetchmatch
                0x0000000008002798      0x790 ./Core/Src/lfs.o
 .text.lfs_dir_fetch
                0x0000000008002f28       0x36 ./Core/Src/lfs.o
 *fill*         0x0000000008002f5e        0x2 
 .text.lfs_dir_getgstate
                0x0000000008002f60       0x64 ./Core/Src/lfs.o
 .text.lfs_dir_find_match
                0x0000000008002fc4       0x92 ./Core/Src/lfs.o
 *fill*         0x0000000008003056        0x2 
 .text.lfs_dir_find
                0x0000000008003058      0x1f4 ./Core/Src/lfs.o
 .text.lfs_dir_commitprog
                0x000000000800324c       0x6c ./Core/Src/lfs.o
 .text.lfs_dir_commitattr
                0x00000000080032b8      0x100 ./Core/Src/lfs.o
 .text.lfs_dir_commitcrc
                0x00000000080033b8      0x2e0 ./Core/Src/lfs.o
 .text.lfs_dir_alloc
                0x0000000008003698       0xf2 ./Core/Src/lfs.o
 .text.lfs_dir_split
                0x000000000800378a       0xa8 ./Core/Src/lfs.o
 .text.lfs_dir_commit_size
                0x0000000008003832       0x2c ./Core/Src/lfs.o
 .text.lfs_dir_commit_commit
                0x000000000800385e       0x2a ./Core/Src/lfs.o
 .text.lfs_dir_needsrelocation
                0x0000000008003888       0x4c ./Core/Src/lfs.o
 .text.lfs_dir_compact
                0x00000000080038d4      0x3ec ./Core/Src/lfs.o
 .text.lfs_dir_splittingcompact
                0x0000000008003cc0      0x230 ./Core/Src/lfs.o
 .text.lfs_dir_relocatingcommit
                0x0000000008003ef0      0x580 ./Core/Src/lfs.o
 .text.lfs_dir_orphaningcommit
                0x0000000008004470      0x5f4 ./Core/Src/lfs.o
 .text.lfs_dir_commit
                0x0000000008004a64       0x4a ./Core/Src/lfs.o
 .text.lfs_ctz_index
                0x0000000008004aae       0x70 ./Core/Src/lfs.o
 .text.lfs_ctz_find
                0x0000000008004b1e       0xd6 ./Core/Src/lfs.o
 .text.lfs_ctz_extend
                0x0000000008004bf4      0x210 ./Core/Src/lfs.o
 .text.lfs_ctz_traverse
                0x0000000008004e04       0xfc ./Core/Src/lfs.o
 .text.lfs_file_opencfg_
                0x0000000008004f00      0x3a0 ./Core/Src/lfs.o
 .text.lfs_file_open_
                0x00000000080052a0       0x30 ./Core/Src/lfs.o
 .text.lfs_file_close_
                0x00000000080052d0       0x3a ./Core/Src/lfs.o
 *fill*         0x000000000800530a        0x2 
 .text.lfs_file_relocate
                0x000000000800530c      0x1b4 ./Core/Src/lfs.o
 .text.lfs_file_outline
                0x00000000080054c0       0x42 ./Core/Src/lfs.o
 *fill*         0x0000000008005502        0x2 
 .text.lfs_file_flush
                0x0000000008005504      0x1a8 ./Core/Src/lfs.o
 .text.lfs_file_sync_
                0x00000000080056ac      0x140 ./Core/Src/lfs.o
 .text.lfs_file_flushedread
                0x00000000080057ec      0x1a4 ./Core/Src/lfs.o
 .text.lfs_file_read_
                0x0000000008005990       0x6c ./Core/Src/lfs.o
 .text.lfs_file_flushedwrite
                0x00000000080059fc      0x21e ./Core/Src/lfs.o
 *fill*         0x0000000008005c1a        0x2 
 .text.lfs_file_write_
                0x0000000008005c1c      0x108 ./Core/Src/lfs.o
 .text.lfs_file_seek_
                0x0000000008005d24      0x112 ./Core/Src/lfs.o
 .text.lfs_file_rewind_
                0x0000000008005e36       0x2c ./Core/Src/lfs.o
 .text.lfs_file_size_
                0x0000000008005e62       0x36 ./Core/Src/lfs.o
 .text.lfs_init
                0x0000000008005e98      0x4c4 ./Core/Src/lfs.o
 .text.lfs_deinit
                0x000000000800635c       0x4e ./Core/Src/lfs.o
 *fill*         0x00000000080063aa        0x2 
 .text.lfs_format_
                0x00000000080063ac      0x164 ./Core/Src/lfs.o
 .text.lfs_mount_
                0x0000000008006510      0x440 ./Core/Src/lfs.o
 .text.lfs_unmount_
                0x0000000008006950       0x18 ./Core/Src/lfs.o
 .text.lfs_fs_traverse_
                0x0000000008006968      0x2a4 ./Core/Src/lfs.o
 .text.lfs_fs_pred
                0x0000000008006c0c       0xe0 ./Core/Src/lfs.o
 .text.lfs_fs_parent_match
                0x0000000008006cec       0x84 ./Core/Src/lfs.o
 .text.lfs_fs_parent
                0x0000000008006d70      0x104 ./Core/Src/lfs.o
 .text.lfs_fs_prepsuperblock
                0x0000000008006e74       0x2a ./Core/Src/lfs.o
 *fill*         0x0000000008006e9e        0x2 
 .text.lfs_fs_preporphans
                0x0000000008006ea0       0xa0 ./Core/Src/lfs.o
 .text.lfs_fs_prepmove
                0x0000000008006f40       0x74 ./Core/Src/lfs.o
 .text.lfs_fs_desuperblock
                0x0000000008006fb4       0xd8 ./Core/Src/lfs.o
 .text.lfs_fs_demove
                0x000000000800708c       0xf8 ./Core/Src/lfs.o
 .text.lfs_fs_deorphan
                0x0000000008007184      0x360 ./Core/Src/lfs.o
 .text.lfs_fs_forceconsistency
                0x00000000080074e4       0x4a ./Core/Src/lfs.o
 .text.lfs_fs_size_count
                0x000000000800752e       0x26 ./Core/Src/lfs.o
 .text.lfs_fs_size_
                0x0000000008007554       0x34 ./Core/Src/lfs.o
 .text.lfs_format
                0x0000000008007588       0x2c ./Core/Src/lfs.o
                0x0000000008007588                lfs_format
 .text.lfs_mount
                0x00000000080075b4       0x2c ./Core/Src/lfs.o
                0x00000000080075b4                lfs_mount
 .text.lfs_unmount
                0x00000000080075e0       0x28 ./Core/Src/lfs.o
                0x00000000080075e0                lfs_unmount
 .text.lfs_file_open
                0x0000000008007608       0x68 ./Core/Src/lfs.o
                0x0000000008007608                lfs_file_open
 .text.lfs_file_close
                0x0000000008007670       0x58 ./Core/Src/lfs.o
                0x0000000008007670                lfs_file_close
 .text.lfs_file_read
                0x00000000080076c8       0x60 ./Core/Src/lfs.o
                0x00000000080076c8                lfs_file_read
 .text.lfs_file_write
                0x0000000008007728       0x60 ./Core/Src/lfs.o
                0x0000000008007728                lfs_file_write
 .text.lfs_file_rewind
                0x0000000008007788       0x2c ./Core/Src/lfs.o
                0x0000000008007788                lfs_file_rewind
 .text.lfs_crc  0x00000000080077b4       0x7c ./Core/Src/lfs_util.o
                0x00000000080077b4                lfs_crc
 .text.block_device_read
                0x0000000008007830       0x38 ./Core/Src/main.o
                0x0000000008007830                block_device_read
 .text.main     0x0000000008007868       0xa0 ./Core/Src/main.o
                0x0000000008007868                main
 .text.SystemClock_Config
                0x0000000008007908       0xe0 ./Core/Src/main.o
                0x0000000008007908                SystemClock_Config
 .text.MX_SPI3_Init
                0x00000000080079e8       0x6c ./Core/Src/main.o
 .text.MX_UART7_Init
                0x0000000008007a54       0x54 ./Core/Src/main.o
 .text.MX_GPIO_Init
                0x0000000008007aa8       0xa4 ./Core/Src/main.o
 .text.Error_Handler
                0x0000000008007b4c        0xa ./Core/Src/main.o
                0x0000000008007b4c                Error_Handler
 *fill*         0x0000000008007b56        0x2 
 .text.HAL_MspInit
                0x0000000008007b58       0x50 ./Core/Src/stm32f4xx_hal_msp.o
                0x0000000008007b58                HAL_MspInit
 .text.HAL_SPI_MspInit
                0x0000000008007ba8       0xd0 ./Core/Src/stm32f4xx_hal_msp.o
                0x0000000008007ba8                HAL_SPI_MspInit
 .text.HAL_UART_MspInit
                0x0000000008007c78       0x90 ./Core/Src/stm32f4xx_hal_msp.o
                0x0000000008007c78                HAL_UART_MspInit
 .text.NMI_Handler
                0x0000000008007d08        0x6 ./Core/Src/stm32f4xx_it.o
                0x0000000008007d08                NMI_Handler
 .text.HardFault_Handler
                0x0000000008007d0e        0x6 ./Core/Src/stm32f4xx_it.o
                0x0000000008007d0e                HardFault_Handler
 .text.MemManage_Handler
                0x0000000008007d14        0x6 ./Core/Src/stm32f4xx_it.o
                0x0000000008007d14                MemManage_Handler
 .text.BusFault_Handler
                0x0000000008007d1a        0x6 ./Core/Src/stm32f4xx_it.o
                0x0000000008007d1a                BusFault_Handler
 .text.UsageFault_Handler
                0x0000000008007d20        0x6 ./Core/Src/stm32f4xx_it.o
                0x0000000008007d20                UsageFault_Handler
 .text.SVC_Handler
                0x0000000008007d26        0xe ./Core/Src/stm32f4xx_it.o
                0x0000000008007d26                SVC_Handler
 .text.DebugMon_Handler
                0x0000000008007d34        0xe ./Core/Src/stm32f4xx_it.o
                0x0000000008007d34                DebugMon_Handler
 .text.PendSV_Handler
                0x0000000008007d42        0xe ./Core/Src/stm32f4xx_it.o
                0x0000000008007d42                PendSV_Handler
 .text.SysTick_Handler
                0x0000000008007d50        0xc ./Core/Src/stm32f4xx_it.o
                0x0000000008007d50                SysTick_Handler
 .text._getpid  0x0000000008007d5c       0x10 ./Core/Src/syscalls.o
                0x0000000008007d5c                _getpid
 .text._kill    0x0000000008007d6c       0x20 ./Core/Src/syscalls.o
                0x0000000008007d6c                _kill
 .text._exit    0x0000000008007d8c       0x14 ./Core/Src/syscalls.o
                0x0000000008007d8c                _exit
 .text._read    0x0000000008007da0       0x3a ./Core/Src/syscalls.o
                0x0000000008007da0                _read
 .text._write   0x0000000008007dda       0x38 ./Core/Src/syscalls.o
                0x0000000008007dda                _write
 .text._close   0x0000000008007e12       0x18 ./Core/Src/syscalls.o
                0x0000000008007e12                _close
 .text._fstat   0x0000000008007e2a       0x20 ./Core/Src/syscalls.o
                0x0000000008007e2a                _fstat
 .text._isatty  0x0000000008007e4a       0x16 ./Core/Src/syscalls.o
                0x0000000008007e4a                _isatty
 .text._lseek   0x0000000008007e60       0x1a ./Core/Src/syscalls.o
                0x0000000008007e60                _lseek
 *fill*         0x0000000008007e7a        0x2 
 .text._sbrk    0x0000000008007e7c       0x6c ./Core/Src/sysmem.o
                0x0000000008007e7c                _sbrk
 .text.SystemInit
                0x0000000008007ee8       0x24 ./Core/Src/system_stm32f4xx.o
                0x0000000008007ee8                SystemInit
 .text.Reset_Handler
                0x0000000008007f0c       0x50 ./Core/Startup/startup_stm32f427aihx.o
                0x0000000008007f0c                Reset_Handler
 .text.Default_Handler
                0x0000000008007f5c        0x2 ./Core/Startup/startup_stm32f427aihx.o
                0x0000000008007f5c                RTC_Alarm_IRQHandler
                0x0000000008007f5c                HASH_RNG_IRQHandler
                0x0000000008007f5c                EXTI2_IRQHandler
                0x0000000008007f5c                TIM8_CC_IRQHandler
                0x0000000008007f5c                UART8_IRQHandler
                0x0000000008007f5c                SPI4_IRQHandler
                0x0000000008007f5c                TIM1_CC_IRQHandler
                0x0000000008007f5c                DMA2_Stream5_IRQHandler
                0x0000000008007f5c                DMA1_Stream5_IRQHandler
                0x0000000008007f5c                PVD_IRQHandler
                0x0000000008007f5c                SDIO_IRQHandler
                0x0000000008007f5c                TAMP_STAMP_IRQHandler
                0x0000000008007f5c                CAN2_RX1_IRQHandler
                0x0000000008007f5c                EXTI3_IRQHandler
                0x0000000008007f5c                TIM8_TRG_COM_TIM14_IRQHandler
                0x0000000008007f5c                TIM1_UP_TIM10_IRQHandler
                0x0000000008007f5c                TIM8_UP_TIM13_IRQHandler
                0x0000000008007f5c                I2C3_ER_IRQHandler
                0x0000000008007f5c                EXTI0_IRQHandler
                0x0000000008007f5c                I2C2_EV_IRQHandler
                0x0000000008007f5c                DMA1_Stream2_IRQHandler
                0x0000000008007f5c                CAN1_RX0_IRQHandler
                0x0000000008007f5c                FPU_IRQHandler
                0x0000000008007f5c                OTG_HS_WKUP_IRQHandler
                0x0000000008007f5c                CAN2_SCE_IRQHandler
                0x0000000008007f5c                DMA2_Stream2_IRQHandler
                0x0000000008007f5c                SPI1_IRQHandler
                0x0000000008007f5c                TIM6_DAC_IRQHandler
                0x0000000008007f5c                TIM1_BRK_TIM9_IRQHandler
                0x0000000008007f5c                DCMI_IRQHandler
                0x0000000008007f5c                CAN2_RX0_IRQHandler
                0x0000000008007f5c                DMA2_Stream3_IRQHandler
                0x0000000008007f5c                USART6_IRQHandler
                0x0000000008007f5c                USART3_IRQHandler
                0x0000000008007f5c                CAN1_RX1_IRQHandler
                0x0000000008007f5c                UART5_IRQHandler
                0x0000000008007f5c                DMA2_Stream0_IRQHandler
                0x0000000008007f5c                TIM4_IRQHandler
                0x0000000008007f5c                I2C1_EV_IRQHandler
                0x0000000008007f5c                DMA1_Stream6_IRQHandler
                0x0000000008007f5c                DMA1_Stream1_IRQHandler
                0x0000000008007f5c                UART4_IRQHandler
                0x0000000008007f5c                TIM3_IRQHandler
                0x0000000008007f5c                RCC_IRQHandler
                0x0000000008007f5c                TIM8_BRK_TIM12_IRQHandler
                0x0000000008007f5c                Default_Handler
                0x0000000008007f5c                EXTI15_10_IRQHandler
                0x0000000008007f5c                ADC_IRQHandler
                0x0000000008007f5c                DMA1_Stream7_IRQHandler
                0x0000000008007f5c                SPI5_IRQHandler
                0x0000000008007f5c                TIM7_IRQHandler
                0x0000000008007f5c                CAN2_TX_IRQHandler
                0x0000000008007f5c                TIM5_IRQHandler
                0x0000000008007f5c                DMA2_Stream7_IRQHandler
                0x0000000008007f5c                I2C3_EV_IRQHandler
                0x0000000008007f5c                EXTI9_5_IRQHandler
                0x0000000008007f5c                RTC_WKUP_IRQHandler
                0x0000000008007f5c                ETH_WKUP_IRQHandler
                0x0000000008007f5c                SPI2_IRQHandler
                0x0000000008007f5c                OTG_HS_EP1_IN_IRQHandler
                0x0000000008007f5c                DMA1_Stream0_IRQHandler
                0x0000000008007f5c                CAN1_TX_IRQHandler
                0x0000000008007f5c                EXTI4_IRQHandler
                0x0000000008007f5c                ETH_IRQHandler
                0x0000000008007f5c                OTG_HS_EP1_OUT_IRQHandler
                0x0000000008007f5c                WWDG_IRQHandler
                0x0000000008007f5c                SPI6_IRQHandler
                0x0000000008007f5c                TIM2_IRQHandler
                0x0000000008007f5c                OTG_FS_WKUP_IRQHandler
                0x0000000008007f5c                TIM1_TRG_COM_TIM11_IRQHandler
                0x0000000008007f5c                OTG_HS_IRQHandler
                0x0000000008007f5c                DMA2D_IRQHandler
                0x0000000008007f5c                EXTI1_IRQHandler
                0x0000000008007f5c                UART7_IRQHandler
                0x0000000008007f5c                USART2_IRQHandler
                0x0000000008007f5c                I2C2_ER_IRQHandler
                0x0000000008007f5c                DMA2_Stream1_IRQHandler
                0x0000000008007f5c                CAN1_SCE_IRQHandler
                0x0000000008007f5c                FLASH_IRQHandler
                0x0000000008007f5c                DMA2_Stream4_IRQHandler
                0x0000000008007f5c                USART1_IRQHandler
                0x0000000008007f5c                OTG_FS_IRQHandler
                0x0000000008007f5c                SPI3_IRQHandler
                0x0000000008007f5c                DMA1_Stream4_IRQHandler
                0x0000000008007f5c                I2C1_ER_IRQHandler
                0x0000000008007f5c                FMC_IRQHandler
                0x0000000008007f5c                DMA2_Stream6_IRQHandler
                0x0000000008007f5c                SAI1_IRQHandler
                0x0000000008007f5c                DMA1_Stream3_IRQHandler
 *fill*         0x0000000008007f5e        0x2 
 .text.HAL_Init
                0x0000000008007f60       0x44 ./Drivers/STM32F4xx_HAL_Driver/Src/stm32f4xx_hal.o
                0x0000000008007f60                HAL_Init
 .text.HAL_InitTick
                0x0000000008007fa4       0x60 ./Drivers/STM32F4xx_HAL_Driver/Src/stm32f4xx_hal.o
                0x0000000008007fa4                HAL_InitTick
 .text.HAL_IncTick
                0x0000000008008004       0x28 ./Drivers/STM32F4xx_HAL_Driver/Src/stm32f4xx_hal.o
                0x0000000008008004                HAL_IncTick
 .text.HAL_GetTick
                0x000000000800802c       0x18 ./Drivers/STM32F4xx_HAL_Driver/Src/stm32f4xx_hal.o
                0x000000000800802c                HAL_GetTick
 .text.HAL_Delay
                0x0000000008008044       0x48 ./Drivers/STM32F4xx_HAL_Driver/Src/stm32f4xx_hal.o
                0x0000000008008044                HAL_Delay
 .text.__NVIC_SetPriorityGrouping
                0x000000000800808c       0x48 ./Drivers/STM32F4xx_HAL_Driver/Src/stm32f4xx_hal_cortex.o
 .text.__NVIC_GetPriorityGrouping
                0x00000000080080d4       0x1c ./Drivers/STM32F4xx_HAL_Driver/Src/stm32f4xx_hal_cortex.o
 .text.__NVIC_SetPriority
                0x00000000080080f0       0x54 ./Drivers/STM32F4xx_HAL_Driver/Src/stm32f4xx_hal_cortex.o
 .text.NVIC_EncodePriority
                0x0000000008008144       0x66 ./Drivers/STM32F4xx_HAL_Driver/Src/stm32f4xx_hal_cortex.o
 *fill*         0x00000000080081aa        0x2 
 .text.SysTick_Config
                0x00000000080081ac       0x44 ./Drivers/STM32F4xx_HAL_Driver/Src/stm32f4xx_hal_cortex.o
 .text.HAL_NVIC_SetPriorityGrouping
                0x00000000080081f0       0x16 ./Drivers/STM32F4xx_HAL_Driver/Src/stm32f4xx_hal_cortex.o
                0x00000000080081f0                HAL_NVIC_SetPriorityGrouping
 .text.HAL_NVIC_SetPriority
                0x0000000008008206       0x38 ./Drivers/STM32F4xx_HAL_Driver/Src/stm32f4xx_hal_cortex.o
                0x0000000008008206                HAL_NVIC_SetPriority
 .text.HAL_SYSTICK_Config
                0x000000000800823e       0x18 ./Drivers/STM32F4xx_HAL_Driver/Src/stm32f4xx_hal_cortex.o
                0x000000000800823e                HAL_SYSTICK_Config
 *fill*         0x0000000008008256        0x2 
 .text.HAL_GPIO_Init
                0x0000000008008258      0x358 ./Drivers/STM32F4xx_HAL_Driver/Src/stm32f4xx_hal_gpio.o
                0x0000000008008258                HAL_GPIO_Init
 .text.HAL_GPIO_WritePin
                0x00000000080085b0       0x32 ./Drivers/STM32F4xx_HAL_Driver/Src/stm32f4xx_hal_gpio.o
                0x00000000080085b0                HAL_GPIO_WritePin
 *fill*         0x00000000080085e2        0x2 
 .text.HAL_PWREx_EnableOverDrive
                0x00000000080085e4       0xa0 ./Drivers/STM32F4xx_HAL_Driver/Src/stm32f4xx_hal_pwr_ex.o
                0x00000000080085e4                HAL_PWREx_EnableOverDrive
 .text.HAL_RCC_OscConfig
                0x0000000008008684      0x4f0 ./Drivers/STM32F4xx_HAL_Driver/Src/stm32f4xx_hal_rcc.o
                0x0000000008008684                HAL_RCC_OscConfig
 .text.HAL_RCC_ClockConfig
                0x0000000008008b74      0x1cc ./Drivers/STM32F4xx_HAL_Driver/Src/stm32f4xx_hal_rcc.o
                0x0000000008008b74                HAL_RCC_ClockConfig
 .text.HAL_RCC_GetSysClockFreq
                0x0000000008008d40      0x16c ./Drivers/STM32F4xx_HAL_Driver/Src/stm32f4xx_hal_rcc.o
                0x0000000008008d40                HAL_RCC_GetSysClockFreq
 .text.HAL_RCC_GetHCLKFreq
                0x0000000008008eac       0x18 ./Drivers/STM32F4xx_HAL_Driver/Src/stm32f4xx_hal_rcc.o
                0x0000000008008eac                HAL_RCC_GetHCLKFreq
 .text.HAL_RCC_GetPCLK1Freq
                0x0000000008008ec4       0x28 ./Drivers/STM32F4xx_HAL_Driver/Src/stm32f4xx_hal_rcc.o
                0x0000000008008ec4                HAL_RCC_GetPCLK1Freq
 .text.HAL_RCC_GetPCLK2Freq
                0x0000000008008eec       0x28 ./Drivers/STM32F4xx_HAL_Driver/Src/stm32f4xx_hal_rcc.o
                0x0000000008008eec                HAL_RCC_GetPCLK2Freq
 .text.HAL_SPI_Init
                0x0000000008008f14      0x112 ./Drivers/STM32F4xx_HAL_Driver/Src/stm32f4xx_hal_spi.o
                0x0000000008008f14                HAL_SPI_Init
 .text.HAL_SPI_Transmit
                0x0000000008009026      0x278 ./Drivers/STM32F4xx_HAL_Driver/Src/stm32f4xx_hal_spi.o
                0x0000000008009026                HAL_SPI_Transmit
 .text.HAL_SPI_Receive
                0x000000000800929e      0x222 ./Drivers/STM32F4xx_HAL_Driver/Src/stm32f4xx_hal_spi.o
                0x000000000800929e                HAL_SPI_Receive
 .text.HAL_SPI_TransmitReceive
                0x00000000080094c0      0x344 ./Drivers/STM32F4xx_HAL_Driver/Src/stm32f4xx_hal_spi.o
                0x00000000080094c0                HAL_SPI_TransmitReceive
 .text.SPI_WaitFlagStateUntilTimeout
                0x0000000008009804      0x110 ./Drivers/STM32F4xx_HAL_Driver/Src/stm32f4xx_hal_spi.o
 .text.SPI_EndRxTransaction
                0x0000000008009914       0xca ./Drivers/STM32F4xx_HAL_Driver/Src/stm32f4xx_hal_spi.o
 *fill*         0x00000000080099de        0x2 
 .text.SPI_EndRxTxTransaction
                0x00000000080099e0       0x84 ./Drivers/STM32F4xx_HAL_Driver/Src/stm32f4xx_hal_spi.o
 .text.HAL_UART_Init
                0x0000000008009a64       0x9a ./Drivers/STM32F4xx_HAL_Driver/Src/stm32f4xx_hal_uart.o
                0x0000000008009a64                HAL_UART_Init
 *fill*         0x0000000008009afe        0x2 
 .text.UART_SetConfig
                0x0000000008009b00      0x390 ./Drivers/STM32F4xx_HAL_Driver/Src/stm32f4xx_hal_uart.o
 .text.__assert_func
                0x0000000008009e90       0x3c c:/st/stm32cubeide_1.7.0/stm32cubeide/plugins/com.st.stm32cube.ide.mcu.externaltools.gnu-tools-for-stm32.9-2020-q2-update.win32_2.0.0.202105311346/tools/bin/../lib/gcc/arm-none-eabi/9.3.1/../../../../arm-none-eabi/lib/thumb/v7e-m+fp/hard\libc_nano.a(lib_a-assert.o)
                0x0000000008009e90                __assert_func
 .text.__errno  0x0000000008009ecc        0xc c:/st/stm32cubeide_1.7.0/stm32cubeide/plugins/com.st.stm32cube.ide.mcu.externaltools.gnu-tools-for-stm32.9-2020-q2-update.win32_2.0.0.202105311346/tools/bin/../lib/gcc/arm-none-eabi/9.3.1/../../../../arm-none-eabi/lib/thumb/v7e-m+fp/hard\libc_nano.a(lib_a-errno.o)
                0x0000000008009ecc                __errno
 .text.fprintf  0x0000000008009ed8       0x24 c:/st/stm32cubeide_1.7.0/stm32cubeide/plugins/com.st.stm32cube.ide.mcu.externaltools.gnu-tools-for-stm32.9-2020-q2-update.win32_2.0.0.202105311346/tools/bin/../lib/gcc/arm-none-eabi/9.3.1/../../../../arm-none-eabi/lib/thumb/v7e-m+fp/hard\libc_nano.a(lib_a-fprintf.o)
                0x0000000008009ed8                fiprintf
                0x0000000008009ed8                fprintf
 .text.__libc_init_array
                0x0000000008009efc       0x48 c:/st/stm32cubeide_1.7.0/stm32cubeide/plugins/com.st.stm32cube.ide.mcu.externaltools.gnu-tools-for-stm32.9-2020-q2-update.win32_2.0.0.202105311346/tools/bin/../lib/gcc/arm-none-eabi/9.3.1/../../../../arm-none-eabi/lib/thumb/v7e-m+fp/hard\libc_nano.a(lib_a-init.o)
                0x0000000008009efc                __libc_init_array
 .text.malloc   0x0000000008009f44       0x10 c:/st/stm32cubeide_1.7.0/stm32cubeide/plugins/com.st.stm32cube.ide.mcu.externaltools.gnu-tools-for-stm32.9-2020-q2-update.win32_2.0.0.202105311346/tools/bin/../lib/gcc/arm-none-eabi/9.3.1/../../../../arm-none-eabi/lib/thumb/v7e-m+fp/hard\libc_nano.a(lib_a-malloc.o)
                0x0000000008009f44                malloc
 .text.free     0x0000000008009f54       0x10 c:/st/stm32cubeide_1.7.0/stm32cubeide/plugins/com.st.stm32cube.ide.mcu.externaltools.gnu-tools-for-stm32.9-2020-q2-update.win32_2.0.0.202105311346/tools/bin/../lib/gcc/arm-none-eabi/9.3.1/../../../../arm-none-eabi/lib/thumb/v7e-m+fp/hard\libc_nano.a(lib_a-malloc.o)
                0x0000000008009f54                free
 .text.memcmp   0x0000000008009f64       0x1c c:/st/stm32cubeide_1.7.0/stm32cubeide/plugins/com.st.stm32cube.ide.mcu.externaltools.gnu-tools-for-stm32.9-2020-q2-update.win32_2.0.0.202105311346/tools/bin/../lib/gcc/arm-none-eabi/9.3.1/../../../../arm-none-eabi/lib/thumb/v7e-m+fp/hard\libc_nano.a(lib_a-memcmp.o)
                0x0000000008009f64                memcmp
 .text.memcpy   0x0000000008009f80       0x1c c:/st/stm32cubeide_1.7.0/stm32cubeide/plugins/com.st.stm32cube.ide.mcu.externaltools.gnu-tools-for-stm32.9-2020-q2-update.win32_2.0.0.202105311346/tools/bin/../lib/gcc/arm-none-eabi/9.3.1/../../../../arm-none-eabi/lib/thumb/v7e-m+fp/hard\libc_nano.a(lib_a-memcpy-stub.o)
                0x0000000008009f80                memcpy
 .text.memset   0x0000000008009f9c       0x10 c:/st/stm32cubeide_1.7.0/stm32cubeide/plugins/com.st.stm32cube.ide.mcu.externaltools.gnu-tools-for-stm32.9-2020-q2-update.win32_2.0.0.202105311346/tools/bin/../lib/gcc/arm-none-eabi/9.3.1/../../../../arm-none-eabi/lib/thumb/v7e-m+fp/hard\libc_nano.a(lib_a-memset.o)
                0x0000000008009f9c                memset
 .text._free_r  0x0000000008009fac       0xa0 c:/st/stm32cubeide_1.7.0/stm32cubeide/plugins/com.st.stm32cube.ide.mcu.externaltools.gnu-tools-for-stm32.9-2020-q2-update.win32_2.0.0.202105311346/tools/bin/../lib/gcc/arm-none-eabi/9.3.1/../../../../arm-none-eabi/lib/thumb/v7e-m+fp/hard\libc_nano.a(lib_a-nano-freer.o)
                0x0000000008009fac                _free_r
 .text._malloc_r
                0x000000000800a04c       0xb4 c:/st/stm32cubeide_1.7.0/stm32cubeide/plugins/com.st.stm32cube.ide.mcu.externaltools.gnu-tools-for-stm32.9-2020-q2-update.win32_2.0.0.202105311346/tools/bin/../lib/gcc/arm-none-eabi/9.3.1/../../../../arm-none-eabi/lib/thumb/v7e-m+fp/hard\libc_nano.a(lib_a-nano-mallocr.o)
                0x000000000800a04c                _malloc_r
 .text.__sfputc_r
                0x000000000800a100       0x2e c:/st/stm32cubeide_1.7.0/stm32cubeide/plugins/com.st.stm32cube.ide.mcu.externaltools.gnu-tools-for-stm32.9-2020-q2-update.win32_2.0.0.202105311346/tools/bin/../lib/gcc/arm-none-eabi/9.3.1/../../../../arm-none-eabi/lib/thumb/v7e-m+fp/hard\libc_nano.a(lib_a-nano-vfprintf.o)
 .text.__sfputs_r
                0x000000000800a12e       0x24 c:/st/stm32cubeide_1.7.0/stm32cubeide/plugins/com.st.stm32cube.ide.mcu.externaltools.gnu-tools-for-stm32.9-2020-q2-update.win32_2.0.0.202105311346/tools/bin/../lib/gcc/arm-none-eabi/9.3.1/../../../../arm-none-eabi/lib/thumb/v7e-m+fp/hard\libc_nano.a(lib_a-nano-vfprintf.o)
                0x000000000800a12e                __sfputs_r
 *fill*         0x000000000800a152        0x2 
 .text._vfprintf_r
                0x000000000800a154      0x260 c:/st/stm32cubeide_1.7.0/stm32cubeide/plugins/com.st.stm32cube.ide.mcu.externaltools.gnu-tools-for-stm32.9-2020-q2-update.win32_2.0.0.202105311346/tools/bin/../lib/gcc/arm-none-eabi/9.3.1/../../../../arm-none-eabi/lib/thumb/v7e-m+fp/hard\libc_nano.a(lib_a-nano-vfprintf.o)
                0x000000000800a154                _vfprintf_r
                0x000000000800a154                _vfiprintf_r
 .text._printf_common
                0x000000000800a3b4       0xda c:/st/stm32cubeide_1.7.0/stm32cubeide/plugins/com.st.stm32cube.ide.mcu.externaltools.gnu-tools-for-stm32.9-2020-q2-update.win32_2.0.0.202105311346/tools/bin/../lib/gcc/arm-none-eabi/9.3.1/../../../../arm-none-eabi/lib/thumb/v7e-m+fp/hard\libc_nano.a(lib_a-nano-vfprintf_i.o)
                0x000000000800a3b4                _printf_common
 *fill*         0x000000000800a48e        0x2 
 .text._printf_i
                0x000000000800a490      0x24c c:/st/stm32cubeide_1.7.0/stm32cubeide/plugins/com.st.stm32cube.ide.mcu.externaltools.gnu-tools-for-stm32.9-2020-q2-update.win32_2.0.0.202105311346/tools/bin/../lib/gcc/arm-none-eabi/9.3.1/../../../../arm-none-eabi/lib/thumb/v7e-m+fp/hard\libc_nano.a(lib_a-nano-vfprintf_i.o)
                0x000000000800a490                _printf_i
 .text.printf   0x000000000800a6dc       0x30 c:/st/stm32cubeide_1.7.0/stm32cubeide/plugins/com.st.stm32cube.ide.mcu.externaltools.gnu-tools-for-stm32.9-2020-q2-update.win32_2.0.0.202105311346/tools/bin/../lib/gcc/arm-none-eabi/9.3.1/../../../../arm-none-eabi/lib/thumb/v7e-m+fp/hard\libc_nano.a(lib_a-printf.o)
                0x000000000800a6dc                iprintf
                0x000000000800a6dc                printf
 .text._sbrk_r  0x000000000800a70c       0x20 c:/st/stm32cubeide_1.7.0/stm32cubeide/plugins/com.st.stm32cube.ide.mcu.externaltools.gnu-tools-for-stm32.9-2020-q2-update.win32_2.0.0.202105311346/tools/bin/../lib/gcc/arm-none-eabi/9.3.1/../../../../arm-none-eabi/lib/thumb/v7e-m+fp/hard\libc_nano.a(lib_a-sbrkr.o)
                0x000000000800a70c                _sbrk_r
 .text.strchr   0x000000000800a72c       0x1a c:/st/stm32cubeide_1.7.0/stm32cubeide/plugins/com.st.stm32cube.ide.mcu.externaltools.gnu-tools-for-stm32.9-2020-q2-update.win32_2.0.0.202105311346/tools/bin/../lib/gcc/arm-none-eabi/9.3.1/../../../../arm-none-eabi/lib/thumb/v7e-m+fp/hard\libc_nano.a(lib_a-strchr.o)
                0x000000000800a72c                strchr
 .text.strcspn  0x000000000800a746       0x22 c:/st/stm32cubeide_1.7.0/stm32cubeide/plugins/com.st.stm32cube.ide.mcu.externaltools.gnu-tools-for-stm32.9-2020-q2-update.win32_2.0.0.202105311346/tools/bin/../lib/gcc/arm-none-eabi/9.3.1/../../../../arm-none-eabi/lib/thumb/v7e-m+fp/hard\libc_nano.a(lib_a-strcspn.o)
                0x000000000800a746                strcspn
 .text.strspn   0x000000000800a768       0x20 c:/st/stm32cubeide_1.7.0/stm32cubeide/plugins/com.st.stm32cube.ide.mcu.externaltools.gnu-tools-for-stm32.9-2020-q2-update.win32_2.0.0.202105311346/tools/bin/../lib/gcc/arm-none-eabi/9.3.1/../../../../arm-none-eabi/lib/thumb/v7e-m+fp/hard\libc_nano.a(lib_a-strspn.o)
                0x000000000800a768                strspn
 .text.__swbuf_r
                0x000000000800a788       0xa4 c:/st/stm32cubeide_1.7.0/stm32cubeide/plugins/com.st.stm32cube.ide.mcu.externaltools.gnu-tools-for-stm32.9-2020-q2-update.win32_2.0.0.202105311346/tools/bin/../lib/gcc/arm-none-eabi/9.3.1/../../../../arm-none-eabi/lib/thumb/v7e-m+fp/hard\libc_nano.a(lib_a-wbuf.o)
                0x000000000800a788                __swbuf_r
 .text.__swsetup_r
                0x000000000800a82c       0xdc c:/st/stm32cubeide_1.7.0/stm32cubeide/plugins/com.st.stm32cube.ide.mcu.externaltools.gnu-tools-for-stm32.9-2020-q2-update.win32_2.0.0.202105311346/tools/bin/../lib/gcc/arm-none-eabi/9.3.1/../../../../arm-none-eabi/lib/thumb/v7e-m+fp/hard\libc_nano.a(lib_a-wsetup.o)
                0x000000000800a82c                __swsetup_r
 .text.abort    0x000000000800a908        0xe c:/st/stm32cubeide_1.7.0/stm32cubeide/plugins/com.st.stm32cube.ide.mcu.externaltools.gnu-tools-for-stm32.9-2020-q2-update.win32_2.0.0.202105311346/tools/bin/../lib/gcc/arm-none-eabi/9.3.1/../../../../arm-none-eabi/lib/thumb/v7e-m+fp/hard\libc_nano.a(lib_a-abort.o)
                0x000000000800a908                abort
 *fill*         0x000000000800a916        0x2 
 .text.__sflush_r
                0x000000000800a918      0x10c c:/st/stm32cubeide_1.7.0/stm32cubeide/plugins/com.st.stm32cube.ide.mcu.externaltools.gnu-tools-for-stm32.9-2020-q2-update.win32_2.0.0.202105311346/tools/bin/../lib/gcc/arm-none-eabi/9.3.1/../../../../arm-none-eabi/lib/thumb/v7e-m+fp/hard\libc_nano.a(lib_a-fflush.o)
                0x000000000800a918                __sflush_r
 .text._fflush_r
                0x000000000800aa24       0x78 c:/st/stm32cubeide_1.7.0/stm32cubeide/plugins/com.st.stm32cube.ide.mcu.externaltools.gnu-tools-for-stm32.9-2020-q2-update.win32_2.0.0.202105311346/tools/bin/../lib/gcc/arm-none-eabi/9.3.1/../../../../arm-none-eabi/lib/thumb/v7e-m+fp/hard\libc_nano.a(lib_a-fflush.o)
                0x000000000800aa24                _fflush_r
 .text.std      0x000000000800aa9c       0x48 c:/st/stm32cubeide_1.7.0/stm32cubeide/plugins/com.st.stm32cube.ide.mcu.externaltools.gnu-tools-for-stm32.9-2020-q2-update.win32_2.0.0.202105311346/tools/bin/../lib/gcc/arm-none-eabi/9.3.1/../../../../arm-none-eabi/lib/thumb/v7e-m+fp/hard\libc_nano.a(lib_a-findfp.o)
 .text._cleanup_r
                0x000000000800aae4        0xc c:/st/stm32cubeide_1.7.0/stm32cubeide/plugins/com.st.stm32cube.ide.mcu.externaltools.gnu-tools-for-stm32.9-2020-q2-update.win32_2.0.0.202105311346/tools/bin/../lib/gcc/arm-none-eabi/9.3.1/../../../../arm-none-eabi/lib/thumb/v7e-m+fp/hard\libc_nano.a(lib_a-findfp.o)
                0x000000000800aae4                _cleanup_r
 .text.__sfmoreglue
                0x000000000800aaf0       0x2c c:/st/stm32cubeide_1.7.0/stm32cubeide/plugins/com.st.stm32cube.ide.mcu.externaltools.gnu-tools-for-stm32.9-2020-q2-update.win32_2.0.0.202105311346/tools/bin/../lib/gcc/arm-none-eabi/9.3.1/../../../../arm-none-eabi/lib/thumb/v7e-m+fp/hard\libc_nano.a(lib_a-findfp.o)
                0x000000000800aaf0                __sfmoreglue
 .text.__sfp_lock_acquire
                0x000000000800ab1c        0xc c:/st/stm32cubeide_1.7.0/stm32cubeide/plugins/com.st.stm32cube.ide.mcu.externaltools.gnu-tools-for-stm32.9-2020-q2-update.win32_2.0.0.202105311346/tools/bin/../lib/gcc/arm-none-eabi/9.3.1/../../../../arm-none-eabi/lib/thumb/v7e-m+fp/hard\libc_nano.a(lib_a-findfp.o)
                0x000000000800ab1c                __sfp_lock_acquire
 .text.__sfp_lock_release
                0x000000000800ab28        0xc c:/st/stm32cubeide_1.7.0/stm32cubeide/plugins/com.st.stm32cube.ide.mcu.externaltools.gnu-tools-for-stm32.9-2020-q2-update.win32_2.0.0.202105311346/tools/bin/../lib/gcc/arm-none-eabi/9.3.1/../../../../arm-none-eabi/lib/thumb/v7e-m+fp/hard\libc_nano.a(lib_a-findfp.o)
                0x000000000800ab28                __sfp_lock_release
 .text.__sinit_lock_acquire
                0x000000000800ab34        0xc c:/st/stm32cubeide_1.7.0/stm32cubeide/plugins/com.st.stm32cube.ide.mcu.externaltools.gnu-tools-for-stm32.9-2020-q2-update.win32_2.0.0.202105311346/tools/bin/../lib/gcc/arm-none-eabi/9.3.1/../../../../arm-none-eabi/lib/thumb/v7e-m+fp/hard\libc_nano.a(lib_a-findfp.o)
                0x000000000800ab34                __sinit_lock_acquire
 .text.__sinit_lock_release
                0x000000000800ab40        0xc c:/st/stm32cubeide_1.7.0/stm32cubeide/plugins/com.st.stm32cube.ide.mcu.externaltools.gnu-tools-for-stm32.9-2020-q2-update.win32_2.0.0.202105311346/tools/bin/../lib/gcc/arm-none-eabi/9.3.1/../../../../arm-none-eabi/lib/thumb/v7e-m+fp/hard\libc_nano.a(lib_a-findfp.o)
                0x000000000800ab40                __sinit_lock_release
 .text.__sinit  0x000000000800ab4c       0x70 c:/st/stm32cubeide_1.7.0/stm32cubeide/plugins/com.st.stm32cube.ide.mcu.externaltools.gnu-tools-for-stm32.9-2020-q2-update.win32_2.0.0.202105311346/tools/bin/../lib/gcc/arm-none-eabi/9.3.1/../../../../arm-none-eabi/lib/thumb/v7e-m+fp/hard\libc_nano.a(lib_a-findfp.o)
                0x000000000800ab4c                __sinit
 .text.__sfp    0x000000000800abbc       0x8c c:/st/stm32cubeide_1.7.0/stm32cubeide/plugins/com.st.stm32cube.ide.mcu.externaltools.gnu-tools-for-stm32.9-2020-q2-update.win32_2.0.0.202105311346/tools/bin/../lib/gcc/arm-none-eabi/9.3.1/../../../../arm-none-eabi/lib/thumb/v7e-m+fp/hard\libc_nano.a(lib_a-findfp.o)
                0x000000000800abbc                __sfp
 .text._fwalk_reent
                0x000000000800ac48       0x3e c:/st/stm32cubeide_1.7.0/stm32cubeide/plugins/com.st.stm32cube.ide.mcu.externaltools.gnu-tools-for-stm32.9-2020-q2-update.win32_2.0.0.202105311346/tools/bin/../lib/gcc/arm-none-eabi/9.3.1/../../../../arm-none-eabi/lib/thumb/v7e-m+fp/hard\libc_nano.a(lib_a-fwalk.o)
                0x000000000800ac48                _fwalk_reent
 .text.__retarget_lock_init_recursive
                0x000000000800ac86        0x2 c:/st/stm32cubeide_1.7.0/stm32cubeide/plugins/com.st.stm32cube.ide.mcu.externaltools.gnu-tools-for-stm32.9-2020-q2-update.win32_2.0.0.202105311346/tools/bin/../lib/gcc/arm-none-eabi/9.3.1/../../../../arm-none-eabi/lib/thumb/v7e-m+fp/hard\libc_nano.a(lib_a-lock.o)
                0x000000000800ac86                __retarget_lock_init_recursive
 .text.__retarget_lock_acquire_recursive
                0x000000000800ac88        0x2 c:/st/stm32cubeide_1.7.0/stm32cubeide/plugins/com.st.stm32cube.ide.mcu.externaltools.gnu-tools-for-stm32.9-2020-q2-update.win32_2.0.0.202105311346/tools/bin/../lib/gcc/arm-none-eabi/9.3.1/../../../../arm-none-eabi/lib/thumb/v7e-m+fp/hard\libc_nano.a(lib_a-lock.o)
                0x000000000800ac88                __retarget_lock_acquire_recursive
 .text.__retarget_lock_release_recursive
                0x000000000800ac8a        0x2 c:/st/stm32cubeide_1.7.0/stm32cubeide/plugins/com.st.stm32cube.ide.mcu.externaltools.gnu-tools-for-stm32.9-2020-q2-update.win32_2.0.0.202105311346/tools/bin/../lib/gcc/arm-none-eabi/9.3.1/../../../../arm-none-eabi/lib/thumb/v7e-m+fp/hard\libc_nano.a(lib_a-lock.o)
                0x000000000800ac8a                __retarget_lock_release_recursive
 .text.__swhatbuf_r
                0x000000000800ac8c       0x48 c:/st/stm32cubeide_1.7.0/stm32cubeide/plugins/com.st.stm32cube.ide.mcu.externaltools.gnu-tools-for-stm32.9-2020-q2-update.win32_2.0.0.202105311346/tools/bin/../lib/gcc/arm-none-eabi/9.3.1/../../../../arm-none-eabi/lib/thumb/v7e-m+fp/hard\libc_nano.a(lib_a-makebuf.o)
                0x000000000800ac8c                __swhatbuf_r
 .text.__smakebuf_r
                0x000000000800acd4       0x80 c:/st/stm32cubeide_1.7.0/stm32cubeide/plugins/com.st.stm32cube.ide.mcu.externaltools.gnu-tools-for-stm32.9-2020-q2-update.win32_2.0.0.202105311346/tools/bin/../lib/gcc/arm-none-eabi/9.3.1/../../../../arm-none-eabi/lib/thumb/v7e-m+fp/hard\libc_nano.a(lib_a-makebuf.o)
                0x000000000800acd4                __smakebuf_r
 .text.__malloc_lock
                0x000000000800ad54        0xc c:/st/stm32cubeide_1.7.0/stm32cubeide/plugins/com.st.stm32cube.ide.mcu.externaltools.gnu-tools-for-stm32.9-2020-q2-update.win32_2.0.0.202105311346/tools/bin/../lib/gcc/arm-none-eabi/9.3.1/../../../../arm-none-eabi/lib/thumb/v7e-m+fp/hard\libc_nano.a(lib_a-mlock.o)
                0x000000000800ad54                __malloc_lock
 .text.__malloc_unlock
                0x000000000800ad60        0xc c:/st/stm32cubeide_1.7.0/stm32cubeide/plugins/com.st.stm32cube.ide.mcu.externaltools.gnu-tools-for-stm32.9-2020-q2-update.win32_2.0.0.202105311346/tools/bin/../lib/gcc/arm-none-eabi/9.3.1/../../../../arm-none-eabi/lib/thumb/v7e-m+fp/hard\libc_nano.a(lib_a-mlock.o)
                0x000000000800ad60                __malloc_unlock
 .text._raise_r
                0x000000000800ad6c       0x50 c:/st/stm32cubeide_1.7.0/stm32cubeide/plugins/com.st.stm32cube.ide.mcu.externaltools.gnu-tools-for-stm32.9-2020-q2-update.win32_2.0.0.202105311346/tools/bin/../lib/gcc/arm-none-eabi/9.3.1/../../../../arm-none-eabi/lib/thumb/v7e-m+fp/hard\libc_nano.a(lib_a-signal.o)
                0x000000000800ad6c                _raise_r
 .text.raise    0x000000000800adbc       0x10 c:/st/stm32cubeide_1.7.0/stm32cubeide/plugins/com.st.stm32cube.ide.mcu.externaltools.gnu-tools-for-stm32.9-2020-q2-update.win32_2.0.0.202105311346/tools/bin/../lib/gcc/arm-none-eabi/9.3.1/../../../../arm-none-eabi/lib/thumb/v7e-m+fp/hard\libc_nano.a(lib_a-signal.o)
                0x000000000800adbc                raise
 .text._kill_r  0x000000000800adcc       0x24 c:/st/stm32cubeide_1.7.0/stm32cubeide/plugins/com.st.stm32cube.ide.mcu.externaltools.gnu-tools-for-stm32.9-2020-q2-update.win32_2.0.0.202105311346/tools/bin/../lib/gcc/arm-none-eabi/9.3.1/../../../../arm-none-eabi/lib/thumb/v7e-m+fp/hard\libc_nano.a(lib_a-signalr.o)
                0x000000000800adcc                _kill_r
 .text._getpid_r
                0x000000000800adf0        0x4 c:/st/stm32cubeide_1.7.0/stm32cubeide/plugins/com.st.stm32cube.ide.mcu.externaltools.gnu-tools-for-stm32.9-2020-q2-update.win32_2.0.0.202105311346/tools/bin/../lib/gcc/arm-none-eabi/9.3.1/../../../../arm-none-eabi/lib/thumb/v7e-m+fp/hard\libc_nano.a(lib_a-signalr.o)
                0x000000000800adf0                _getpid_r
 .text.__sread  0x000000000800adf4       0x22 c:/st/stm32cubeide_1.7.0/stm32cubeide/plugins/com.st.stm32cube.ide.mcu.externaltools.gnu-tools-for-stm32.9-2020-q2-update.win32_2.0.0.202105311346/tools/bin/../lib/gcc/arm-none-eabi/9.3.1/../../../../arm-none-eabi/lib/thumb/v7e-m+fp/hard\libc_nano.a(lib_a-stdio.o)
                0x000000000800adf4                __sread
 .text.__swrite
                0x000000000800ae16       0x38 c:/st/stm32cubeide_1.7.0/stm32cubeide/plugins/com.st.stm32cube.ide.mcu.externaltools.gnu-tools-for-stm32.9-2020-q2-update.win32_2.0.0.202105311346/tools/bin/../lib/gcc/arm-none-eabi/9.3.1/../../../../arm-none-eabi/lib/thumb/v7e-m+fp/hard\libc_nano.a(lib_a-stdio.o)
                0x000000000800ae16                __swrite
 .text.__sseek  0x000000000800ae4e       0x24 c:/st/stm32cubeide_1.7.0/stm32cubeide/plugins/com.st.stm32cube.ide.mcu.externaltools.gnu-tools-for-stm32.9-2020-q2-update.win32_2.0.0.202105311346/tools/bin/../lib/gcc/arm-none-eabi/9.3.1/../../../../arm-none-eabi/lib/thumb/v7e-m+fp/hard\libc_nano.a(lib_a-stdio.o)
                0x000000000800ae4e                __sseek
 .text.__sclose
                0x000000000800ae72        0x8 c:/st/stm32cubeide_1.7.0/stm32cubeide/plugins/com.st.stm32cube.ide.mcu.externaltools.gnu-tools-for-stm32.9-2020-q2-update.win32_2.0.0.202105311346/tools/bin/../lib/gcc/arm-none-eabi/9.3.1/../../../../arm-none-eabi/lib/thumb/v7e-m+fp/hard\libc_nano.a(lib_a-stdio.o)
                0x000000000800ae72                __sclose
 *fill*         0x000000000800ae7a        0x2 
 .text._write_r
                0x000000000800ae7c       0x24 c:/st/stm32cubeide_1.7.0/stm32cubeide/plugins/com.st.stm32cube.ide.mcu.externaltools.gnu-tools-for-stm32.9-2020-q2-update.win32_2.0.0.202105311346/tools/bin/../lib/gcc/arm-none-eabi/9.3.1/../../../../arm-none-eabi/lib/thumb/v7e-m+fp/hard\libc_nano.a(lib_a-writer.o)
                0x000000000800ae7c                _write_r
 .text._close_r
                0x000000000800aea0       0x20 c:/st/stm32cubeide_1.7.0/stm32cubeide/plugins/com.st.stm32cube.ide.mcu.externaltools.gnu-tools-for-stm32.9-2020-q2-update.win32_2.0.0.202105311346/tools/bin/../lib/gcc/arm-none-eabi/9.3.1/../../../../arm-none-eabi/lib/thumb/v7e-m+fp/hard\libc_nano.a(lib_a-closer.o)
                0x000000000800aea0                _close_r
 .text._fstat_r
                0x000000000800aec0       0x24 c:/st/stm32cubeide_1.7.0/stm32cubeide/plugins/com.st.stm32cube.ide.mcu.externaltools.gnu-tools-for-stm32.9-2020-q2-update.win32_2.0.0.202105311346/tools/bin/../lib/gcc/arm-none-eabi/9.3.1/../../../../arm-none-eabi/lib/thumb/v7e-m+fp/hard\libc_nano.a(lib_a-fstatr.o)
                0x000000000800aec0                _fstat_r
 .text._isatty_r
                0x000000000800aee4       0x20 c:/st/stm32cubeide_1.7.0/stm32cubeide/plugins/com.st.stm32cube.ide.mcu.externaltools.gnu-tools-for-stm32.9-2020-q2-update.win32_2.0.0.202105311346/tools/bin/../lib/gcc/arm-none-eabi/9.3.1/../../../../arm-none-eabi/lib/thumb/v7e-m+fp/hard\libc_nano.a(lib_a-isattyr.o)
                0x000000000800aee4                _isatty_r
 .text._lseek_r
                0x000000000800af04       0x24 c:/st/stm32cubeide_1.7.0/stm32cubeide/plugins/com.st.stm32cube.ide.mcu.externaltools.gnu-tools-for-stm32.9-2020-q2-update.win32_2.0.0.202105311346/tools/bin/../lib/gcc/arm-none-eabi/9.3.1/../../../../arm-none-eabi/lib/thumb/v7e-m+fp/hard\libc_nano.a(lib_a-lseekr.o)
                0x000000000800af04                _lseek_r
 .text._read_r  0x000000000800af28       0x24 c:/st/stm32cubeide_1.7.0/stm32cubeide/plugins/com.st.stm32cube.ide.mcu.externaltools.gnu-tools-for-stm32.9-2020-q2-update.win32_2.0.0.202105311346/tools/bin/../lib/gcc/arm-none-eabi/9.3.1/../../../../arm-none-eabi/lib/thumb/v7e-m+fp/hard\libc_nano.a(lib_a-readr.o)
                0x000000000800af28                _read_r
 *(.glue_7)
 .glue_7        0x000000000800af4c        0x0 linker stubs
 *(.glue_7t)
 .glue_7t       0x000000000800af4c        0x0 linker stubs
 *(.eh_frame)
 .eh_frame      0x000000000800af4c        0x0 c:/st/stm32cubeide_1.7.0/stm32cubeide/plugins/com.st.stm32cube.ide.mcu.externaltools.gnu-tools-for-stm32.9-2020-q2-update.win32_2.0.0.202105311346/tools/bin/../lib/gcc/arm-none-eabi/9.3.1/thumb/v7e-m+fp/hard/crtbegin.o
 *(.init)
 .init          0x000000000800af4c        0x4 c:/st/stm32cubeide_1.7.0/stm32cubeide/plugins/com.st.stm32cube.ide.mcu.externaltools.gnu-tools-for-stm32.9-2020-q2-update.win32_2.0.0.202105311346/tools/bin/../lib/gcc/arm-none-eabi/9.3.1/thumb/v7e-m+fp/hard/crti.o
                0x000000000800af4c                _init
 .init          0x000000000800af50        0x8 c:/st/stm32cubeide_1.7.0/stm32cubeide/plugins/com.st.stm32cube.ide.mcu.externaltools.gnu-tools-for-stm32.9-2020-q2-update.win32_2.0.0.202105311346/tools/bin/../lib/gcc/arm-none-eabi/9.3.1/thumb/v7e-m+fp/hard/crtn.o
 *(.fini)
 .fini          0x000000000800af58        0x4 c:/st/stm32cubeide_1.7.0/stm32cubeide/plugins/com.st.stm32cube.ide.mcu.externaltools.gnu-tools-for-stm32.9-2020-q2-update.win32_2.0.0.202105311346/tools/bin/../lib/gcc/arm-none-eabi/9.3.1/thumb/v7e-m+fp/hard/crti.o
                0x000000000800af58                _fini
 .fini          0x000000000800af5c        0x8 c:/st/stm32cubeide_1.7.0/stm32cubeide/plugins/com.st.stm32cube.ide.mcu.externaltools.gnu-tools-for-stm32.9-2020-q2-update.win32_2.0.0.202105311346/tools/bin/../lib/gcc/arm-none-eabi/9.3.1/thumb/v7e-m+fp/hard/crtn.o
                0x000000000800af64                . = ALIGN (0x4)
                0x000000000800af64                _etext = .

.vfp11_veneer   0x000000000800af64        0x0
 .vfp11_veneer  0x000000000800af64        0x0 linker stubs

.v4_bx          0x000000000800af64        0x0
 .v4_bx         0x000000000800af64        0x0 linker stubs

.iplt           0x000000000800af64        0x0
 .iplt          0x000000000800af64        0x0 c:/st/stm32cubeide_1.7.0/stm32cubeide/plugins/com.st.stm32cube.ide.mcu.externaltools.gnu-tools-for-stm32.9-2020-q2-update.win32_2.0.0.202105311346/tools/bin/../lib/gcc/arm-none-eabi/9.3.1/thumb/v7e-m+fp/hard/crtbegin.o

.rodata         0x000000000800af64      0xf38
                0x000000000800af64                . = ALIGN (0x4)
 *(.rodata)
 .rodata        0x000000000800af64      0xc56 ./Core/Src/lfs.o
 *fill*         0x000000000800bbba        0x2 
 .rodata        0x000000000800bbbc       0x1c ./Core/Src/main.o
 *(.rodata*)
 .rodata.__func__.7688
                0x000000000800bbd8        0xc ./Core/Src/lfs.o
 .rodata.__func__.7734
                0x000000000800bbe4        0xd ./Core/Src/lfs.o
 *fill*         0x000000000800bbf1        0x3 
 .rodata.__func__.7745
                0x000000000800bbf4        0xc ./Core/Src/lfs.o
 .rodata.__func__.7757
                0x000000000800bc00        0xc ./Core/Src/lfs.o
 .rodata.__func__.7767
                0x000000000800bc0c        0xd ./Core/Src/lfs.o
 *fill*         0x000000000800bc19        0x3 
 .rodata.__func__.8125
                0x000000000800bc1c       0x11 ./Core/Src/lfs.o
 *fill*         0x000000000800bc2d        0x3 
 .rodata.__func__.8356
                0x000000000800bc30       0x10 ./Core/Src/lfs.o
 .rodata.__func__.8395
                0x000000000800bc40       0x19 ./Core/Src/lfs.o
 *fill*         0x000000000800bc59        0x3 
 .rodata.__func__.8452
                0x000000000800bc5c       0x18 ./Core/Src/lfs.o
 .rodata.defaults.8624
                0x000000000800bc74        0xc ./Core/Src/lfs.o
 .rodata.__func__.8696
                0x000000000800bc80        0xf ./Core/Src/lfs.o
 *fill*         0x000000000800bc8f        0x1 
 .rodata.__func__.8724
                0x000000000800bc90       0x10 ./Core/Src/lfs.o
 .rodata.__func__.8857
                0x000000000800bca0        0x9 ./Core/Src/lfs.o
 *fill*         0x000000000800bca9        0x3 
 .rodata.__func__.8870
                0x000000000800bcac        0xc ./Core/Src/lfs.o
 .rodata.__func__.8992
                0x000000000800bcb8       0x13 ./Core/Src/lfs.o
 *fill*         0x000000000800bccb        0x1 
 .rodata.__func__.9009
                0x000000000800bccc        0xe ./Core/Src/lfs.o
 *fill*         0x000000000800bcda        0x2 
 .rodata.__func__.9140
                0x000000000800bcdc        0xe ./Core/Src/lfs.o
 *fill*         0x000000000800bcea        0x2 
 .rodata.__func__.9155
                0x000000000800bcec        0xf ./Core/Src/lfs.o
 *fill*         0x000000000800bcfb        0x1 
 .rodata.__func__.9169
                0x000000000800bcfc        0xe ./Core/Src/lfs.o
 *fill*         0x000000000800bd0a        0x2 
 .rodata.__func__.9178
                0x000000000800bd0c        0xf ./Core/Src/lfs.o
 *fill*         0x000000000800bd1b        0x1 
 .rodata.rtable.7344
                0x000000000800bd1c       0x40 ./Core/Src/lfs_util.o
 .rodata.cfg    0x000000000800bd5c       0x54 ./Core/Src/main.o
                0x000000000800bd5c                cfg
 .rodata.AHBPrescTable
                0x000000000800bdb0       0x10 ./Core/Src/system_stm32f4xx.o
                0x000000000800bdb0                AHBPrescTable
 .rodata.APBPrescTable
                0x000000000800bdc0        0x8 ./Core/Src/system_stm32f4xx.o
                0x000000000800bdc0                APBPrescTable
 .rodata.__assert_func.str1.1
                0x000000000800bdc8       0x3c c:/st/stm32cubeide_1.7.0/stm32cubeide/plugins/com.st.stm32cube.ide.mcu.externaltools.gnu-tools-for-stm32.9-2020-q2-update.win32_2.0.0.202105311346/tools/bin/../lib/gcc/arm-none-eabi/9.3.1/../../../../arm-none-eabi/lib/thumb/v7e-m+fp/hard\libc_nano.a(lib_a-assert.o)
                                         0x3d (size before relaxing)
 .rodata._global_impure_ptr
                0x000000000800be04        0x4 c:/st/stm32cubeide_1.7.0/stm32cubeide/plugins/com.st.stm32cube.ide.mcu.externaltools.gnu-tools-for-stm32.9-2020-q2-update.win32_2.0.0.202105311346/tools/bin/../lib/gcc/arm-none-eabi/9.3.1/../../../../arm-none-eabi/lib/thumb/v7e-m+fp/hard\libc_nano.a(lib_a-impure.o)
                0x000000000800be04                _global_impure_ptr
 .rodata._vfprintf_r.str1.1
                0x000000000800be08       0x11 c:/st/stm32cubeide_1.7.0/stm32cubeide/plugins/com.st.stm32cube.ide.mcu.externaltools.gnu-tools-for-stm32.9-2020-q2-update.win32_2.0.0.202105311346/tools/bin/../lib/gcc/arm-none-eabi/9.3.1/../../../../arm-none-eabi/lib/thumb/v7e-m+fp/hard\libc_nano.a(lib_a-nano-vfprintf.o)
 .rodata._printf_i.str1.1
                0x000000000800be19       0x22 c:/st/stm32cubeide_1.7.0/stm32cubeide/plugins/com.st.stm32cube.ide.mcu.externaltools.gnu-tools-for-stm32.9-2020-q2-update.win32_2.0.0.202105311346/tools/bin/../lib/gcc/arm-none-eabi/9.3.1/../../../../arm-none-eabi/lib/thumb/v7e-m+fp/hard\libc_nano.a(lib_a-nano-vfprintf_i.o)
 *fill*         0x000000000800be3b        0x1 
 .rodata.__sf_fake_stderr
                0x000000000800be3c       0x20 c:/st/stm32cubeide_1.7.0/stm32cubeide/plugins/com.st.stm32cube.ide.mcu.externaltools.gnu-tools-for-stm32.9-2020-q2-update.win32_2.0.0.202105311346/tools/bin/../lib/gcc/arm-none-eabi/9.3.1/../../../../arm-none-eabi/lib/thumb/v7e-m+fp/hard\libc_nano.a(lib_a-findfp.o)
                0x000000000800be3c                __sf_fake_stderr
 .rodata.__sf_fake_stdin
                0x000000000800be5c       0x20 c:/st/stm32cubeide_1.7.0/stm32cubeide/plugins/com.st.stm32cube.ide.mcu.externaltools.gnu-tools-for-stm32.9-2020-q2-update.win32_2.0.0.202105311346/tools/bin/../lib/gcc/arm-none-eabi/9.3.1/../../../../arm-none-eabi/lib/thumb/v7e-m+fp/hard\libc_nano.a(lib_a-findfp.o)
                0x000000000800be5c                __sf_fake_stdin
 .rodata.__sf_fake_stdout
                0x000000000800be7c       0x20 c:/st/stm32cubeide_1.7.0/stm32cubeide/plugins/com.st.stm32cube.ide.mcu.externaltools.gnu-tools-for-stm32.9-2020-q2-update.win32_2.0.0.202105311346/tools/bin/../lib/gcc/arm-none-eabi/9.3.1/../../../../arm-none-eabi/lib/thumb/v7e-m+fp/hard\libc_nano.a(lib_a-findfp.o)
                0x000000000800be7c                __sf_fake_stdout
                0x000000000800be9c                . = ALIGN (0x4)

.ARM.extab      0x000000000800be9c        0x0
                0x000000000800be9c                . = ALIGN (0x4)
 *(.ARM.extab* .gnu.linkonce.armextab.*)
                0x000000000800be9c                . = ALIGN (0x4)

.ARM            0x000000000800be9c        0x8
                0x000000000800be9c                . = ALIGN (0x4)
                0x000000000800be9c                __exidx_start = .
 *(.ARM.exidx*)
 .ARM.exidx     0x000000000800be9c        0x8 c:/st/stm32cubeide_1.7.0/stm32cubeide/plugins/com.st.stm32cube.ide.mcu.externaltools.gnu-tools-for-stm32.9-2020-q2-update.win32_2.0.0.202105311346/tools/bin/../lib/gcc/arm-none-eabi/9.3.1/thumb/v7e-m+fp/hard\libgcc.a(_udivmoddi4.o)
                0x000000000800bea4                __exidx_end = .
                0x000000000800bea4                . = ALIGN (0x4)

.rel.dyn        0x000000000800bea4        0x0
 .rel.iplt      0x000000000800bea4        0x0 c:/st/stm32cubeide_1.7.0/stm32cubeide/plugins/com.st.stm32cube.ide.mcu.externaltools.gnu-tools-for-stm32.9-2020-q2-update.win32_2.0.0.202105311346/tools/bin/../lib/gcc/arm-none-eabi/9.3.1/thumb/v7e-m+fp/hard/crtbegin.o

.preinit_array  0x000000000800bea4        0x0
                0x000000000800bea4                . = ALIGN (0x4)
                0x000000000800bea4                PROVIDE (__preinit_array_start = .)
 *(.preinit_array*)
                0x000000000800bea4                PROVIDE (__preinit_array_end = .)
                0x000000000800bea4                . = ALIGN (0x4)

.init_array     0x000000000800bea4        0x4
                0x000000000800bea4                . = ALIGN (0x4)
                0x000000000800bea4                PROVIDE (__init_array_start = .)
 *(SORT_BY_NAME(.init_array.*))
 *(.init_array*)
 .init_array    0x000000000800bea4        0x4 c:/st/stm32cubeide_1.7.0/stm32cubeide/plugins/com.st.stm32cube.ide.mcu.externaltools.gnu-tools-for-stm32.9-2020-q2-update.win32_2.0.0.202105311346/tools/bin/../lib/gcc/arm-none-eabi/9.3.1/thumb/v7e-m+fp/hard/crtbegin.o
                0x000000000800bea8                PROVIDE (__init_array_end = .)
                0x000000000800bea8                . = ALIGN (0x4)

.fini_array     0x000000000800bea8        0x4
                0x000000000800bea8                . = ALIGN (0x4)
                [!provide]                        PROVIDE (__fini_array_start = .)
 *(SORT_BY_NAME(.fini_array.*))
 *(.fini_array*)
 .fini_array    0x000000000800bea8        0x4 c:/st/stm32cubeide_1.7.0/stm32cubeide/plugins/com.st.stm32cube.ide.mcu.externaltools.gnu-tools-for-stm32.9-2020-q2-update.win32_2.0.0.202105311346/tools/bin/../lib/gcc/arm-none-eabi/9.3.1/thumb/v7e-m+fp/hard/crtbegin.o
                [!provide]                        PROVIDE (__fini_array_end = .)
                0x000000000800beac                . = ALIGN (0x4)
                0x000000000800beac                _sidata = LOADADDR (.data)

.data           0x0000000020000000       0x70 load address 0x000000000800beac
                0x0000000020000000                . = ALIGN (0x4)
                0x0000000020000000                _sdata = .
 *(.data)
 *(.data*)
 .data.SystemCoreClock
                0x0000000020000000        0x4 ./Core/Src/system_stm32f4xx.o
                0x0000000020000000                SystemCoreClock
 .data.uwTickPrio
                0x0000000020000004        0x4 ./Drivers/STM32F4xx_HAL_Driver/Src/stm32f4xx_hal.o
                0x0000000020000004                uwTickPrio
 .data.uwTickFreq
                0x0000000020000008        0x1 ./Drivers/STM32F4xx_HAL_Driver/Src/stm32f4xx_hal.o
                0x0000000020000008                uwTickFreq
 *fill*         0x0000000020000009        0x3 
 .data._impure_ptr
                0x000000002000000c        0x4 c:/st/stm32cubeide_1.7.0/stm32cubeide/plugins/com.st.stm32cube.ide.mcu.externaltools.gnu-tools-for-stm32.9-2020-q2-update.win32_2.0.0.202105311346/tools/bin/../lib/gcc/arm-none-eabi/9.3.1/../../../../arm-none-eabi/lib/thumb/v7e-m+fp/hard\libc_nano.a(lib_a-impure.o)
                0x000000002000000c                _impure_ptr
 .data.impure_data
                0x0000000020000010       0x60 c:/st/stm32cubeide_1.7.0/stm32cubeide/plugins/com.st.stm32cube.ide.mcu.externaltools.gnu-tools-for-stm32.9-2020-q2-update.win32_2.0.0.202105311346/tools/bin/../lib/gcc/arm-none-eabi/9.3.1/../../../../arm-none-eabi/lib/thumb/v7e-m+fp/hard\libc_nano.a(lib_a-impure.o)
 *(.RamFunc)
 *(.RamFunc*)
                0x0000000020000070                . = ALIGN (0x4)
                0x0000000020000070                _edata = .
                0x000000000800bf1c                _siccmram = LOADADDR (.ccmram)

.igot.plt       0x0000000020000070        0x0 load address 0x000000000800bf1c
 .igot.plt      0x0000000020000070        0x0 c:/st/stm32cubeide_1.7.0/stm32cubeide/plugins/com.st.stm32cube.ide.mcu.externaltools.gnu-tools-for-stm32.9-2020-q2-update.win32_2.0.0.202105311346/tools/bin/../lib/gcc/arm-none-eabi/9.3.1/thumb/v7e-m+fp/hard/crtbegin.o

.ccmram         0x0000000010000000        0x0 load address 0x000000000800bf1c
                0x0000000010000000                . = ALIGN (0x4)
                0x0000000010000000                _sccmram = .
 *(.ccmram)
 *(.ccmram*)
                0x0000000010000000                . = ALIGN (0x4)
                0x0000000010000000                _eccmram = .
                0x0000000010000000                . = ALIGN (0x4)

.bss            0x0000000020000070      0x1ac
                0x0000000020000070                _sbss = .
                0x0000000020000070                __bss_start__ = _sbss
 *(.bss)
 .bss           0x0000000020000070       0x1c c:/st/stm32cubeide_1.7.0/stm32cubeide/plugins/com.st.stm32cube.ide.mcu.externaltools.gnu-tools-for-stm32.9-2020-q2-update.win32_2.0.0.202105311346/tools/bin/../lib/gcc/arm-none-eabi/9.3.1/thumb/v7e-m+fp/hard/crtbegin.o
 *(.bss*)
 .bss.__sbrk_heap_end
                0x000000002000008c        0x4 ./Core/Src/sysmem.o
 .bss.__malloc_free_list
                0x0000000020000090        0x4 c:/st/stm32cubeide_1.7.0/stm32cubeide/plugins/com.st.stm32cube.ide.mcu.externaltools.gnu-tools-for-stm32.9-2020-q2-update.win32_2.0.0.202105311346/tools/bin/../lib/gcc/arm-none-eabi/9.3.1/../../../../arm-none-eabi/lib/thumb/v7e-m+fp/hard\libc_nano.a(lib_a-nano-mallocr.o)
                0x0000000020000090                __malloc_free_list
 .bss.__malloc_sbrk_start
                0x0000000020000094        0x4 c:/st/stm32cubeide_1.7.0/stm32cubeide/plugins/com.st.stm32cube.ide.mcu.externaltools.gnu-tools-for-stm32.9-2020-q2-update.win32_2.0.0.202105311346/tools/bin/../lib/gcc/arm-none-eabi/9.3.1/../../../../arm-none-eabi/lib/thumb/v7e-m+fp/hard\libc_nano.a(lib_a-nano-mallocr.o)
                0x0000000020000094                __malloc_sbrk_start
 *(COMMON)
 COMMON         0x0000000020000098      0x170 ./Core/Src/main.o
                0x0000000020000098                huart7
                0x00000000200000dc                hspi3
                0x0000000020000134                file
                0x0000000020000188                lfs
 COMMON         0x0000000020000208        0x4 ./Drivers/STM32F4xx_HAL_Driver/Src/stm32f4xx_hal.o
                0x0000000020000208                uwTick
 COMMON         0x000000002000020c        0x9 c:/st/stm32cubeide_1.7.0/stm32cubeide/plugins/com.st.stm32cube.ide.mcu.externaltools.gnu-tools-for-stm32.9-2020-q2-update.win32_2.0.0.202105311346/tools/bin/../lib/gcc/arm-none-eabi/9.3.1/../../../../arm-none-eabi/lib/thumb/v7e-m+fp/hard\libc_nano.a(lib_a-lock.o)
                0x000000002000020c                __lock___atexit_recursive_mutex
                0x000000002000020d                __lock___arc4random_mutex
                0x000000002000020e                __lock___env_recursive_mutex
                0x000000002000020f                __lock___sinit_recursive_mutex
                0x0000000020000210                __lock___malloc_recursive_mutex
                0x0000000020000211                __lock___at_quick_exit_mutex
                0x0000000020000212                __lock___dd_hash_mutex
                0x0000000020000213                __lock___tz_mutex
                0x0000000020000214                __lock___sfp_recursive_mutex
 *fill*         0x0000000020000215        0x3 
 COMMON         0x0000000020000218        0x4 c:/st/stm32cubeide_1.7.0/stm32cubeide/plugins/com.st.stm32cube.ide.mcu.externaltools.gnu-tools-for-stm32.9-2020-q2-update.win32_2.0.0.202105311346/tools/bin/../lib/gcc/arm-none-eabi/9.3.1/../../../../arm-none-eabi/lib/thumb/v7e-m+fp/hard\libc_nano.a(lib_a-reent.o)
                0x0000000020000218                errno
                0x000000002000021c                . = ALIGN (0x4)
                0x000000002000021c                _ebss = .
                0x000000002000021c                __bss_end__ = _ebss

._user_heap_stack
                0x000000002000021c      0x604
                0x0000000020000220                . = ALIGN (0x8)
 *fill*         0x000000002000021c        0x4 
                [!provide]                        PROVIDE (end = .)
                0x0000000020000220                PROVIDE (_end = .)
                0x0000000020000420                . = (. + _Min_Heap_Size)
 *fill*         0x0000000020000220      0x200 
                0x0000000020000820                . = (. + _Min_Stack_Size)
 *fill*         0x0000000020000420      0x400 
                0x0000000020000820                . = ALIGN (0x8)

/DISCARD/
 libc.a(*)
 libm.a(*)
 libgcc.a(*)

.ARM.attributes
                0x0000000000000000       0x30
 *(.ARM.attributes)
 .ARM.attributes
                0x0000000000000000       0x1e c:/st/stm32cubeide_1.7.0/stm32cubeide/plugins/com.st.stm32cube.ide.mcu.externaltools.gnu-tools-for-stm32.9-2020-q2-update.win32_2.0.0.202105311346/tools/bin/../lib/gcc/arm-none-eabi/9.3.1/thumb/v7e-m+fp/hard/crti.o
 .ARM.attributes
                0x000000000000001e       0x34 c:/st/stm32cubeide_1.7.0/stm32cubeide/plugins/com.st.stm32cube.ide.mcu.externaltools.gnu-tools-for-stm32.9-2020-q2-update.win32_2.0.0.202105311346/tools/bin/../lib/gcc/arm-none-eabi/9.3.1/thumb/v7e-m+fp/hard/crtbegin.o
 .ARM.attributes
                0x0000000000000052       0x34 ./Core/Src/MT25Q.o
 .ARM.attributes
                0x0000000000000086       0x34 ./Core/Src/lfs.o
 .ARM.attributes
                0x00000000000000ba       0x34 ./Core/Src/lfs_util.o
 .ARM.attributes
                0x00000000000000ee       0x34 ./Core/Src/main.o
 .ARM.attributes
                0x0000000000000122       0x34 ./Core/Src/stm32f4xx_hal_msp.o
 .ARM.attributes
                0x0000000000000156       0x34 ./Core/Src/stm32f4xx_it.o
 .ARM.attributes
                0x000000000000018a       0x34 ./Core/Src/syscalls.o
 .ARM.attributes
                0x00000000000001be       0x34 ./Core/Src/sysmem.o
 .ARM.attributes
                0x00000000000001f2       0x34 ./Core/Src/system_stm32f4xx.o
 .ARM.attributes
                0x0000000000000226       0x21 ./Core/Startup/startup_stm32f427aihx.o
 .ARM.attributes
                0x0000000000000247       0x34 ./Drivers/STM32F4xx_HAL_Driver/Src/stm32f4xx_hal.o
 .ARM.attributes
                0x000000000000027b       0x34 ./Drivers/STM32F4xx_HAL_Driver/Src/stm32f4xx_hal_cortex.o
 .ARM.attributes
                0x00000000000002af       0x34 ./Drivers/STM32F4xx_HAL_Driver/Src/stm32f4xx_hal_gpio.o
 .ARM.attributes
                0x00000000000002e3       0x34 ./Drivers/STM32F4xx_HAL_Driver/Src/stm32f4xx_hal_pwr_ex.o
 .ARM.attributes
                0x0000000000000317       0x34 ./Drivers/STM32F4xx_HAL_Driver/Src/stm32f4xx_hal_rcc.o
 .ARM.attributes
                0x000000000000034b       0x34 ./Drivers/STM32F4xx_HAL_Driver/Src/stm32f4xx_hal_spi.o
 .ARM.attributes
                0x000000000000037f       0x34 ./Drivers/STM32F4xx_HAL_Driver/Src/stm32f4xx_hal_uart.o
 .ARM.attributes
                0x00000000000003b3       0x34 c:/st/stm32cubeide_1.7.0/stm32cubeide/plugins/com.st.stm32cube.ide.mcu.externaltools.gnu-tools-for-stm32.9-2020-q2-update.win32_2.0.0.202105311346/tools/bin/../lib/gcc/arm-none-eabi/9.3.1/../../../../arm-none-eabi/lib/thumb/v7e-m+fp/hard\libc_nano.a(lib_a-assert.o)
 .ARM.attributes
                0x00000000000003e7       0x34 c:/st/stm32cubeide_1.7.0/stm32cubeide/plugins/com.st.stm32cube.ide.mcu.externaltools.gnu-tools-for-stm32.9-2020-q2-update.win32_2.0.0.202105311346/tools/bin/../lib/gcc/arm-none-eabi/9.3.1/../../../../arm-none-eabi/lib/thumb/v7e-m+fp/hard\libc_nano.a(lib_a-errno.o)
 .ARM.attributes
                0x000000000000041b       0x34 c:/st/stm32cubeide_1.7.0/stm32cubeide/plugins/com.st.stm32cube.ide.mcu.externaltools.gnu-tools-for-stm32.9-2020-q2-update.win32_2.0.0.202105311346/tools/bin/../lib/gcc/arm-none-eabi/9.3.1/../../../../arm-none-eabi/lib/thumb/v7e-m+fp/hard\libc_nano.a(lib_a-fprintf.o)
 .ARM.attributes
                0x000000000000044f       0x32 c:/st/stm32cubeide_1.7.0/stm32cubeide/plugins/com.st.stm32cube.ide.mcu.externaltools.gnu-tools-for-stm32.9-2020-q2-update.win32_2.0.0.202105311346/tools/bin/../lib/gcc/arm-none-eabi/9.3.1/../../../../arm-none-eabi/lib/thumb/v7e-m+fp/hard\libc_nano.a(lib_a-impure.o)
 .ARM.attributes
                0x0000000000000481       0x34 c:/st/stm32cubeide_1.7.0/stm32cubeide/plugins/com.st.stm32cube.ide.mcu.externaltools.gnu-tools-for-stm32.9-2020-q2-update.win32_2.0.0.202105311346/tools/bin/../lib/gcc/arm-none-eabi/9.3.1/../../../../arm-none-eabi/lib/thumb/v7e-m+fp/hard\libc_nano.a(lib_a-init.o)
 .ARM.attributes
                0x00000000000004b5       0x34 c:/st/stm32cubeide_1.7.0/stm32cubeide/plugins/com.st.stm32cube.ide.mcu.externaltools.gnu-tools-for-stm32.9-2020-q2-update.win32_2.0.0.202105311346/tools/bin/../lib/gcc/arm-none-eabi/9.3.1/../../../../arm-none-eabi/lib/thumb/v7e-m+fp/hard\libc_nano.a(lib_a-malloc.o)
 .ARM.attributes
                0x00000000000004e9       0x34 c:/st/stm32cubeide_1.7.0/stm32cubeide/plugins/com.st.stm32cube.ide.mcu.externaltools.gnu-tools-for-stm32.9-2020-q2-update.win32_2.0.0.202105311346/tools/bin/../lib/gcc/arm-none-eabi/9.3.1/../../../../arm-none-eabi/lib/thumb/v7e-m+fp/hard\libc_nano.a(lib_a-memcmp.o)
 .ARM.attributes
                0x000000000000051d       0x34 c:/st/stm32cubeide_1.7.0/stm32cubeide/plugins/com.st.stm32cube.ide.mcu.externaltools.gnu-tools-for-stm32.9-2020-q2-update.win32_2.0.0.202105311346/tools/bin/../lib/gcc/arm-none-eabi/9.3.1/../../../../arm-none-eabi/lib/thumb/v7e-m+fp/hard\libc_nano.a(lib_a-memcpy-stub.o)
 .ARM.attributes
                0x0000000000000551       0x34 c:/st/stm32cubeide_1.7.0/stm32cubeide/plugins/com.st.stm32cube.ide.mcu.externaltools.gnu-tools-for-stm32.9-2020-q2-update.win32_2.0.0.202105311346/tools/bin/../lib/gcc/arm-none-eabi/9.3.1/../../../../arm-none-eabi/lib/thumb/v7e-m+fp/hard\libc_nano.a(lib_a-memset.o)
 .ARM.attributes
                0x0000000000000585       0x34 c:/st/stm32cubeide_1.7.0/stm32cubeide/plugins/com.st.stm32cube.ide.mcu.externaltools.gnu-tools-for-stm32.9-2020-q2-update.win32_2.0.0.202105311346/tools/bin/../lib/gcc/arm-none-eabi/9.3.1/../../../../arm-none-eabi/lib/thumb/v7e-m+fp/hard\libc_nano.a(lib_a-nano-freer.o)
 .ARM.attributes
                0x00000000000005b9       0x34 c:/st/stm32cubeide_1.7.0/stm32cubeide/plugins/com.st.stm32cube.ide.mcu.externaltools.gnu-tools-for-stm32.9-2020-q2-update.win32_2.0.0.202105311346/tools/bin/../lib/gcc/arm-none-eabi/9.3.1/../../../../arm-none-eabi/lib/thumb/v7e-m+fp/hard\libc_nano.a(lib_a-nano-mallocr.o)
 .ARM.attributes
                0x00000000000005ed       0x34 c:/st/stm32cubeide_1.7.0/stm32cubeide/plugins/com.st.stm32cube.ide.mcu.externaltools.gnu-tools-for-stm32.9-2020-q2-update.win32_2.0.0.202105311346/tools/bin/../lib/gcc/arm-none-eabi/9.3.1/../../../../arm-none-eabi/lib/thumb/v7e-m+fp/hard\libc_nano.a(lib_a-nano-vfprintf.o)
 .ARM.attributes
                0x0000000000000621       0x34 c:/st/stm32cubeide_1.7.0/stm32cubeide/plugins/com.st.stm32cube.ide.mcu.externaltools.gnu-tools-for-stm32.9-2020-q2-update.win32_2.0.0.202105311346/tools/bin/../lib/gcc/arm-none-eabi/9.3.1/../../../../arm-none-eabi/lib/thumb/v7e-m+fp/hard\libc_nano.a(lib_a-nano-vfprintf_i.o)
 .ARM.attributes
                0x0000000000000655       0x34 c:/st/stm32cubeide_1.7.0/stm32cubeide/plugins/com.st.stm32cube.ide.mcu.externaltools.gnu-tools-for-stm32.9-2020-q2-update.win32_2.0.0.202105311346/tools/bin/../lib/gcc/arm-none-eabi/9.3.1/../../../../arm-none-eabi/lib/thumb/v7e-m+fp/hard\libc_nano.a(lib_a-printf.o)
 .ARM.attributes
                0x0000000000000689       0x34 c:/st/stm32cubeide_1.7.0/stm32cubeide/plugins/com.st.stm32cube.ide.mcu.externaltools.gnu-tools-for-stm32.9-2020-q2-update.win32_2.0.0.202105311346/tools/bin/../lib/gcc/arm-none-eabi/9.3.1/../../../../arm-none-eabi/lib/thumb/v7e-m+fp/hard\libc_nano.a(lib_a-sbrkr.o)
 .ARM.attributes
                0x00000000000006bd       0x34 c:/st/stm32cubeide_1.7.0/stm32cubeide/plugins/com.st.stm32cube.ide.mcu.externaltools.gnu-tools-for-stm32.9-2020-q2-update.win32_2.0.0.202105311346/tools/bin/../lib/gcc/arm-none-eabi/9.3.1/../../../../arm-none-eabi/lib/thumb/v7e-m+fp/hard\libc_nano.a(lib_a-strchr.o)
 .ARM.attributes
                0x00000000000006f1       0x34 c:/st/stm32cubeide_1.7.0/stm32cubeide/plugins/com.st.stm32cube.ide.mcu.externaltools.gnu-tools-for-stm32.9-2020-q2-update.win32_2.0.0.202105311346/tools/bin/../lib/gcc/arm-none-eabi/9.3.1/../../../../arm-none-eabi/lib/thumb/v7e-m+fp/hard\libc_nano.a(lib_a-strcspn.o)
 .ARM.attributes
                0x0000000000000725       0x17 c:/st/stm32cubeide_1.7.0/stm32cubeide/plugins/com.st.stm32cube.ide.mcu.externaltools.gnu-tools-for-stm32.9-2020-q2-update.win32_2.0.0.202105311346/tools/bin/../lib/gcc/arm-none-eabi/9.3.1/../../../../arm-none-eabi/lib/thumb/v7e-m+fp/hard\libc_nano.a(lib_a-strlen.o)
 .ARM.attributes
                0x000000000000073c       0x34 c:/st/stm32cubeide_1.7.0/stm32cubeide/plugins/com.st.stm32cube.ide.mcu.externaltools.gnu-tools-for-stm32.9-2020-q2-update.win32_2.0.0.202105311346/tools/bin/../lib/gcc/arm-none-eabi/9.3.1/../../../../arm-none-eabi/lib/thumb/v7e-m+fp/hard\libc_nano.a(lib_a-strspn.o)
 .ARM.attributes
                0x0000000000000770       0x34 c:/st/stm32cubeide_1.7.0/stm32cubeide/plugins/com.st.stm32cube.ide.mcu.externaltools.gnu-tools-for-stm32.9-2020-q2-update.win32_2.0.0.202105311346/tools/bin/../lib/gcc/arm-none-eabi/9.3.1/../../../../arm-none-eabi/lib/thumb/v7e-m+fp/hard\libc_nano.a(lib_a-wbuf.o)
 .ARM.attributes
                0x00000000000007a4       0x34 c:/st/stm32cubeide_1.7.0/stm32cubeide/plugins/com.st.stm32cube.ide.mcu.externaltools.gnu-tools-for-stm32.9-2020-q2-update.win32_2.0.0.202105311346/tools/bin/../lib/gcc/arm-none-eabi/9.3.1/../../../../arm-none-eabi/lib/thumb/v7e-m+fp/hard\libc_nano.a(lib_a-wsetup.o)
 .ARM.attributes
                0x00000000000007d8       0x34 c:/st/stm32cubeide_1.7.0/stm32cubeide/plugins/com.st.stm32cube.ide.mcu.externaltools.gnu-tools-for-stm32.9-2020-q2-update.win32_2.0.0.202105311346/tools/bin/../lib/gcc/arm-none-eabi/9.3.1/../../../../arm-none-eabi/lib/thumb/v7e-m+fp/hard\libc_nano.a(lib_a-abort.o)
 .ARM.attributes
                0x000000000000080c       0x34 c:/st/stm32cubeide_1.7.0/stm32cubeide/plugins/com.st.stm32cube.ide.mcu.externaltools.gnu-tools-for-stm32.9-2020-q2-update.win32_2.0.0.202105311346/tools/bin/../lib/gcc/arm-none-eabi/9.3.1/../../../../arm-none-eabi/lib/thumb/v7e-m+fp/hard\libc_nano.a(lib_a-fflush.o)
 .ARM.attributes
                0x0000000000000840       0x34 c:/st/stm32cubeide_1.7.0/stm32cubeide/plugins/com.st.stm32cube.ide.mcu.externaltools.gnu-tools-for-stm32.9-2020-q2-update.win32_2.0.0.202105311346/tools/bin/../lib/gcc/arm-none-eabi/9.3.1/../../../../arm-none-eabi/lib/thumb/v7e-m+fp/hard\libc_nano.a(lib_a-findfp.o)
 .ARM.attributes
                0x0000000000000874       0x34 c:/st/stm32cubeide_1.7.0/stm32cubeide/plugins/com.st.stm32cube.ide.mcu.externaltools.gnu-tools-for-stm32.9-2020-q2-update.win32_2.0.0.202105311346/tools/bin/../lib/gcc/arm-none-eabi/9.3.1/../../../../arm-none-eabi/lib/thumb/v7e-m+fp/hard\libc_nano.a(lib_a-fwalk.o)
 .ARM.attributes
                0x00000000000008a8       0x34 c:/st/stm32cubeide_1.7.0/stm32cubeide/plugins/com.st.stm32cube.ide.mcu.externaltools.gnu-tools-for-stm32.9-2020-q2-update.win32_2.0.0.202105311346/tools/bin/../lib/gcc/arm-none-eabi/9.3.1/../../../../arm-none-eabi/lib/thumb/v7e-m+fp/hard\libc_nano.a(lib_a-lock.o)
 .ARM.attributes
                0x00000000000008dc       0x34 c:/st/stm32cubeide_1.7.0/stm32cubeide/plugins/com.st.stm32cube.ide.mcu.externaltools.gnu-tools-for-stm32.9-2020-q2-update.win32_2.0.0.202105311346/tools/bin/../lib/gcc/arm-none-eabi/9.3.1/../../../../arm-none-eabi/lib/thumb/v7e-m+fp/hard\libc_nano.a(lib_a-makebuf.o)
 .ARM.attributes
                0x0000000000000910       0x1c c:/st/stm32cubeide_1.7.0/stm32cubeide/plugins/com.st.stm32cube.ide.mcu.externaltools.gnu-tools-for-stm32.9-2020-q2-update.win32_2.0.0.202105311346/tools/bin/../lib/gcc/arm-none-eabi/9.3.1/../../../../arm-none-eabi/lib/thumb/v7e-m+fp/hard\libc_nano.a(lib_a-memchr.o)
 .ARM.attributes
                0x000000000000092c       0x34 c:/st/stm32cubeide_1.7.0/stm32cubeide/plugins/com.st.stm32cube.ide.mcu.externaltools.gnu-tools-for-stm32.9-2020-q2-update.win32_2.0.0.202105311346/tools/bin/../lib/gcc/arm-none-eabi/9.3.1/../../../../arm-none-eabi/lib/thumb/v7e-m+fp/hard\libc_nano.a(lib_a-mlock.o)
 .ARM.attributes
                0x0000000000000960       0x34 c:/st/stm32cubeide_1.7.0/stm32cubeide/plugins/com.st.stm32cube.ide.mcu.externaltools.gnu-tools-for-stm32.9-2020-q2-update.win32_2.0.0.202105311346/tools/bin/../lib/gcc/arm-none-eabi/9.3.1/../../../../arm-none-eabi/lib/thumb/v7e-m+fp/hard\libc_nano.a(lib_a-reent.o)
 .ARM.attributes
                0x0000000000000994       0x34 c:/st/stm32cubeide_1.7.0/stm32cubeide/plugins/com.st.stm32cube.ide.mcu.externaltools.gnu-tools-for-stm32.9-2020-q2-update.win32_2.0.0.202105311346/tools/bin/../lib/gcc/arm-none-eabi/9.3.1/../../../../arm-none-eabi/lib/thumb/v7e-m+fp/hard\libc_nano.a(lib_a-signal.o)
 .ARM.attributes
                0x00000000000009c8       0x34 c:/st/stm32cubeide_1.7.0/stm32cubeide/plugins/com.st.stm32cube.ide.mcu.externaltools.gnu-tools-for-stm32.9-2020-q2-update.win32_2.0.0.202105311346/tools/bin/../lib/gcc/arm-none-eabi/9.3.1/../../../../arm-none-eabi/lib/thumb/v7e-m+fp/hard\libc_nano.a(lib_a-signalr.o)
 .ARM.attributes
                0x00000000000009fc       0x34 c:/st/stm32cubeide_1.7.0/stm32cubeide/plugins/com.st.stm32cube.ide.mcu.externaltools.gnu-tools-for-stm32.9-2020-q2-update.win32_2.0.0.202105311346/tools/bin/../lib/gcc/arm-none-eabi/9.3.1/../../../../arm-none-eabi/lib/thumb/v7e-m+fp/hard\libc_nano.a(lib_a-stdio.o)
 .ARM.attributes
                0x0000000000000a30       0x34 c:/st/stm32cubeide_1.7.0/stm32cubeide/plugins/com.st.stm32cube.ide.mcu.externaltools.gnu-tools-for-stm32.9-2020-q2-update.win32_2.0.0.202105311346/tools/bin/../lib/gcc/arm-none-eabi/9.3.1/../../../../arm-none-eabi/lib/thumb/v7e-m+fp/hard\libc_nano.a(lib_a-writer.o)
 .ARM.attributes
                0x0000000000000a64       0x34 c:/st/stm32cubeide_1.7.0/stm32cubeide/plugins/com.st.stm32cube.ide.mcu.externaltools.gnu-tools-for-stm32.9-2020-q2-update.win32_2.0.0.202105311346/tools/bin/../lib/gcc/arm-none-eabi/9.3.1/../../../../arm-none-eabi/lib/thumb/v7e-m+fp/hard\libc_nano.a(lib_a-closer.o)
 .ARM.attributes
                0x0000000000000a98       0x34 c:/st/stm32cubeide_1.7.0/stm32cubeide/plugins/com.st.stm32cube.ide.mcu.externaltools.gnu-tools-for-stm32.9-2020-q2-update.win32_2.0.0.202105311346/tools/bin/../lib/gcc/arm-none-eabi/9.3.1/../../../../arm-none-eabi/lib/thumb/v7e-m+fp/hard\libc_nano.a(lib_a-fstatr.o)
 .ARM.attributes
                0x0000000000000acc       0x34 c:/st/stm32cubeide_1.7.0/stm32cubeide/plugins/com.st.stm32cube.ide.mcu.externaltools.gnu-tools-for-stm32.9-2020-q2-update.win32_2.0.0.202105311346/tools/bin/../lib/gcc/arm-none-eabi/9.3.1/../../../../arm-none-eabi/lib/thumb/v7e-m+fp/hard\libc_nano.a(lib_a-isattyr.o)
 .ARM.attributes
                0x0000000000000b00       0x34 c:/st/stm32cubeide_1.7.0/stm32cubeide/plugins/com.st.stm32cube.ide.mcu.externaltools.gnu-tools-for-stm32.9-2020-q2-update.win32_2.0.0.202105311346/tools/bin/../lib/gcc/arm-none-eabi/9.3.1/../../../../arm-none-eabi/lib/thumb/v7e-m+fp/hard\libc_nano.a(lib_a-lseekr.o)
 .ARM.attributes
                0x0000000000000b34       0x34 c:/st/stm32cubeide_1.7.0/stm32cubeide/plugins/com.st.stm32cube.ide.mcu.externaltools.gnu-tools-for-stm32.9-2020-q2-update.win32_2.0.0.202105311346/tools/bin/../lib/gcc/arm-none-eabi/9.3.1/../../../../arm-none-eabi/lib/thumb/v7e-m+fp/hard\libc_nano.a(lib_a-readr.o)
 .ARM.attributes
                0x0000000000000b68       0x1e c:/st/stm32cubeide_1.7.0/stm32cubeide/plugins/com.st.stm32cube.ide.mcu.externaltools.gnu-tools-for-stm32.9-2020-q2-update.win32_2.0.0.202105311346/tools/bin/../lib/gcc/arm-none-eabi/9.3.1/thumb/v7e-m+fp/hard\libgcc.a(_aeabi_uldivmod.o)
 .ARM.attributes
                0x0000000000000b86       0x34 c:/st/stm32cubeide_1.7.0/stm32cubeide/plugins/com.st.stm32cube.ide.mcu.externaltools.gnu-tools-for-stm32.9-2020-q2-update.win32_2.0.0.202105311346/tools/bin/../lib/gcc/arm-none-eabi/9.3.1/thumb/v7e-m+fp/hard\libgcc.a(_popcountsi2.o)
 .ARM.attributes
                0x0000000000000bba       0x34 c:/st/stm32cubeide_1.7.0/stm32cubeide/plugins/com.st.stm32cube.ide.mcu.externaltools.gnu-tools-for-stm32.9-2020-q2-update.win32_2.0.0.202105311346/tools/bin/../lib/gcc/arm-none-eabi/9.3.1/thumb/v7e-m+fp/hard\libgcc.a(_udivmoddi4.o)
 .ARM.attributes
                0x0000000000000bee       0x1e c:/st/stm32cubeide_1.7.0/stm32cubeide/plugins/com.st.stm32cube.ide.mcu.externaltools.gnu-tools-for-stm32.9-2020-q2-update.win32_2.0.0.202105311346/tools/bin/../lib/gcc/arm-none-eabi/9.3.1/thumb/v7e-m+fp/hard\libgcc.a(_dvmd_tls.o)
 .ARM.attributes
                0x0000000000000c0c       0x1e c:/st/stm32cubeide_1.7.0/stm32cubeide/plugins/com.st.stm32cube.ide.mcu.externaltools.gnu-tools-for-stm32.9-2020-q2-update.win32_2.0.0.202105311346/tools/bin/../lib/gcc/arm-none-eabi/9.3.1/thumb/v7e-m+fp/hard/crtn.o
OUTPUT(Flash.elf elf32-littlearm)
LOAD linker stubs