12:26:23 **** Incremental Build of configuration Debug for project RM3100QUAD ****
make -j8 all 
arm-none-eabi-gcc "../Core/Src/main.c" -mcpu=cortex-m3 -std=gnu11 -g3 -DDEBUG -DUSE_HAL_DRIVER -DSTM32F103xB -c -I../Core/Inc -I../Drivers/STM32F1xx_HAL_Driver/Inc -I../Drivers/STM32F1xx_HAL_Driver/Inc/Legacy -I../Drivers/CMSIS/Device/ST/STM32F1xx/Include -I../Drivers/CMSIS/Include -O0 -ffunction-sections -fdata-sections -Wall -fstack-usage -MMD -MP -MF"Core/Src/main.d" -MT"Core/Src/main.o" --specs=nano.specs -mfloat-abi=soft -mthumb -o "Core/Src/main.o"
../Core/Src/main.c: In function 'read_file_from_littlefs':
../Core/Src/main.c:103:32: warning: pointer targets in passing argument 2 of 'HAL_UART_Transmit' differ in signedness [-Wpointer-sign]
  103 |     HAL_UART_Transmit(&huart2, filename,sizeof(filename),1000);
      |                                ^~~~~~~~
      |                                |
      |                                const char *
In file included from ../Core/Inc/stm32f1xx_hal_conf.h:337,
                 from ../Drivers/STM32F1xx_HAL_Driver/Inc/stm32f1xx_hal.h:29,
                 from ../Core/Inc/main.h:31,
                 from ../Core/Src/main.c:21:
../Drivers/STM32F1xx_HAL_Driver/Inc/stm32f1xx_hal_uart.h:749:79: note: expected 'const uint8_t *' {aka 'const unsigned char *'} but argument is of type 'const char *'
  749 | HAL_StatusTypeDef HAL_UART_Transmit(UART_HandleTypeDef *huart, const uint8_t *pData, uint16_t Size, uint32_t Timeout);
      |                                                                ~~~~~~~~~~~~~~~^~~~~
../Core/Src/main.c:134:36: warning: passing argument 2 of 'HAL_UART_Transmit' from incompatible pointer type [-Wincompatible-pointer-types]
  134 |         HAL_UART_Transmit(&huart2, buffer, (int)bytes_read,1000);
      |                                    ^~~~~~
      |                                    |
      |                                    float *
In file included from ../Core/Inc/stm32f1xx_hal_conf.h:337,
                 from ../Drivers/STM32F1xx_HAL_Driver/Inc/stm32f1xx_hal.h:29,
                 from ../Core/Inc/main.h:31,
                 from ../Core/Src/main.c:21:
../Drivers/STM32F1xx_HAL_Driver/Inc/stm32f1xx_hal_uart.h:749:79: note: expected 'const uint8_t *' {aka 'const unsigned char *'} but argument is of type 'float *'
  749 | HAL_StatusTypeDef HAL_UART_Transmit(UART_HandleTypeDef *huart, const uint8_t *pData, uint16_t Size, uint32_t Timeout);
      |                                                                ~~~~~~~~~~~~~~~^~~~~
../Core/Src/main.c:142:40: warning: format '%s' expects argument of type 'char *', but argument 4 has type 'float *' [-Wformat=]
  142 |         printf("File Content (%s):\n%.*s\n", filename, (int)bytes_read, buffer);
      |                                     ~~~^                                ~~~~~~
      |                                        |                                |
      |                                        char *                           float *
../Core/Src/main.c:132:11: warning: variable 'x' set but not used [-Wunused-but-set-variable]
  132 |      char x;
      |           ^
../Core/Src/main.c: In function 'list_files':
../Core/Src/main.c:267:21: warning: pointer targets in passing argument 1 of 'sprintf' differ in signedness [-Wpointer-sign]
  267 |             sprintf(dir,"File: %s\n\0", info.name);
      |                     ^~~
      |                     |
      |                     uint8_t * {aka unsigned char *}
In file included from ../Core/Inc/lfs_util.h:39,
                 from ../Core/Src/main.c:26:
c:\st\stm32cubeide_1.7.0\stm32cubeide\plugins\com.st.stm32cube.ide.mcu.externaltools.gnu-tools-for-stm32.9-2020-q2-update.win32_2.0.0.202105311346\tools\arm-none-eabi\include\stdio.h:244:14: note: expected 'char * restrict' but argument is of type 'uint8_t *' {aka 'unsigned char *'}
  244 | int sprintf (char *__restrict, const char *__restrict, ...)
      |              ^
../Core/Src/main.c:267:36: warning: embedded '\0' in format [-Wformat-contains-nul]
  267 |             sprintf(dir,"File: %s\n\0", info.name);
      |                                    ^~
../Core/Src/main.c:268:52: warning: pointer targets in passing argument 1 of 'strlen' differ in signedness [-Wpointer-sign]
  268 |             HAL_UART_Transmit(&huart2, dir, strlen(dir),1000);
      |                                                    ^~~
      |                                                    |
      |                                                    uint8_t * {aka unsigned char *}
In file included from ../Core/Inc/lfs_util.h:26,
                 from ../Core/Src/main.c:26:
c:\st\stm32cubeide_1.7.0\stm32cubeide\plugins\com.st.stm32cube.ide.mcu.externaltools.gnu-tools-for-stm32.9-2020-q2-update.win32_2.0.0.202105311346\tools\arm-none-eabi\include\string.h:41:17: note: expected 'const char *' but argument is of type 'uint8_t *' {aka 'unsigned char *'}
   41 | size_t  strlen (const char *);
      |                 ^~~~~~~~~~~~
../Core/Src/main.c:270:18: warning: pointer targets in passing argument 1 of 'sprintf' differ in signedness [-Wpointer-sign]
  270 |          sprintf(dir,"Directory: %s\n\0", info.name);
      |                  ^~~
      |                  |
      |                  uint8_t * {aka unsigned char *}
In file included from ../Core/Inc/lfs_util.h:39,
                 from ../Core/Src/main.c:26:
c:\st\stm32cubeide_1.7.0\stm32cubeide\plugins\com.st.stm32cube.ide.mcu.externaltools.gnu-tools-for-stm32.9-2020-q2-update.win32_2.0.0.202105311346\tools\arm-none-eabi\include\stdio.h:244:14: note: expected 'char * restrict' but argument is of type 'uint8_t *' {aka 'unsigned char *'}
  244 | int sprintf (char *__restrict, const char *__restrict, ...)
      |              ^
../Core/Src/main.c:270:38: warning: embedded '\0' in format [-Wformat-contains-nul]
  270 |          sprintf(dir,"Directory: %s\n\0", info.name);
      |                                      ^~
../Core/Src/main.c:272:52: warning: pointer targets in passing argument 1 of 'strlen' differ in signedness [-Wpointer-sign]
  272 |             HAL_UART_Transmit(&huart2, dir, strlen(dir),1000);
      |                                                    ^~~
      |                                                    |
      |                                                    uint8_t * {aka unsigned char *}
In file included from ../Core/Inc/lfs_util.h:26,
                 from ../Core/Src/main.c:26:
c:\st\stm32cubeide_1.7.0\stm32cubeide\plugins\com.st.stm32cube.ide.mcu.externaltools.gnu-tools-for-stm32.9-2020-q2-update.win32_2.0.0.202105311346\tools\arm-none-eabi\include\string.h:41:17: note: expected 'const char *' but argument is of type 'uint8_t *' {aka 'unsigned char *'}
   41 | size_t  strlen (const char *);
      |                 ^~~~~~~~~~~~
../Core/Src/main.c: In function 'list_files_with_size':
../Core/Src/main.c:368:40: warning: pointer targets in passing argument 2 of 'HAL_UART_Transmit' differ in signedness [-Wpointer-sign]
  368 |             HAL_UART_Transmit(&huart2, pa, strlen(pa),1000);
      |                                        ^~
      |                                        |
      |                                        char *
In file included from ../Core/Inc/stm32f1xx_hal_conf.h:337,
                 from ../Drivers/STM32F1xx_HAL_Driver/Inc/stm32f1xx_hal.h:29,
                 from ../Core/Inc/main.h:31,
                 from ../Core/Src/main.c:21:
../Drivers/STM32F1xx_HAL_Driver/Inc/stm32f1xx_hal_uart.h:749:79: note: expected 'const uint8_t *' {aka 'const unsigned char *'} but argument is of type 'char *'
  749 | HAL_StatusTypeDef HAL_UART_Transmit(UART_HandleTypeDef *huart, const uint8_t *pData, uint16_t Size, uint32_t Timeout);
      |                                                                ~~~~~~~~~~~~~~~^~~~~
../Core/Src/main.c:371:40: warning: pointer targets in passing argument 2 of 'HAL_UART_Transmit' differ in signedness [-Wpointer-sign]
  371 |             HAL_UART_Transmit(&huart2, pa, strlen(pa),1000);
      |                                        ^~
      |                                        |
      |                                        char *
In file included from ../Core/Inc/stm32f1xx_hal_conf.h:337,
                 from ../Drivers/STM32F1xx_HAL_Driver/Inc/stm32f1xx_hal.h:29,
                 from ../Core/Inc/main.h:31,
                 from ../Core/Src/main.c:21:
../Drivers/STM32F1xx_HAL_Driver/Inc/stm32f1xx_hal_uart.h:749:79: note: expected 'const uint8_t *' {aka 'const unsigned char *'} but argument is of type 'char *'
  749 | HAL_StatusTypeDef HAL_UART_Transmit(UART_HandleTypeDef *huart, const uint8_t *pData, uint16_t Size, uint32_t Timeout);
      |                                                                ~~~~~~~~~~~~~~~^~~~~
../Core/Src/main.c: In function 'main':
../Core/Src/main.c:445:29: warning: pointer targets in passing argument 2 of 'HAL_UART_Transmit' differ in signedness [-Wpointer-sign]
  445 |   HAL_UART_Transmit(&huart2,"EPDM is starting *********\n", sizeof("EPDM is starting *********\n"),1000);
      |                             ^~~~~~~~~~~~~~~~~~~~~~~~~~~~~~
      |                             |
      |                             char *
In file included from ../Core/Inc/stm32f1xx_hal_conf.h:337,
                 from ../Drivers/STM32F1xx_HAL_Driver/Inc/stm32f1xx_hal.h:29,
                 from ../Core/Inc/main.h:31,
                 from ../Core/Src/main.c:21:
../Drivers/STM32F1xx_HAL_Driver/Inc/stm32f1xx_hal_uart.h:749:79: note: expected 'const uint8_t *' {aka 'const unsigned char *'} but argument is of type 'char *'
  749 | HAL_StatusTypeDef HAL_UART_Transmit(UART_HandleTypeDef *huart, const uint8_t *pData, uint16_t Size, uint32_t Timeout);
      |                                                                ~~~~~~~~~~~~~~~^~~~~
../Core/Src/main.c:447:29: warning: pointer targets in passing argument 2 of 'HAL_UART_Transmit' differ in signedness [-Wpointer-sign]
  447 |   HAL_UART_Transmit(&huart2,"Chip erase starting....\n", sizeof("Chip erase starting....\n"),1000);
      |                             ^~~~~~~~~~~~~~~~~~~~~~~~~~~
      |                             |
      |                             char *
In file included from ../Core/Inc/stm32f1xx_hal_conf.h:337,
                 from ../Drivers/STM32F1xx_HAL_Driver/Inc/stm32f1xx_hal.h:29,
                 from ../Core/Inc/main.h:31,
                 from ../Core/Src/main.c:21:
../Drivers/STM32F1xx_HAL_Driver/Inc/stm32f1xx_hal_uart.h:749:79: note: expected 'const uint8_t *' {aka 'const unsigned char *'} but argument is of type 'char *'
  749 | HAL_StatusTypeDef HAL_UART_Transmit(UART_HandleTypeDef *huart, const uint8_t *pData, uint16_t Size, uint32_t Timeout);
      |                                                                ~~~~~~~~~~~~~~~^~~~~
../Core/Src/main.c:450:29: warning: pointer targets in passing argument 2 of 'HAL_UART_Transmit' differ in signedness [-Wpointer-sign]
  450 |   HAL_UART_Transmit(&huart2,"Chip erase ending....\n", sizeof("Chip erase ending....\n"),1000);
      |                             ^~~~~~~~~~~~~~~~~~~~~~~~~
      |                             |
      |                             char *
In file included from ../Core/Inc/stm32f1xx_hal_conf.h:337,
                 from ../Drivers/STM32F1xx_HAL_Driver/Inc/stm32f1xx_hal.h:29,
                 from ../Core/Inc/main.h:31,
                 from ../Core/Src/main.c:21:
../Drivers/STM32F1xx_HAL_Driver/Inc/stm32f1xx_hal_uart.h:749:79: note: expected 'const uint8_t *' {aka 'const unsigned char *'} but argument is of type 'char *'
  749 | HAL_StatusTypeDef HAL_UART_Transmit(UART_HandleTypeDef *huart, const uint8_t *pData, uint16_t Size, uint32_t Timeout);
      |                                                                ~~~~~~~~~~~~~~~^~~~~
../Core/Src/main.c:451:29: warning: pointer targets in passing argument 2 of 'HAL_UART_Transmit' differ in signedness [-Wpointer-sign]
  451 |   HAL_UART_Transmit(&huart2,"Chip erase ending....\n", sizeof("Chip erase ending....\n"),1000);
      |                             ^~~~~~~~~~~~~~~~~~~~~~~~~
      |                             |
      |                             char *
In file included from ../Core/Inc/stm32f1xx_hal_conf.h:337,
                 from ../Drivers/STM32F1xx_HAL_Driver/Inc/stm32f1xx_hal.h:29,
                 from ../Core/Inc/main.h:31,
                 from ../Core/Src/main.c:21:
../Drivers/STM32F1xx_HAL_Driver/Inc/stm32f1xx_hal_uart.h:749:79: note: expected 'const uint8_t *' {aka 'const unsigned char *'} but argument is of type 'char *'
  749 | HAL_StatusTypeDef HAL_UART_Transmit(UART_HandleTypeDef *huart, const uint8_t *pData, uint16_t Size, uint32_t Timeout);
      |                                                                ~~~~~~~~~~~~~~~^~~~~
../Core/Src/main.c: In function 'list_files':
../Core/Src/main.c:270:34: warning: '%s' directive writing up to 255 bytes into a region of size 89 [-Wformat-overflow=]
  270 |          sprintf(dir,"Directory: %s\n\0", info.name);
      |                                  ^~       ~~~~~~~~~
../Core/Src/main.c:270:10: note: 'sprintf' output between 13 and 268 bytes into a destination of size 100
  270 |          sprintf(dir,"Directory: %s\n\0", info.name);
      |          ^~~~~~~~~~~~~~~~~~~~~~~~~~~~~~~~~~~~~~~~~~~
../Core/Src/main.c:267:32: warning: '%s' directive writing up to 255 bytes into a region of size 94 [-Wformat-overflow=]
  267 |             sprintf(dir,"File: %s\n\0", info.name);
      |                                ^~       ~~~~~~~~~
../Core/Src/main.c:267:13: note: 'sprintf' output between 8 and 263 bytes into a destination of size 100
  267 |             sprintf(dir,"File: %s\n\0", info.name);
      |             ^~~~~~~~~~~~~~~~~~~~~~~~~~~~~~~~~~~~~~
../Core/Src/main.c: In function 'list_files_with_size':
../Core/Src/main.c:363:54: warning: 'snprintf' output may be truncated before the last format character [-Wformat-truncation=]
  363 |         snprintf(full_path, sizeof(full_path), "%s/%s", path, info.name);
      |                                                      ^
../Core/Src/main.c:363:9: note: 'snprintf' output 2 or more bytes (assuming 257) into a destination of size 256
  363 |         snprintf(full_path, sizeof(full_path), "%s/%s", path, info.name);
      |         ^~~~~~~~~~~~~~~~~~~~~~~~~~~~~~~~~~~~~~~~~~~~~~~~~~~~~~~~~~~~~~~~
arm-none-eabi-gcc -o "RM3100QUAD.elf" @"objects.list"   -mcpu=cortex-m3 -T"C:\Users\ASUS\STM32CubeIDE\workspace_1.7.0\RM3100QUAD\STM32F103C8TX_FLASH.ld" --specs=nosys.specs -Wl,-Map="RM3100QUAD.map" -Wl,--gc-sections -static --specs=nano.specs -mfloat-abi=soft -mthumb -u _printf_float -u _scanf_float -Wl,--start-group -lc -lm -Wl,--end-group
Finished building target: RM3100QUAD.elf
 
arm-none-eabi-size   RM3100QUAD.elf 
arm-none-eabi-objdump -h -S  RM3100QUAD.elf  > "RM3100QUAD.list"
arm-none-eabi-objcopy  -O binary  RM3100QUAD.elf  "RM3100QUAD.bin"
   text	   data	    bss	    dec	    hex	filename
  71492	    488	   2976	  74956	  124cc	RM3100QUAD.elf
Finished building: default.size.stdout
 
Finished building: RM3100QUAD.bin
 
Finished building: RM3100QUAD.list
 

12:26:24 Build Finished. 0 errors, 19 warnings. (took 1s.553ms)

